Archive member included because of file (symbol)

/Applications/axoloti_runtime/platform_osx/bin/../lib/gcc/arm-none-eabi/4.9.3/../../../../arm-none-eabi/lib/armv7e-m/fpu/libm.a(lib_a-sf_cos.o)
                              build/obj/axoloti_math.o (cosf)
/Applications/axoloti_runtime/platform_osx/bin/../lib/gcc/arm-none-eabi/4.9.3/../../../../arm-none-eabi/lib/armv7e-m/fpu/libm.a(lib_a-sf_sin.o)
                              build/obj/axoloti_math.o (sinf)
/Applications/axoloti_runtime/platform_osx/bin/../lib/gcc/arm-none-eabi/4.9.3/../../../../arm-none-eabi/lib/armv7e-m/fpu/libm.a(lib_a-w_log.o)
                              build/obj/axoloti_math.o (log)
/Applications/axoloti_runtime/platform_osx/bin/../lib/gcc/arm-none-eabi/4.9.3/../../../../arm-none-eabi/lib/armv7e-m/fpu/libm.a(lib_a-w_pow.o)
                              build/obj/axoloti_math.o (pow)
/Applications/axoloti_runtime/platform_osx/bin/../lib/gcc/arm-none-eabi/4.9.3/../../../../arm-none-eabi/lib/armv7e-m/fpu/libm.a(lib_a-wf_pow.o)
                              build/obj/axoloti_math.o (powf)
/Applications/axoloti_runtime/platform_osx/bin/../lib/gcc/arm-none-eabi/4.9.3/../../../../arm-none-eabi/lib/armv7e-m/fpu/libm.a(lib_a-e_log.o)
                              /Applications/axoloti_runtime/platform_osx/bin/../lib/gcc/arm-none-eabi/4.9.3/../../../../arm-none-eabi/lib/armv7e-m/fpu/libm.a(lib_a-w_log.o) (__ieee754_log)
/Applications/axoloti_runtime/platform_osx/bin/../lib/gcc/arm-none-eabi/4.9.3/../../../../arm-none-eabi/lib/armv7e-m/fpu/libm.a(lib_a-e_pow.o)
                              /Applications/axoloti_runtime/platform_osx/bin/../lib/gcc/arm-none-eabi/4.9.3/../../../../arm-none-eabi/lib/armv7e-m/fpu/libm.a(lib_a-w_pow.o) (__ieee754_pow)
/Applications/axoloti_runtime/platform_osx/bin/../lib/gcc/arm-none-eabi/4.9.3/../../../../arm-none-eabi/lib/armv7e-m/fpu/libm.a(lib_a-e_sqrt.o)
                              /Applications/axoloti_runtime/platform_osx/bin/../lib/gcc/arm-none-eabi/4.9.3/../../../../arm-none-eabi/lib/armv7e-m/fpu/libm.a(lib_a-e_pow.o) (__ieee754_sqrt)
/Applications/axoloti_runtime/platform_osx/bin/../lib/gcc/arm-none-eabi/4.9.3/../../../../arm-none-eabi/lib/armv7e-m/fpu/libm.a(lib_a-ef_pow.o)
                              /Applications/axoloti_runtime/platform_osx/bin/../lib/gcc/arm-none-eabi/4.9.3/../../../../arm-none-eabi/lib/armv7e-m/fpu/libm.a(lib_a-wf_pow.o) (__ieee754_powf)
/Applications/axoloti_runtime/platform_osx/bin/../lib/gcc/arm-none-eabi/4.9.3/../../../../arm-none-eabi/lib/armv7e-m/fpu/libm.a(lib_a-ef_rem_pio2.o)
                              /Applications/axoloti_runtime/platform_osx/bin/../lib/gcc/arm-none-eabi/4.9.3/../../../../arm-none-eabi/lib/armv7e-m/fpu/libm.a(lib_a-sf_cos.o) (__ieee754_rem_pio2f)
/Applications/axoloti_runtime/platform_osx/bin/../lib/gcc/arm-none-eabi/4.9.3/../../../../arm-none-eabi/lib/armv7e-m/fpu/libm.a(lib_a-ef_sqrt.o)
                              /Applications/axoloti_runtime/platform_osx/bin/../lib/gcc/arm-none-eabi/4.9.3/../../../../arm-none-eabi/lib/armv7e-m/fpu/libm.a(lib_a-ef_pow.o) (__ieee754_sqrtf)
/Applications/axoloti_runtime/platform_osx/bin/../lib/gcc/arm-none-eabi/4.9.3/../../../../arm-none-eabi/lib/armv7e-m/fpu/libm.a(lib_a-kf_cos.o)
                              /Applications/axoloti_runtime/platform_osx/bin/../lib/gcc/arm-none-eabi/4.9.3/../../../../arm-none-eabi/lib/armv7e-m/fpu/libm.a(lib_a-sf_cos.o) (__kernel_cosf)
/Applications/axoloti_runtime/platform_osx/bin/../lib/gcc/arm-none-eabi/4.9.3/../../../../arm-none-eabi/lib/armv7e-m/fpu/libm.a(lib_a-kf_rem_pio2.o)
                              /Applications/axoloti_runtime/platform_osx/bin/../lib/gcc/arm-none-eabi/4.9.3/../../../../arm-none-eabi/lib/armv7e-m/fpu/libm.a(lib_a-ef_rem_pio2.o) (__kernel_rem_pio2f)
/Applications/axoloti_runtime/platform_osx/bin/../lib/gcc/arm-none-eabi/4.9.3/../../../../arm-none-eabi/lib/armv7e-m/fpu/libm.a(lib_a-kf_sin.o)
                              /Applications/axoloti_runtime/platform_osx/bin/../lib/gcc/arm-none-eabi/4.9.3/../../../../arm-none-eabi/lib/armv7e-m/fpu/libm.a(lib_a-sf_cos.o) (__kernel_sinf)
/Applications/axoloti_runtime/platform_osx/bin/../lib/gcc/arm-none-eabi/4.9.3/../../../../arm-none-eabi/lib/armv7e-m/fpu/libm.a(lib_a-s_fabs.o)
                              /Applications/axoloti_runtime/platform_osx/bin/../lib/gcc/arm-none-eabi/4.9.3/../../../../arm-none-eabi/lib/armv7e-m/fpu/libm.a(lib_a-e_pow.o) (fabs)
/Applications/axoloti_runtime/platform_osx/bin/../lib/gcc/arm-none-eabi/4.9.3/../../../../arm-none-eabi/lib/armv7e-m/fpu/libm.a(lib_a-s_finite.o)
                              /Applications/axoloti_runtime/platform_osx/bin/../lib/gcc/arm-none-eabi/4.9.3/../../../../arm-none-eabi/lib/armv7e-m/fpu/libm.a(lib_a-w_pow.o) (finite)
/Applications/axoloti_runtime/platform_osx/bin/../lib/gcc/arm-none-eabi/4.9.3/../../../../arm-none-eabi/lib/armv7e-m/fpu/libm.a(lib_a-s_fpclassify.o)
[...]
Memory Configuration

Name             Origin             Length             Attributes
flash            0x0000000008000000 0x00000000000e0000 xr
ram              0x0000000020000200 0x000000000000ae00
SRAM2            0x000000002001e000 0x0000000000002000
CCMRAMEND        0x000000001000c000 0x0000000000002800
sdram            0x00000000c0000000 0x0000000000400000
*default*        0x0000000000000000 0xffffffffffffffff

Linker script and memory map

LOAD build/obj/arm_bitreversal2.o
LOAD build/obj/crt0.o
LOAD build/obj/vectors.o
LOAD build/obj/chcore.o
LOAD build/obj/chcore_v7m.o
LOAD build/obj/nvic.o
LOAD build/obj/chsys.o
LOAD build/obj/chdebug.o
LOAD build/obj/chlists.o
LOAD build/obj/chvt.o
LOAD build/obj/chschd.o
LOAD build/obj/chthreads.o
LOAD build/obj/chdynamic.o
LOAD build/obj/chregistry.o
LOAD build/obj/chsem.o
LOAD build/obj/chmtx.o
LOAD build/obj/chcond.o
LOAD build/obj/chevents.o
LOAD build/obj/chmsg.o
LOAD build/obj/chmboxes.o
LOAD build/obj/chqueues.o
LOAD build/obj/chmemcore.o
LOAD build/obj/chheap.o
LOAD build/obj/chmempools.o
LOAD build/obj/hal.o
LOAD build/obj/adc.o
LOAD build/obj/can.o
LOAD build/obj/ext.o
LOAD build/obj/gpt.o
LOAD build/obj/i2c.o
LOAD build/obj/icu.o
LOAD build/obj/mac.o
LOAD build/obj/mmc_spi.o
LOAD build/obj/mmcsd.o
LOAD build/obj/pal.o
LOAD build/obj/pwm.o
LOAD build/obj/rtc.o
LOAD build/obj/sdc.o
LOAD build/obj/serial.o
LOAD build/obj/serial_usb.o
LOAD build/obj/spi.o
LOAD build/obj/tm.o
LOAD build/obj/uart.o
LOAD build/obj/usb.o
LOAD build/obj/stm32_dma.o
LOAD build/obj/hal_lld.o
LOAD build/obj/adc_lld.o
LOAD build/obj/ext_lld_isr.o
LOAD build/obj/can_lld.o
LOAD build/obj/ext_lld.o
LOAD build/obj/mac_lld.o
LOAD build/obj/sdc_lld.o
LOAD build/obj/pal_lld.o
LOAD build/obj/i2c_lld.o
LOAD build/obj/usb_lld.o
LOAD build/obj/rtc_lld.o
LOAD build/obj/spi_lld.o
LOAD build/obj/gpt_lld.o
LOAD build/obj/icu_lld.o
LOAD build/obj/pwm_lld.o
LOAD build/obj/serial_lld.o
LOAD build/obj/uart_lld.o
LOAD build/obj/board.o
LOAD build/obj/fatfs_diskio.o
LOAD build/obj/fatfs_syscall.o
LOAD build/obj/ff.o
LOAD build/obj/ccsbcs.o
LOAD build/obj/chprintf.o
LOAD build/obj/memstreams.o
LOAD build/obj/axoloti_control.o
LOAD build/obj/codec.o
LOAD build/obj/axoloti.o
LOAD build/obj/axoloti_filters.o
LOAD build/obj/axoloti_math.o
LOAD build/obj/axoloti_oscs.o
LOAD build/obj/axoloti_board.o
LOAD build/obj/midi.o
LOAD build/obj/ui.o
LOAD build/obj/glcdfont.o
LOAD build/obj/usbcfg.o
LOAD build/obj/sdcard.o
LOAD build/obj/pconnection.o
LOAD build/obj/parameters.o
LOAD build/obj/main.o
LOAD build/obj/patch.o
LOAD build/obj/flash.o
LOAD build/obj/virtual_control.o
LOAD build/obj/arm_bitreversal.o
LOAD build/obj/arm_cfft_f32.o
LOAD build/obj/arm_cfft_q15.o
LOAD build/obj/arm_cfft_q31.o
LOAD build/obj/arm_cfft_radix2_f32.o
LOAD build/obj/arm_cfft_radix2_init_f32.o
LOAD build/obj/arm_cfft_radix2_init_q15.o
LOAD build/obj/arm_cfft_radix2_init_q31.o
LOAD build/obj/arm_cfft_radix2_q15.o
LOAD build/obj/arm_cfft_radix2_q31.o
LOAD build/obj/arm_cfft_radix4_f32.o
LOAD build/obj/arm_cfft_radix4_init_f32.o
LOAD build/obj/arm_cfft_radix4_init_q15.o
LOAD build/obj/arm_cfft_radix4_init_q31.o
LOAD build/obj/arm_cfft_radix4_q15.o
LOAD build/obj/arm_cfft_radix4_q31.o
LOAD build/obj/arm_cfft_radix8_f32.o
LOAD build/obj/arm_rfft_f32.o
LOAD build/obj/arm_rfft_fast_f32.o
LOAD build/obj/arm_rfft_fast_init_f32.o
LOAD build/obj/arm_rfft_init_f32.o
LOAD build/obj/arm_rfft_init_q15.o
LOAD build/obj/arm_rfft_init_q31.o
LOAD build/obj/arm_rfft_q15.o
LOAD build/obj/arm_rfft_q31.o
LOAD build/obj/arm_mult_q31.o
LOAD build/obj/arm_mult_q15.o
LOAD build/obj/arm_mult_f32.o
LOAD build/obj/arm_shift_q31.o
LOAD build/obj/arm_shift_q15.o
LOAD build/obj/arm_scale_f32.o
LOAD build/obj/arm_cmplx_mult_cmplx_q31.o
LOAD build/obj/arm_cmplx_mult_cmplx_f32.o
LOAD build/obj/arm_cmplx_mag_q31.o
LOAD build/obj/arm_cmplx_mult_cmplx_q15.o
LOAD build/obj/arm_cmplx_mag_q15.o
LOAD build/obj/arm_cos_q31.o
LOAD build/obj/arm_sin_q31.o
LOAD build/obj/arm_sqrt_q31.o
LOAD build/obj/arm_sqrt_q15.o
LOAD build/obj/arm_fir_init_q31.o
LOAD build/obj/arm_fir_fast_q31.o
LOAD build/obj/arm_biquad_cascade_df1_32x64_init_q31.o
LOAD build/obj/arm_biquad_cascade_df1_32x64_q31.o
LOAD build/obj/arm_biquad_cascade_df1_fast_q31.o
LOAD build/obj/arm_biquad_cascade_df1_init_q31.o
LOAD build/obj/arm_biquad_cascade_df1_q31.o
LOAD build/obj/arm_fir_interpolate_init_q31.o
LOAD build/obj/arm_fir_interpolate_q31.o
LOAD build/obj/arm_fir_decimate_init_q31.o
LOAD build/obj/arm_fir_decimate_q31.o
LOAD build/obj/arm_fir_decimate_fast_q31.o
LOAD build/obj/arm_fir_lattice_init_q31.o
LOAD build/obj/arm_fir_lattice_q31.o
LOAD build/obj/arm_iir_lattice_init_q31.o
LOAD build/obj/arm_iir_lattice_q31.o
LOAD build/obj/arm_common_tables.o
LOAD build/obj/arm_const_structs.o
LOAD build/obj/usbh_core.o
LOAD build/obj/usbh_ctlreq.o
LOAD build/obj/usbh_ioreq.o
LOAD build/obj/usbh_pipes.o
LOAD build/obj/usbh_hid.o
LOAD build/obj/usbh_hid_keybd.o
LOAD build/obj/usbh_hid_mouse.o
LOAD build/obj/usbh_hid_parser.o
LOAD build/obj/stm32f4xx_ll_usb.o
LOAD build/obj/stm32f4xx_hal_gpio.o
LOAD build/obj/stm32f4xx_hal_cortex.o
LOAD build/obj/stm32f4xx_hal_hcd.o
LOAD build/obj/usbh_midi_core.o
LOAD build/obj/usbh_vendor.o
LOAD build/obj/usbh_conf.o
LOAD build/obj/serial_midi.o
LOAD build/obj/bulk_usb.o
LOAD build/obj/midi_usb.o
LOAD build/obj/crc32.o
LOAD build/obj/exceptions.o
LOAD build/obj/watchdog.o
LOAD build/obj/sysmon.o
LOAD build/obj/axoloti_memory.o
LOAD build/obj/units.o
LOAD build/obj/atan.o
LOAD build/obj/random.o
LOAD build/obj/mutable_resources.o
LOAD build/obj/braids_resources.o
LOAD build/obj/analog_oscillator.o
LOAD build/obj/digital_oscillator.o
LOAD build/obj/macro_oscillator.o
LOAD build/obj/warps_resources.o
LOAD build/obj/filter_bank.o
LOAD build/obj/modulator.o
LOAD build/obj/oscillator.o
LOAD build/obj/vocoder.o
LOAD build/obj/axoloti_mi.o
LOAD build/obj/multistage_envelope.o
LOAD build/obj/ominous_voice.o
LOAD build/obj/resonator.o
LOAD build/obj/string.o
LOAD build/obj/tube.o
LOAD build/obj/exciter.o
LOAD build/obj/elements_resources.o
LOAD build/obj/part.o
LOAD build/obj/voice.o
LOAD build/obj/clouds_resources.o
LOAD build/obj/correlator.o
LOAD build/obj/mu_law.o
LOAD build/obj/granular_processor.o
LOAD build/obj/frame_transformation.o
LOAD build/obj/phase_vocoder.o
LOAD build/obj/stft.o
LOAD build/obj/rings_resources.o
LOAD build/obj/streams_resources.o
LOAD build/obj/compressor.o
LOAD build/obj/envelope.o
LOAD build/obj/follower.o
LOAD build/obj/lorenz_generator.o
LOAD build/obj/processor.o
LOAD build/obj/svf.o
LOAD build/obj/vactrol.o
                0x0000000000000400                __main_stack_size__ = 0x400
                0x0000000000000400                __process_stack_size__ = 0x400
                0x0000000020000200                __ram_start__ = ORIGIN (ram)
                0x000000000000ae00                __ram_size__ = 0xae00
                0x000000002000b000                __ram_end__ = (__ram_start__ + __ram_size__)
                0x00000000c0000000                __sdram_start__ = ORIGIN (sdram)
                0x0000000000400000                __sdram_size__ = 0x400000
                0x00000000c0400000                __sdram_end__ = (__sdram_start__ + __sdram_size__)
                0x0000000000000000                . = 0x0
                0x0000000000000000                _text = .

startup         0x0000000008000000      0x1ac
 *(vectors)
 vectors        0x0000000008000000      0x1ac build/obj/vectors.o
                0x0000000008000000                _vectors

constructors    0x00000000080001ac        0x0
                0x00000000080001ac                PROVIDE (__init_array_start, .)
 *(SORT(.init_array.*))
 *(.init_array)
                0x00000000080001ac                PROVIDE (__init_array_end, .)

destructors     0x00000000080001ac        0x0
                0x00000000080001ac                PROVIDE (__fini_array_start, .)
 *(.fini_array)
 *(SORT(.fini_array.*))
                0x00000000080001ac                PROVIDE (__fini_array_end, .)

.text           0x00000000080001b0    0xc9424
 *(.text.startup.*)
 *(.text)
 .text          0x00000000080001b0       0xc0 build/obj/arm_bitreversal2.o
                0x00000000080001b0                arm_bitreversal_32
                0x000000000800021a                arm_bitreversal_16
 .text          0x0000000008000270      0x150 build/obj/crt0.o
                0x0000000008000290                _default_exit
                0x00000000080002a0                ResetHandler
 .text          0x00000000080003c0        0x4 build/obj/vectors.o
                0x00000000080003c0                Vector18C
                0x00000000080003c0                VectorE8
                0x00000000080003c0                Vector9C
                0x00000000080003c0                Vector1A0
                0x00000000080003c0                Vector5C
                0x00000000080003c0                NMIVector
                0x00000000080003c0                Vector11C
                0x00000000080003c0                Vector19C
                0x00000000080003c0                Vector8C
                0x00000000080003c0                Vector110
                0x00000000080003c0                Vector94
                0x00000000080003c0                VectorA8
                0x00000000080003c0                VectorEC
                0x00000000080003c0                DebugMonitorVector
                0x00000000080003c0                Vector190
                0x00000000080003c0                Vector148
                0x00000000080003c0                Vector188
                0x00000000080003c0                PendSVVector
                0x00000000080003c0                Vector198
                0x00000000080003c0                Vector118
                0x00000000080003c0                Vector64
                0x00000000080003c0                VectorCC
                0x00000000080003c0                Vector54
                0x00000000080003c0                Vector98
                0x00000000080003c0                Vector138
                0x00000000080003c0                Vector24
                0x00000000080003c0                Vector178
                0x00000000080003c0                Vector1A4
                0x00000000080003c0                VectorD0
                0x00000000080003c0                Vector140
                0x00000000080003c0                VectorE4
                0x00000000080003c0                Vector134
                0x00000000080003c0                Vector13C
                0x00000000080003c0                Vector100
                0x00000000080003c0                VectorE0
                0x00000000080003c0                VectorF4
                0x00000000080003c0                VectorA0
                0x00000000080003c0                Vector180
                0x00000000080003c0                VectorB0
                0x00000000080003c0                Vector90
                0x00000000080003c0                Vector114
                0x00000000080003c0                Vector60
                0x00000000080003c0                Vector1C
                0x00000000080003c0                Vector17C
                0x00000000080003c0                Vector48
                0x00000000080003c0                Vector1A8
                0x00000000080003c0                Vector4C
                0x00000000080003c0                Vector144
                0x00000000080003c0                Vector68
                0x00000000080003c0                _unhandled_exception
                0x00000000080003c0                Vector170
                0x00000000080003c0                Vector184
                0x00000000080003c0                Vector10C
                0x00000000080003c0                Vector50
                0x00000000080003c0                Vector194
                0x00000000080003c0                Vector44
                0x00000000080003c0                Vector28
                0x00000000080003c0                Vector34
                0x00000000080003c0                Vector20
                0x00000000080003c0                Vector58
 *fill*         0x00000000080003c4        0xc 
 .text          0x00000000080003d0        0x4 build/obj/chcore.o
                0x00000000080003d0                port_halt
 *fill*         0x00000000080003d4        0xc 
 .text          0x00000000080003e0      0x140 build/obj/chcore_v7m.o
                0x00000000080003e0                _port_switch_from_isr
                0x00000000080003f0                SVCallVector
                0x0000000008000410                _port_init
                0x0000000008000440                _port_irq_epilogue
                0x00000000080004d0                SysTickVector
                0x00000000080004f0                _port_switch
                0x0000000008000510                _port_thread_start
 .text          0x0000000008000520       0xbc build/obj/nvic.o
                0x0000000008000520                nvicEnableVector
                0x0000000008000570                nvicDisableVector
                0x00000000080005b0                nvicSetSystemHandlerPriority
 *fill*         0x00000000080005dc        0x4 
 .text          0x00000000080005e0       0xd0 build/obj/chsys.o
                0x00000000080005e0                _idle_thread
                0x0000000008000600                chSysInit
                0x0000000008000660                chSysTimerHandlerI
 .text          0x00000000080006b0        0x0 build/obj/chdebug.o
 .text          0x00000000080006b0        0x0 build/obj/chlists.o
 .text          0x00000000080006b0       0x84 build/obj/chvt.o
                0x00000000080006b0                _vt_init
                0x00000000080006d0                chVTSetI
                0x0000000008000710                chVTResetI
 *fill*         0x0000000008000734        0xc 
 .text          0x0000000008000740      0x244 build/obj/chschd.o
                0x00000000080007a0                _scheduler_init
                0x00000000080007c0                chSchReadyI
                0x00000000080007f0                chSchGoSleepS
                0x0000000008000820                chSchGoSleepTimeoutS
                0x0000000008000870                chSchWakeupS
                0x00000000080008d0                chSchDoRescheduleBehind
                0x0000000008000910                chSchDoRescheduleAhead
                0x0000000008000950                chSchRescheduleS
                0x0000000008000970                chSchDoReschedule
 *fill*         0x0000000008000984        0xc 
 .text          0x0000000008000990      0x2d0 build/obj/chthreads.o
                0x0000000008000990                _thread_init
                0x00000000080009d0                _thread_memfill
                0x00000000080009e0                chThdCreateI
                0x0000000008000a50                chThdCreateStatic
                0x0000000008000af0                chThdSetPriority
                0x0000000008000b20                chThdResume
                0x0000000008000b40                chThdTerminate
                0x0000000008000b60                chThdSleep
                0x0000000008000b80                chThdSleepUntil
                0x0000000008000bb0                chThdYield
                0x0000000008000be0                chThdExitS
                0x0000000008000c20                chThdExit
                0x0000000008000c30                chThdWait
 .text          0x0000000008000c60        0x0 build/obj/chdynamic.o
 .text          0x0000000008000c60       0x3c build/obj/chregistry.o
                0x0000000008000c60                chRegFirstThread
                0x0000000008000c80                chRegNextThread
 *fill*         0x0000000008000c9c        0x4 
 .text          0x0000000008000ca0      0x24c build/obj/chsem.o
                0x0000000008000ca0                chSemInit
                0x0000000008000cb0                chSemResetI
                0x0000000008000ce0                chSemReset
                0x0000000008000d00                chSemWait
                0x0000000008000d50                chSemWaitS
                0x0000000008000d90                chSemWaitTimeoutS
                0x0000000008000dd0                chSemWaitTimeout
                0x0000000008000df0                chSemSignal
                0x0000000008000e30                chSemSignalI
                0x0000000008000e50                chSemAddCounterI
                0x0000000008000e80                chSemSignalWait
 *fill*         0x0000000008000eec        0x4 
 .text          0x0000000008000ef0      0x234 build/obj/chmtx.o
                0x0000000008000ef0                chMtxInit
                0x0000000008000f00                chMtxLockS
                0x0000000008000fa0                chMtxLock
                0x0000000008000fc0                chMtxTryLock
                0x0000000008000ff0                chMtxTryLockS
                0x0000000008001010                chMtxUnlock
                0x0000000008001080                chMtxUnlockS
                0x00000000080010d0                chMtxUnlockAll
 *fill*         0x0000000008001124        0xc 
 .text          0x0000000008001130        0x0 build/obj/chcond.o
 .text          0x0000000008001130      0x370 build/obj/chevents.o
                0x0000000008001130                chEvtRegisterMask
                0x0000000008001160                chEvtUnregister
                0x0000000008001190                chEvtGetAndClearEvents
                0x00000000080011b0                chEvtAddEvents
                0x00000000080011d0                chEvtGetAndClearFlags
                0x00000000080011f0                chEvtSignalI
                0x0000000008001220                chEvtBroadcastFlagsI
                0x0000000008001240                chEvtSignal
                0x0000000008001260                chEvtBroadcastFlags
                0x0000000008001280                chEvtGetAndClearFlagsI
                0x0000000008001290                chEvtDispatch
                0x00000000080012d0                chEvtWaitOne
                0x0000000008001310                chEvtWaitAny
                0x0000000008001350                chEvtWaitAll
                0x0000000008001390                chEvtWaitOneTimeout
                0x00000000080013f0                chEvtWaitAnyTimeout
                0x0000000008001450                chEvtWaitAllTimeout
 .text          0x00000000080014a0       0x94 build/obj/chmsg.o
                0x00000000080014a0                chMsgSend
                0x00000000080014e0                chMsgWait
                0x0000000008001520                chMsgRelease
 *fill*         0x0000000008001534        0xc 
 .text          0x0000000008001540        0x0 build/obj/chmboxes.o
 .text          0x0000000008001540      0x314 build/obj/chqueues.o
                0x0000000008001570                chIQInit
                0x0000000008001590                chIQResetI
                0x00000000080015c0                chIQPutI
                0x0000000008001610                chIQGetTimeout
                0x0000000008001660                chIQReadTimeout
                0x00000000080016d0                chOQInit
                0x00000000080016f0                chOQResetI
                0x0000000008001720                chOQPutTimeout
                0x0000000008001780                chOQGetI
                0x00000000080017d0                chOQWriteTimeout
 *fill*         0x0000000008001854        0xc 
 .text          0x0000000008001860       0xa0 build/obj/chmemcore.o
                0x0000000008001860                _core_init
                0x0000000008001880                chCoreAlloc
                0x00000000080018c0                chCoreAllocI
                0x00000000080018f0                chCoreStatus
 .text          0x0000000008001900      0x190 build/obj/chheap.o
                0x0000000008001900                _heap_init
                0x0000000008001920                chHeapInit
                0x0000000008001940                chHeapAlloc
                0x00000000080019c0                chHeapFree
                0x0000000008001a50                chHeapStatus
 .text          0x0000000008001a90        0x0 build/obj/chmempools.o
 .text          0x0000000008001a90       0x98 build/obj/hal.o
                0x0000000008001a90                halInit
                0x0000000008001ad0                halIsCounterWithin
                0x0000000008001b00                halPolledDelay
 *fill*         0x0000000008001b28        0x8 
 .text          0x0000000008001b30      0x174 build/obj/adc.o
                0x0000000008001b30                adcInit
                0x0000000008001b40                adcObjectInit
                0x0000000008001b60                adcStart
                0x0000000008001b80                adcStop
                0x0000000008001ba0                adcStartConversion
                0x0000000008001bc0                adcStartConversionI
                0x0000000008001be0                adcStopConversion
                0x0000000008001c20                adcStopConversionI
                0x0000000008001c50                adcConvert
                0x0000000008001c90                adcAcquireBus
                0x0000000008001ca0                adcReleaseBus
 *fill*         0x0000000008001ca4        0xc 
 .text          0x0000000008001cb0        0x0 build/obj/can.o
 .text          0x0000000008001cb0        0x0 build/obj/ext.o
 .text          0x0000000008001cb0        0x0 build/obj/gpt.o
 .text          0x0000000008001cb0      0x114 build/obj/i2c.o
                0x0000000008001cb0                i2cInit
                0x0000000008001cc0                i2cObjectInit
                0x0000000008001cd0                i2cStart
                0x0000000008001cf0                i2cStop
                0x0000000008001d10                i2cGetErrors
                0x0000000008001d20                i2cMasterTransmitTimeout
                0x0000000008001d70                i2cMasterReceiveTimeout
                0x0000000008001db0                i2cAcquireBus
                0x0000000008001dc0                i2cReleaseBus
 *fill*         0x0000000008001dc4        0xc 
 .text          0x0000000008001dd0        0x0 build/obj/icu.o
 .text          0x0000000008001dd0        0x0 build/obj/mac.o
 .text          0x0000000008001dd0        0x0 build/obj/mmc_spi.o
 .text          0x0000000008001dd0       0x44 build/obj/mmcsd.o
                0x0000000008001dd0                mmcsdGetCapacity
 *fill*         0x0000000008001e14        0xc 
 .text          0x0000000008001e20       0x3c build/obj/pal.o
                0x0000000008001e20                palReadBus
                0x0000000008001e30                palWriteBus
                0x0000000008001e50                palSetBusMode
 *fill*         0x0000000008001e5c        0x4 
 .text          0x0000000008001e60       0xb4 build/obj/pwm.o
                0x0000000008001e60                pwmInit
                0x0000000008001e70                pwmObjectInit
                0x0000000008001e80                pwmStart
                0x0000000008001ea0                pwmStop
                0x0000000008001ec0                pwmChangePeriod
                0x0000000008001ee0                pwmEnableChannel
                0x0000000008001f00                pwmDisableChannel
 *fill*         0x0000000008001f14        0xc 
 .text          0x0000000008001f20        0x0 build/obj/rtc.o
 .text          0x0000000008001f20      0x3f8 build/obj/sdc.o
                0x0000000008001f20                sdcGetInfo
                0x0000000008001f40                sdcConnect
                0x0000000008002100                sdcRead
                0x0000000008002130                sdcWrite
                0x0000000008002160                sdcSync
                0x0000000008002180                _sdc_wait_for_transfer_state
                0x00000000080021c0                sdcDisconnect
                0x0000000008002200                sdcInit
                0x0000000008002210                sdcObjectInit
                0x0000000008002230                sdcStart
                0x0000000008002250                sdcStop
                0x0000000008002270                sdcGetAndClearErrors
                0x0000000008002290                sdcErase
 *fill*         0x0000000008002318        0x8 
 .text          0x0000000008002320      0x180 build/obj/serial.o
                0x00000000080023a0                sdInit
                0x00000000080023b0                sdObjectInit
                0x00000000080023f0                sdStart
                0x0000000008002410                sdStop
                0x0000000008002440                sdIncomingDataI
                0x0000000008002480                sdRequestDataI
 .text          0x00000000080024a0        0x0 build/obj/serial_usb.o
 .text          0x00000000080024a0      0x1f4 build/obj/spi.o
                0x00000000080024a0                spiInit
                0x00000000080024b0                spiObjectInit
                0x00000000080024c0                spiStart
                0x00000000080024e0                spiStop
                0x0000000008002500                spiSelect
                0x0000000008002520                spiUnselect
                0x0000000008002540                spiStartIgnore
                0x0000000008002560                spiStartExchange
                0x0000000008002580                spiStartSend
                0x00000000080025a0                spiStartReceive
                0x00000000080025c0                spiIgnore
                0x00000000080025f0                spiExchange
                0x0000000008002620                spiSend
                0x0000000008002650                spiReceive
                0x0000000008002680                spiAcquireBus
                0x0000000008002690                spiReleaseBus
 *fill*         0x0000000008002694        0xc 
 .text          0x00000000080026a0        0x0 build/obj/tm.o
 .text          0x00000000080026a0        0x0 build/obj/uart.o
 .text          0x00000000080026a0      0x6ec build/obj/usb.o
                0x00000000080026a0                usbInit
                0x00000000080026b0                usbObjectInit
                0x00000000080026d0                usbStart
                0x0000000008002700                usbStop
                0x0000000008002720                usbInitEndpointI
                0x0000000008002760                usbDisableEndpointsI
                0x0000000008002790                usbPrepareReceive
                0x00000000080027b0                usbPrepareTransmit
                0x00000000080027d0                usbPrepareQueuedReceive
                0x00000000080027f0                usbPrepareQueuedTransmit
                0x0000000008002810                usbStartReceiveI
                0x0000000008002840                usbStartTransmitI
                0x0000000008002870                usbStallReceiveI
                0x0000000008002890                usbStallTransmitI
                0x00000000080028b0                _usb_reset
                0x00000000080028e0                _usb_ep0setup
                0x0000000008002c40                _usb_ep0in
                0x0000000008002d10                _usb_ep0out
 *fill*         0x0000000008002d8c        0x4 
 .text          0x0000000008002d90      0x428 build/obj/stm32_dma.o
                0x0000000008002d90                Vector6C
                0x0000000008002dc0                Vector70
                0x0000000008002df0                Vector74
                0x0000000008002e20                Vector78
                0x0000000008002e50                Vector7C
                0x0000000008002e80                Vector80
                0x0000000008002eb0                Vector84
                0x0000000008002ee0                VectorFC
                0x0000000008002f10                Vector120
                0x0000000008002f40                Vector124
                0x0000000008002f70                Vector128
                0x0000000008002fa0                Vector12C
                0x0000000008002fd0                Vector130
                0x0000000008003000                Vector150
                0x0000000008003030                Vector154
                0x0000000008003060                Vector158
                0x0000000008003090                dmaInit
                0x00000000080030e0                dmaStreamAllocate
                0x0000000008003170                dmaStreamRelease
 *fill*         0x00000000080031b8        0x8 
 .text          0x00000000080031c0      0x184 build/obj/hal_lld.o
                0x00000000080031c0                hal_lld_init
                0x0000000008003260                stm32_clock_init
 *fill*         0x0000000008003344        0xc 
 .text          0x0000000008003350      0x360 build/obj/adc_lld.o
                0x0000000008003350                adc_lld_init
                0x0000000008003390                adc_lld_start
                0x0000000008003400                adc_lld_stop
                0x0000000008003440                adc_lld_start_conversion
                0x00000000080034e0                adc_lld_stop_conversion
                0x0000000008003510                Vector88
                0x0000000008003670                adcSTM32EnableTSVREFE
                0x0000000008003680                adcSTM32DisableTSVREFE
                0x0000000008003690                adcSTM32EnableVBATE
                0x00000000080036a0                adcSTM32DisableVBATE
 .text          0x00000000080036b0        0x0 build/obj/ext_lld_isr.o
 .text          0x00000000080036b0        0x0 build/obj/can_lld.o
 .text          0x00000000080036b0        0x0 build/obj/ext_lld.o
 .text          0x00000000080036b0        0x0 build/obj/mac_lld.o
 .text          0x00000000080036b0      0x534 build/obj/sdc_lld.o
                0x00000000080036f0                Vector104
                0x0000000008003720                sdc_lld_init
                0x0000000008003740                sdc_lld_start
                0x00000000080037a0                sdc_lld_stop
                0x00000000080037e0                sdc_lld_start_clk
                0x0000000008003800                sdc_lld_set_data_clk
                0x0000000008003810                sdc_lld_stop_clk
                0x0000000008003820                sdc_lld_set_bus_mode
                0x0000000008003850                sdc_lld_send_cmd_none
                0x0000000008003870                sdc_lld_send_cmd_short
                0x00000000080038b0                sdc_lld_send_cmd_short_crc
                0x0000000008003a00                sdc_lld_send_cmd_long_crc
                0x0000000008003a50                sdc_lld_read_aligned
                0x0000000008003b00                sdc_lld_write_aligned
                0x0000000008003bc0                sdc_lld_read
                0x0000000008003bd0                sdc_lld_write
                0x0000000008003be0                sdc_lld_sync
 *fill*         0x0000000008003be4        0xc 
 .text          0x0000000008003bf0      0x27c build/obj/pal_lld.o
                0x0000000008003bf0                _pal_lld_init
                0x0000000008003dc0                _pal_lld_setgroupmode
 *fill*         0x0000000008003e6c        0x4 
 .text          0x0000000008003e70      0x95c build/obj/i2c_lld.o
                0x00000000080041a0                VectorBC
                0x00000000080041c0                VectorC0
                0x00000000080041f0                VectorC4
                0x0000000008004210                VectorC8
                0x0000000008004240                Vector160
                0x0000000008004260                Vector164
                0x0000000008004290                i2c_lld_init
                0x0000000008004310                i2c_lld_start
                0x0000000008004560                i2c_lld_stop
                0x00000000080045f0                i2c_lld_master_receive_timeout
                0x00000000080046d0                i2c_lld_master_transmit_timeout
 *fill*         0x00000000080047cc        0x4 
 .text          0x00000000080047d0      0xbf4 build/obj/usb_lld.o
                0x0000000008004ba0                usb_lld_init
                0x0000000008004bf0                usb_lld_start
                0x0000000008004cd0                usb_lld_stop
                0x0000000008004d20                usb_lld_reset
                0x0000000008004df0                usb_lld_set_address
                0x0000000008004e10                usb_lld_init_endpoint
                0x0000000008004f70                usb_lld_disable_endpoints
                0x0000000008004f80                usb_lld_get_status_out
                0x0000000008004fa0                usb_lld_get_status_in
                0x0000000008004fc0                usb_lld_read_setup
                0x0000000008004fe0                usb_lld_prepare_receive
                0x00000000080050e0                usb_lld_prepare_transmit
                0x0000000008005200                Vector14C
                0x0000000008005300                usb_lld_start_out
                0x0000000008005320                usb_lld_start_in
                0x0000000008005350                usb_lld_stall_out
                0x0000000008005370                usb_lld_stall_in
                0x0000000008005390                usb_lld_clear_out
                0x00000000080053b0                usb_lld_clear_in
 *fill*         0x00000000080053c4        0xc 
 .text          0x00000000080053d0        0x0 build/obj/rtc_lld.o
 .text          0x00000000080053d0      0x360 build/obj/spi_lld.o
                0x0000000008005460                spi_lld_init
                0x00000000080054d0                spi_lld_start
                0x00000000080055a0                spi_lld_stop
                0x0000000008005600                spi_lld_select
                0x0000000008005610                spi_lld_unselect
                0x0000000008005620                spi_lld_ignore
                0x0000000008005660                spi_lld_exchange
                0x00000000080056a0                spi_lld_send
                0x00000000080056e0                spi_lld_receive
                0x0000000008005720                spi_lld_polled_exchange
 .text          0x0000000008005730        0x0 build/obj/gpt_lld.o
 .text          0x0000000008005730        0x0 build/obj/icu_lld.o
 .text          0x0000000008005730      0x50c build/obj/pwm_lld.o
                0x0000000008005790                VectorA4
                0x00000000080057c0                VectorAC
                0x0000000008005820                VectorB4
                0x0000000008005840                VectorB8
                0x0000000008005860                Vector108
                0x0000000008005880                VectorF0
                0x00000000080058b0                VectorF8
                0x0000000008005910                pwm_lld_init
                0x0000000008005980                pwm_lld_start
                0x0000000008005b30                pwm_lld_stop
                0x0000000008005bf0                pwm_lld_enable_channel
                0x0000000008005c20                pwm_lld_disable_channel
 *fill*         0x0000000008005c3c        0x4 
 .text          0x0000000008005c40      0x420 build/obj/serial_lld.o
                0x0000000008005de0                VectorD4
                0x0000000008005e00                VectorD8
                0x0000000008005e20                VectorDC
                0x0000000008005e40                Vector15C
                0x0000000008005e60                sd_lld_init
                0x0000000008005ee0                sd_lld_start
                0x0000000008005fe0                sd_lld_stop
 .text          0x0000000008006060        0x0 build/obj/uart_lld.o
 .text          0x0000000008006060       0x84 build/obj/board.o
                0x0000000008006060                __early_init
                0x0000000008006070                __late_init
                0x0000000008006080                sdc_lld_is_card_inserted
                0x0000000008006090                sdc_lld_is_write_protected
                0x00000000080060a0                boardInit
                0x00000000080060b0                _getpid
                0x00000000080060c0                _kill
                0x00000000080060d0                _write
                0x00000000080060e0                _exit
 *fill*         0x00000000080060e4        0xc 
 .text          0x00000000080060f0      0x108 build/obj/fatfs_diskio.o
                0x00000000080060f0                disk_initialize
                0x0000000008006120                disk_status
                0x0000000008006150                disk_read
                0x0000000008006180                disk_write
                0x00000000080061b0                disk_ioctl
                0x00000000080061f0                get_fattime
 *fill*         0x00000000080061f8        0x8 
 .text          0x0000000008006200       0x54 build/obj/fatfs_syscall.o
                0x0000000008006200                ff_cre_syncobj
                0x0000000008006220                ff_del_syncobj
                0x0000000008006230                ff_req_grant
                0x0000000008006250                ff_rel_grant
 *fill*         0x0000000008006254        0xc 
 .text          0x0000000008006260     0x2d64 build/obj/ff.o
                0x00000000080071e0                clust2sect
                0x0000000008007200                get_fat
                0x0000000008007220                put_fat
                0x0000000008007240                gen_numname
                0x0000000008007510                f_mount
                0x0000000008007550                f_open
                0x00000000080076d0                f_read
                0x0000000008007930                f_write
                0x0000000008007bf0                f_sync
                0x0000000008007c70                f_close
                0x0000000008007c80                f_chdrive
                0x0000000008007ca0                f_chdir
                0x0000000008007d30                f_getcwd
                0x0000000008007eb0                f_lseek
                0x00000000080081a0                f_opendir
                0x0000000008008230                f_readdir
                0x00000000080082b0                f_stat
                0x0000000008008320                f_getfree
                0x0000000008008450                f_truncate
                0x0000000008008570                f_unlink
                0x0000000008008670                f_mkdir
                0x0000000008008860                f_chmod
                0x00000000080088f0                f_utime
                0x0000000008008970                f_rename
                0x0000000008008b00                f_mkfs
 *fill*         0x0000000008008fc4        0xc 
 .text          0x0000000008008fd0       0x80 build/obj/ccsbcs.o
                0x0000000008008fd0                ff_convert
                0x0000000008009020                ff_wtoupper
 .text          0x0000000008009050      0x408 build/obj/chprintf.o
                0x00000000080090a0                chvprintf
                0x0000000008009420                chsnprintf
 *fill*         0x0000000008009458        0x8 
 .text          0x0000000008009460       0xbc build/obj/memstreams.o
                0x0000000008009500                msObjectInit
 *fill*         0x000000000800951c        0x4 
 .text          0x0000000008009520      0x910 build/obj/axoloti_control.o
                0x0000000008009520                do_axoloti_control
                0x0000000008009640                axoloti_control_init
                0x0000000008009710                LCD_updateBoundingBox
                0x0000000008009720                LCD_drawPixel
                0x0000000008009770                LCD_setPixel
                0x00000000080097a0                LCD_clearPixel
                0x00000000080097e0                LCD_getPixel
                0x0000000008009810                LCD_clearDisplay
                0x0000000008009830                LCD_drawChar
                0x0000000008009880                LCD_drawString
                0x00000000080098f0                LCD_drawNumber3D
                0x0000000008009960                LCD_drawNumber5D
                0x0000000008009a10                LCD_drawCharInv
                0x0000000008009a70                LCD_drawStringInv
                0x0000000008009af0                LCD_drawNumber3DInv
                0x0000000008009b60                LCD_drawNumber5DInv
                0x0000000008009c10                LCD_drawStringN
                0x0000000008009cb0                LCD_drawStringInvN
                0x0000000008009d60                LCD_drawIBAR
                0x0000000008009de0                LCD_drawIBARadd
 .text          0x0000000008009e30      0x8c4 build/obj/codec.o
                0x0000000008009e80                codecStop
                0x0000000008009e90                codec_clearbuffer
                0x0000000008009eb0                codec_ADAU1961_hw_reset
                0x0000000008009ec0                CheckI2CErrors
                0x0000000008009ef0                ADAU1961_I2CStart
                0x0000000008009f40                ADAU1961_I2CStop
                0x0000000008009f60                ADAU1961_ReadRegister
                0x0000000008009fe0                ADAU1961_ReadRegister6
                0x000000000800a060                ADAU1961_WriteRegister
                0x000000000800a100                ADAU1961_WriteRegister6
                0x000000000800a180                codec_ADAU1961_hw_init
                0x000000000800a4c0                codec_ADAU1961_i2s_init
                0x000000000800a6d0                codec_init
                0x000000000800a6f0                codec_ADAU1961_Stop
 *fill*         0x000000000800a6f4        0xc 
 .text          0x000000000800a700        0x4 build/obj/axoloti.o
                0x000000000800a700                axoloti_init
 *fill*         0x000000000800a704        0xc 
 .text          0x000000000800a710       0xec build/obj/axoloti_filters.o
                0x000000000800a710                init_filter_biquad_A
                0x000000000800a720                f_filter_biquad_A
 *fill*         0x000000000800a7fc        0x4 
 .text          0x000000000800a800      0x2e8 build/obj/axoloti_math.o
                0x000000000800a800                axoloti_math_init
                0x000000000800aad0                FastLog
 *fill*         0x000000000800aae8        0x8 
 .text          0x000000000800aaf0        0x0 build/obj/axoloti_oscs.o
 .text          0x000000000800aaf0      0x138 build/obj/axoloti_board.o
                0x000000000800aaf0                axoloti_board_init
                0x000000000800ab20                adc_configpads
                0x000000000800abe0                adc_init
                0x000000000800ac00                adc_convert
 *fill*         0x000000000800ac28        0x8 
 .text          0x000000000800ac30      0x15c build/obj/midi.o
                0x000000000800ac30                MidiSend1
                0x000000000800ac80                MidiSend2
                0x000000000800ace0                MidiSend3
                0x000000000800ad40                MidiSendSysEx
                0x000000000800ad50                midi_init
                0x000000000800ad60                MidiGetOutputBufferPending
                0x000000000800ad80                MidiGetOutputBufferAvailable
 *fill*         0x000000000800ad8c        0x4 
 .text          0x000000000800ad90     0x16a0 build/obj/ui.o
                0x000000000800ad90                EnterMenuLoadFile
                0x000000000800add0                EnterMenuLoad
                0x000000000800af00                EnterMenuFormat
                0x000000000800af60                SetKVP_APVP
                0x000000000800af80                SetKVP_AVP
                0x000000000800afa0                SetKVP_IVP
                0x000000000800afc0                SetKVP_IPVP
                0x000000000800afe0                SetKVP_FNCTN
                0x000000000800b000                KVP_Increment
                0x000000000800b070                KVP_Decrement
                0x000000000800b0e0                k_scope_DisplayFunction
                0x000000000800b1b0                k_scope_DisplayFunction2
                0x000000000800b2c0                k_scope_DisplayFunction3
                0x000000000800b2d0                k_scope_DisplayFunction4
                0x000000000800b2e0                k_value_DisplayFunction
                0x000000000800b2f0                UIGoSafe
                0x000000000800b300                ui_init
                0x000000000800b4d0                KVP_ClearObjects
                0x000000000800b4f0                KVP_RegisterObject
                0x000000000800b510                KVP_DisplayInv
                0x000000000800b610                KVP_Display
                0x000000000800b790                AxolotiControlUpdate
 .text          0x000000000800c430        0x0 build/obj/glcdfont.o
 .text          0x000000000800c430      0x1b4 build/obj/usbcfg.o
                0x000000000800c5c0                inttohex
 *fill*         0x000000000800c5e4        0xc 
 .text          0x000000000800c5f0      0x1fc build/obj/sdcard.o
                0x000000000800c640                sdcard_init
                0x000000000800c720                sdcard_attemptMountIfUnmounted
                0x000000000800c730                sdcard_unmount
                0x000000000800c750                sdcard_loadPatch1
 *fill*         0x000000000800c7ec        0x4 
 .text          0x000000000800c7f0     0x10ac build/obj/pconnection.o
                0x000000000800c9c0                InitPConnection
                0x000000000800ca60                GetFirmwareID
                0x000000000800ca70                TransmitDisplayPckt
                0x000000000800caa0                LogTextMessage
                0x000000000800cb10                PExTransmit
                0x000000000800cc40                ReadDirectoryListing
                0x000000000800ccf0                ManipulateFile
                0x000000000800ce70                CloseFile
                0x000000000800ced0                CopyPatchToFlash
                0x000000000800cf40                ReplyFWVersion
                0x000000000800cfd0                PExReceiveByte
                0x000000000800d860                PExReceive
 *fill*         0x000000000800d89c        0x4 
 .text          0x000000000800d8a0       0xac build/obj/parameters.o
                0x000000000800d8a0                PExModulationSourceChange
                0x000000000800d910                PExParameterChange
                0x000000000800d940                ApplyPreset
 *fill*         0x000000000800d94c        0x4 
 .text          0x000000000800d950      0xb24 build/obj/main.o
                0x000000000800d990                memTest
                0x000000000800da70                SDRAM_InitSequence
                0x000000000800daf0                SDRAM_WriteBuffer
                0x000000000800db30                SDRAM_ReadBuffer
                0x000000000800db70                FMC_NORSRAMDeInit
                0x000000000800dba0                FMC_NORSRAMInit
                0x000000000800dca0                FMC_NORSRAMStructInit
                0x000000000800dd00                FMC_NORSRAMCmd
                0x000000000800dd20                FMC_NANDDeInit
                0x000000000800dd50                FMC_NANDInit
                0x000000000800ddd0                FMC_NANDStructInit
                0x000000000800de00                FMC_NANDCmd
                0x000000000800de40                FMC_NANDECCCmd
                0x000000000800de80                FMC_GetECC
                0x000000000800dea0                FMC_PCCARDDeInit
                0x000000000800dec0                FMC_PCCARDInit
                0x000000000800df30                FMC_PCCARDStructInit
                0x000000000800df60                FMC_PCCARDCmd
                0x000000000800df80                FMC_SDRAMDeInit
                0x000000000800dfb0                FMC_SDRAMInit
                0x000000000800e080                SDRAM_Init
                0x000000000800e180                configSDRAM
                0x000000000800e190                FMC_SDRAMStructInit
                0x000000000800e1d0                FMC_SDRAMCmdConfig
                0x000000000800e1f0                FMC_GetModeStatus
                0x000000000800e210                FMC_SetRefreshCount
                0x000000000800e220                FMC_SetAutoRefresh_Number
                0x000000000800e230                FMC_SDRAMWriteProtectionConfig
                0x000000000800e260                FMC_ITConfig
                0x000000000800e2f0                FMC_GetFlagStatus
                0x000000000800e340                FMC_ClearFlag
                0x000000000800e390                FMC_GetITStatus
                0x000000000800e400                FMC_ClearITPendingBit
                0x000000000800e450                HAL_Delay
                0x000000000800e470                _sbrk
 *fill*         0x000000000800e474        0xc 
 .text          0x000000000800e480      0x67c build/obj/patch.o
                0x000000000800e4a0                InitPatch0
                0x000000000800e4d0                CheckStackOverflow
                0x000000000800e900                StopPatch
                0x000000000800e930                StartPatch
                0x000000000800e990                start_dsp_thread
                0x000000000800e9d0                computebufI
                0x000000000800ea10                MidiInMsgHandler
                0x000000000800ea40                LoadPatch
                0x000000000800ea70                LoadPatchStartSD
                0x000000000800eab0                LoadPatchStartFlash
                0x000000000800ead0                LoadPatchIndexed
                0x000000000800eaf0                GetIndexOfCurrentPatch
 *fill*         0x000000000800eafc        0x4 
 .text          0x000000000800eb00       0xa8 build/obj/flash.o
                0x000000000800eb00                flash_Erase_sector
                0x000000000800eb20                flash_ProgramWord
                0x000000000800eb90                flash_unlock
 *fill*         0x000000000800eba8        0x8 
 .text          0x000000000800ebb0       0x48 build/obj/virtual_control.o
                0x000000000800ebb0                TransmitLCDoverUSB
 *fill*         0x000000000800ebf8        0x8 
 .text          0x000000000800ec00      0x1f8 build/obj/arm_bitreversal.o
                0x000000000800ec00                arm_bitreversal_f32
                0x000000000800ecf0                arm_bitreversal_q31
                0x000000000800ed90                arm_bitreversal_q15
 *fill*         0x000000000800edf8        0x8 
 .text          0x000000000800ee00      0x714 build/obj/arm_cfft_f32.o
                0x000000000800ee00                arm_cfft_radix8by2_f32
                0x000000000800ef90                arm_cfft_radix8by4_f32
                0x000000000800f420                arm_cfft_f32
 *fill*         0x000000000800f514        0xc 
 .text          0x000000000800f520      0x25c build/obj/arm_cfft_q15.o
                0x000000000800f520                arm_cfft_radix4by2_q15
                0x000000000800f5f0                arm_cfft_radix4by2_inverse_q15
                0x000000000800f6c0                arm_cfft_q15
 *fill*         0x000000000800f77c        0x4 
 .text          0x000000000800f780      0x2dc build/obj/arm_cfft_q31.o
                0x000000000800f780                arm_cfft_radix4by2_q31
                0x000000000800f890                arm_cfft_radix4by2_inverse_q31
                0x000000000800f9a0                arm_cfft_q31
 *fill*         0x000000000800fa5c        0x4 
 .text          0x000000000800fa60      0x350 build/obj/arm_cfft_radix2_f32.o
                0x000000000800fa60                arm_radix2_butterfly_f32
                0x000000000800fbe0                arm_radix2_butterfly_inverse_f32
                0x000000000800fd70                arm_cfft_radix2_f32
 .text          0x000000000800fdb0      0x160 build/obj/arm_cfft_radix2_init_f32.o
                0x000000000800fdb0                arm_cfft_radix2_init_f32
 .text          0x000000000800ff10      0x128 build/obj/arm_cfft_radix2_init_q15.o
                0x000000000800ff10                arm_cfft_radix2_init_q15
 *fill*         0x0000000008010038        0x8 
 .text          0x0000000008010040      0x128 build/obj/arm_cfft_radix2_init_q31.o
                0x0000000008010040                arm_cfft_radix2_init_q31
 *fill*         0x0000000008010168        0x8 
 .text          0x0000000008010170      0x430 build/obj/arm_cfft_radix2_q15.o
                0x0000000008010170                arm_radix2_butterfly_q15
                0x0000000008010380                arm_radix2_butterfly_inverse_q15
                0x0000000008010570                arm_cfft_radix2_q15
 .text          0x00000000080105a0      0x3d0 build/obj/arm_cfft_radix2_q31.o
                0x00000000080105a0                arm_radix2_butterfly_q31
                0x0000000008010760                arm_radix2_butterfly_inverse_q31
                0x0000000008010940                arm_cfft_radix2_q31
 .text          0x0000000008010970      0x730 build/obj/arm_cfft_radix4_f32.o
                0x0000000008010970                arm_radix4_butterfly_f32
                0x0000000008010ce0                arm_radix4_butterfly_inverse_f32
                0x0000000008011060                arm_cfft_radix4_f32
 .text          0x00000000080110a0       0xcc build/obj/arm_cfft_radix4_init_f32.o
                0x00000000080110a0                arm_cfft_radix4_init_f32
 *fill*         0x000000000801116c        0x4 
 .text          0x0000000008011170       0xb0 build/obj/arm_cfft_radix4_init_q15.o
                0x0000000008011170                arm_cfft_radix4_init_q15
 .text          0x0000000008011220       0xb0 build/obj/arm_cfft_radix4_init_q31.o
                0x0000000008011220                arm_cfft_radix4_init_q31
 .text          0x00000000080112d0      0x4fc build/obj/arm_cfft_radix4_q15.o
                0x00000000080112d0                arm_radix4_butterfly_q15
                0x0000000008011530                arm_radix4_butterfly_inverse_q15
                0x0000000008011790                arm_cfft_radix4_q15
 *fill*         0x00000000080117cc        0x4 
 .text          0x00000000080117d0      0x87c build/obj/arm_cfft_radix4_q31.o
                0x00000000080117d0                arm_radix4_butterfly_q31
                0x0000000008011bf0                arm_radix4_butterfly_inverse_q31
                0x0000000008012010                arm_cfft_radix4_q31
 *fill*         0x000000000801204c        0x4 
 .text          0x0000000008012050      0x590 build/obj/arm_cfft_radix8_f32.o
                0x0000000008012050                arm_radix8_butterfly_f32
 .text          0x00000000080125e0      0x1c0 build/obj/arm_rfft_f32.o
                0x00000000080125e0                arm_split_rfft_f32
                0x00000000080126b0                arm_split_rifft_f32
                0x0000000008012720                arm_rfft_f32
 .text          0x00000000080127a0      0x190 build/obj/arm_rfft_fast_f32.o
                0x00000000080127a0                stage_rfft_f32
                0x0000000008012850                merge_rfft_f32
                0x00000000080128f0                arm_rfft_fast_f32
 .text          0x0000000008012930      0x108 build/obj/arm_rfft_fast_init_f32.o
                0x0000000008012930                arm_rfft_fast_init_f32
 *fill*         0x0000000008012a38        0x8 
 .text          0x0000000008012a40       0x84 build/obj/arm_rfft_init_f32.o
                0x0000000008012a40                arm_rfft_init_f32
 *fill*         0x0000000008012ac4        0xc 
 .text          0x0000000008012ad0      0x110 build/obj/arm_rfft_init_q15.o
                0x0000000008012ad0                arm_rfft_init_q15
 .text          0x0000000008012be0      0x110 build/obj/arm_rfft_init_q31.o
                0x0000000008012be0                arm_rfft_init_q31
 .text          0x0000000008012cf0      0x188 build/obj/arm_rfft_q15.o
                0x0000000008012cf0                arm_split_rfft_q15
                0x0000000008012db0                arm_split_rifft_q15
                0x0000000008012e00                arm_rfft_q15
 *fill*         0x0000000008012e78        0x8 
 .text          0x0000000008012e80      0x1c8 build/obj/arm_rfft_q31.o
                0x0000000008012e80                arm_split_rfft_q31
                0x0000000008012f60                arm_split_rifft_q31
                0x0000000008012fd0                arm_rfft_q31
 *fill*         0x0000000008013048        0x8 
 .text          0x0000000008013050       0xc4 build/obj/arm_mult_q31.o
                0x0000000008013050                arm_mult_q31
 *fill*         0x0000000008013114        0xc 
 .text          0x0000000008013120       0xac build/obj/arm_mult_q15.o
                0x0000000008013120                arm_mult_q15
 *fill*         0x00000000080131cc        0x4 
 .text          0x00000000080131d0       0x8c build/obj/arm_mult_f32.o
                0x00000000080131d0                arm_mult_f32
 *fill*         0x000000000801325c        0x4 
 .text          0x0000000008013260      0x184 build/obj/arm_shift_q31.o
                0x0000000008013260                arm_shift_q31
 *fill*         0x00000000080133e4        0xc 
 .text          0x00000000080133f0      0x10c build/obj/arm_shift_q15.o
                0x00000000080133f0                arm_shift_q15
 *fill*         0x00000000080134fc        0x4 
 .text          0x0000000008013500       0x6c build/obj/arm_scale_f32.o
                0x0000000008013500                arm_scale_f32
 *fill*         0x000000000801356c        0x4 
 .text          0x0000000008013570      0x184 build/obj/arm_cmplx_mult_cmplx_q31.o
                0x0000000008013570                arm_cmplx_mult_cmplx_q31
 *fill*         0x00000000080136f4        0xc 
 .text          0x0000000008013700      0x118 build/obj/arm_cmplx_mult_cmplx_f32.o
                0x0000000008013700                arm_cmplx_mult_cmplx_f32
 *fill*         0x0000000008013818        0x8 
 .text          0x0000000008013820       0xe8 build/obj/arm_cmplx_mag_q31.o
                0x0000000008013820                arm_cmplx_mag_q31
 *fill*         0x0000000008013908        0x8 
 .text          0x0000000008013910      0x164 build/obj/arm_cmplx_mult_cmplx_q15.o
                0x0000000008013910                arm_cmplx_mult_cmplx_q15
 *fill*         0x0000000008013a74        0xc 
 .text          0x0000000008013a80       0xa4 build/obj/arm_cmplx_mag_q15.o
                0x0000000008013a80                arm_cmplx_mag_q15
 *fill*         0x0000000008013b24        0xc 
 .text          0x0000000008013b30       0x44 build/obj/arm_cos_q31.o
                0x0000000008013b30                arm_cos_q31
 *fill*         0x0000000008013b74        0xc 
 .text          0x0000000008013b80       0x38 build/obj/arm_sin_q31.o
                0x0000000008013b80                arm_sin_q31
 *fill*         0x0000000008013bb8        0x8 
 .text          0x0000000008013bc0       0xf0 build/obj/arm_sqrt_q31.o
                0x0000000008013bc0                arm_sqrt_q31
 .text          0x0000000008013cb0       0xf4 build/obj/arm_sqrt_q15.o
                0x0000000008013cb0                arm_sqrt_q15
 *fill*         0x0000000008013da4        0xc 
 .text          0x0000000008013db0       0x24 build/obj/arm_fir_init_q31.o
                0x0000000008013db0                arm_fir_init_q31
 *fill*         0x0000000008013dd4        0xc 
 .text          0x0000000008013de0      0x248 build/obj/arm_fir_fast_q31.o
                0x0000000008013de0                arm_fir_fast_q31
 *fill*         0x0000000008014028        0x8 
 .text          0x0000000008014030       0x20 build/obj/arm_biquad_cascade_df1_32x64_init_q31.o
                0x0000000008014030                arm_biquad_cas_df1_32x64_init_q31
 .text          0x0000000008014050      0x6ec build/obj/arm_biquad_cascade_df1_32x64_q31.o
                0x0000000008014050                arm_biquad_cas_df1_32x64_q31
 *fill*         0x000000000801473c        0x4 
 .text          0x0000000008014740      0x188 build/obj/arm_biquad_cascade_df1_fast_q31.o
                0x0000000008014740                arm_biquad_cascade_df1_fast_q31
 *fill*         0x00000000080148c8        0x8 
 .text          0x00000000080148d0       0x20 build/obj/arm_biquad_cascade_df1_init_q31.o
                0x00000000080148d0                arm_biquad_cascade_df1_init_q31
 .text          0x00000000080148f0      0x21c build/obj/arm_biquad_cascade_df1_q31.o
                0x00000000080148f0                arm_biquad_cascade_df1_q31
 *fill*         0x0000000008014b0c        0x4 
 .text          0x0000000008014b10       0x38 build/obj/arm_fir_interpolate_init_q31.o
                0x0000000008014b10                arm_fir_interpolate_init_q31
 *fill*         0x0000000008014b48        0x8 
 .text          0x0000000008014b50      0x40c build/obj/arm_fir_interpolate_q31.o
                0x0000000008014b50                arm_fir_interpolate_q31
 *fill*         0x0000000008014f5c        0x4 
 .text          0x0000000008014f60       0x38 build/obj/arm_fir_decimate_init_q31.o
                0x0000000008014f60                arm_fir_decimate_init_q31
 *fill*         0x0000000008014f98        0x8 
 .text          0x0000000008014fa0      0x18c build/obj/arm_fir_decimate_q31.o
                0x0000000008014fa0                arm_fir_decimate_q31
 *fill*         0x000000000801512c        0x4 
 .text          0x0000000008015130      0x3c8 build/obj/arm_fir_decimate_fast_q31.o
                0x0000000008015130                arm_fir_decimate_fast_q31
 *fill*         0x00000000080154f8        0x8 
 .text          0x0000000008015500       0x18 build/obj/arm_fir_lattice_init_q31.o
                0x0000000008015500                arm_fir_lattice_init_q31
 *fill*         0x0000000008015518        0x8 
 .text          0x0000000008015520      0x138 build/obj/arm_fir_lattice_q31.o
                0x0000000008015520                arm_fir_lattice_q31
 *fill*         0x0000000008015658        0x8 
 .text          0x0000000008015660       0x20 build/obj/arm_iir_lattice_init_q31.o
                0x0000000008015660                arm_iir_lattice_init_q31
 .text          0x0000000008015680      0x2a0 build/obj/arm_iir_lattice_q31.o
                0x0000000008015680                arm_iir_lattice_q31
 .text          0x0000000008015920        0x0 build/obj/arm_common_tables.o
 .text          0x0000000008015920        0x0 build/obj/arm_const_structs.o
 .text          0x0000000008015920      0x900 build/obj/usbh_core.o
                0x0000000008015920                USBH_Init
                0x00000000080159f0                USBH_DeInit
                0x0000000008015a50                USBH_RegisterClass
                0x0000000008015a90                USBH_SelectInterface
                0x0000000008015af0                USBH_GetActiveClass
                0x0000000008015b00                USBH_FindInterface
                0x0000000008015b50                USBH_FindInterfaceIndex
                0x0000000008015b80                USBH_Start
                0x0000000008015ba0                USBH_Stop
                0x0000000008015bd0                USBH_ReEnumerate
                0x0000000008015c40                USBH_Process
                0x0000000008016150                USBH_LL_SetTimer
                0x0000000008016160                USBH_LL_IncTimer
                0x0000000008016180                USBH_LL_Connect
                0x00000000080161c0                USBH_LL_Disconnect
                0x0000000008016210                USBH_LL_NotifyURBChange
 .text          0x0000000008016220      0x5ec build/obj/usbh_ctlreq.o
                0x0000000008016220                USBH_GetNextDesc
                0x0000000008016230                USBH_CtlReq
                0x0000000008016440                USBH_GetDescriptor
                0x0000000008016480                USBH_Get_DevDesc
                0x0000000008016540                USBH_Get_CfgDesc
                0x0000000008016710                USBH_Get_StringDesc
                0x0000000008016770                USBH_SetAddress
                0x0000000008016790                USBH_SetCfg
                0x00000000080167b0                USBH_SetInterface
                0x00000000080167e0                USBH_ClrFeature
 *fill*         0x000000000801680c        0x4 
 .text          0x0000000008016810      0x1a8 build/obj/usbh_ioreq.o
                0x0000000008016810                USBH_CtlSendSetup
                0x0000000008016840                USBH_CtlSendData
                0x0000000008016870                USBH_CtlReceiveData
                0x00000000080168a0                USBH_BulkSendData
                0x00000000080168d0                USBH_BulkReceiveData
                0x0000000008016900                USBH_InterruptReceiveData
                0x0000000008016930                USBH_InterruptSendData
                0x0000000008016960                USBH_IsocReceiveData
                0x0000000008016990                USBH_IsocSendData
 *fill*         0x00000000080169b8        0x8 
 .text          0x00000000080169c0       0x78 build/obj/usbh_pipes.o
                0x00000000080169c0                USBH_OpenPipe
                0x00000000080169e0                USBH_ClosePipe
                0x00000000080169f0                USBH_AllocPipe
                0x0000000008016a20                USBH_FreePipe
 *fill*         0x0000000008016a38        0x8 
 .text          0x0000000008016a40      0x638 build/obj/usbh_hid.o
                0x0000000008016d40                USBH_HID_GetHIDReportDescriptor
                0x0000000008016d60                USBH_HID_GetHIDDescriptor
                0x0000000008016d80                USBH_HID_SetIdle
                0x0000000008016da0                USBH_HID_SetReport
                0x0000000008016dd0                USBH_HID_GetReport
                0x0000000008016e00                USBH_HID_SetProtocol
                0x0000000008016e20                USBH_HID_GetDeviceType
                0x0000000008016e50                USBH_HID_GetPollInterval
                0x0000000008016e80                fifo_init
                0x0000000008016e90                fifo_read
                0x0000000008016ef0                fifo_write
 *fill*         0x0000000008017078        0x8 
 .text          0x0000000008017080      0x144 build/obj/usbh_hid_keybd.o
                0x0000000008017080                USBH_HID_KeybdInit
                0x00000000080170d0                USBH_HID_GetKeybdInfo
                0x0000000008017190                USBH_HID_GetASCIICode
 *fill*         0x00000000080171c4        0xc 
 .text          0x00000000080171d0       0xb8 build/obj/usbh_hid_mouse.o
                0x00000000080171d0                USBH_HID_MouseInit
                0x0000000008017210                USBH_HID_GetMouseInfo
 *fill*         0x0000000008017288        0x8 
 .text          0x0000000008017290      0x110 build/obj/usbh_hid_parser.o
                0x0000000008017290                HID_ReadItem
                0x0000000008017320                HID_WriteItem
 .text          0x00000000080173a0     0x12a0 build/obj/stm32f4xx_ll_usb.o
                0x0000000008017410                USB_CoreInit
                0x0000000008017490                USB_EnableGlobalInt
                0x00000000080174a0                USB_DisableGlobalInt
                0x00000000080174b0                USB_SetCurrentMode
                0x00000000080174f0                USB_DevInit
                0x0000000008017670                USB_FlushTxFifo
                0x00000000080176a0                USB_FlushRxFifo
                0x00000000080176c0                USB_SetDevSpeed
                0x00000000080176d0                USB_GetDevSpeed
                0x0000000008017710                USB_ActivateEndpoint
                0x00000000080177a0                USB_ActivateDedicatedEndpoint
                0x0000000008017890                USB_DeactivateEndpoint
                0x0000000008017920                USB_DeactivateDedicatedEndpoint
                0x0000000008017980                USB_EPStartXfer
                0x0000000008017be0                USB_EP0StartXfer
                0x0000000008017d60                USB_WritePacket
                0x0000000008017d70                USB_ReadPacket
                0x0000000008017da0                USB_EPSetStall
                0x0000000008017de0                USB_EPClearStall
                0x0000000008017e20                USB_StopDevice
                0x0000000008017e90                USB_SetDevAddress
                0x0000000008017eb0                USB_DevConnect
                0x0000000008017ed0                USB_DevDisconnect
                0x0000000008017ef0                USB_ReadInterrupts
                0x0000000008017f00                USB_ReadDevAllOutEpInterrupt
                0x0000000008017f10                USB_ReadDevAllInEpInterrupt
                0x0000000008017f20                USB_ReadDevOutEPInterrupt
                0x0000000008017f40                USB_ReadDevInEPInterrupt
                0x0000000008017f70                USB_ClearInterrupts
                0x0000000008017f80                USB_GetMode
                0x0000000008017f90                USB_ActivateSetup
                0x0000000008017fd0                USB_EP0_OutStart
                0x0000000008018020                USB_InitFSLSPClkSel
                0x0000000008018060                USB_ResetPort
                0x00000000080180a0                USB_DriveVbus
                0x00000000080180f0                USB_HostInit
                0x0000000008018200                USB_GetHostSpeed
                0x0000000008018220                USB_GetCurrentFrame
                0x0000000008018230                USB_HC_Init
                0x0000000008018350                USB_HC_StartXfer
                0x00000000080184e0                USB_HC_ReadInterrupt
                0x00000000080184f0                USB_HC_Halt
                0x0000000008018580                USB_DoPing
                0x00000000080185b0                USB_StopHost
 .text          0x0000000008018640      0x468 build/obj/stm32f4xx_hal_gpio.o
                0x0000000008018640                HAL_GPIO_Init
                0x00000000080188b0                HAL_GPIO_DeInit
                0x0000000008018a20                HAL_GPIO_ReadPin
                0x0000000008018a30                HAL_GPIO_WritePin
                0x0000000008018a40                HAL_GPIO_TogglePin
                0x0000000008018a50                HAL_GPIO_LockPin
                0x0000000008018a80                HAL_GPIO_EXTI_Callback
                0x0000000008018a90                HAL_GPIO_EXTI_IRQHandler
 *fill*         0x0000000008018aa8        0x8 
 .text          0x0000000008018ab0      0x2a8 build/obj/stm32f4xx_hal_cortex.o
                0x0000000008018ab0                HAL_NVIC_SetPriorityGrouping
                0x0000000008018ae0                HAL_NVIC_SetPriority
                0x0000000008018b50                HAL_NVIC_EnableIRQ
                0x0000000008018b70                HAL_NVIC_DisableIRQ
                0x0000000008018ba0                HAL_NVIC_SystemReset
                0x0000000008018bd0                HAL_SYSTICK_Config
                0x0000000008018c10                HAL_NVIC_GetPriorityGrouping
                0x0000000008018c20                HAL_NVIC_GetPriority
                0x0000000008018c80                HAL_NVIC_SetPendingIRQ
                0x0000000008018ca0                HAL_NVIC_GetPendingIRQ
                0x0000000008018cd0                HAL_NVIC_ClearPendingIRQ
                0x0000000008018cf0                HAL_NVIC_GetActive
                0x0000000008018d20                HAL_SYSTICK_CLKSourceConfig
                0x0000000008018d40                HAL_SYSTICK_Callback
                0x0000000008018d50                HAL_SYSTICK_IRQHandler
 *fill*         0x0000000008018d58        0x8 
 .text          0x0000000008018d60      0xb38 build/obj/stm32f4xx_hal_hcd.o
                0x0000000008018d60                HAL_HCD_HC_Init
                0x0000000008018dd0                HAL_HCD_HC_Halt
                0x0000000008018e10                HAL_HCD_Init
                0x0000000008018ea0                HAL_HCD_DeInit
                0x0000000008018ed0                HAL_HCD_HC_SubmitRequest
                0x0000000008019010                HAL_HCD_IRQHandler
                0x00000000080197d0                HAL_HCD_Start
                0x0000000008019800                HAL_HCD_Stop
                0x0000000008019830                HAL_HCD_ResetPort
                0x0000000008019840                HAL_HCD_GetState
                0x0000000008019850                HAL_HCD_HC_GetURBState
                0x0000000008019860                HAL_HCD_HC_GetXferCount
                0x0000000008019870                HAL_HCD_HC_GetState
                0x0000000008019880                HAL_HCD_GetCurrentFrame
                0x0000000008019890                HAL_HCD_GetCurrentSpeed
 *fill*         0x0000000008019898        0x8 
 .text          0x00000000080198a0      0xa38 build/obj/usbh_midi_core.o
                0x00000000080198a0                USBH_MIDI_ClassRequest
                0x00000000080198b0                USBH_MIDI_InterfaceInit
                0x0000000008019ad0                USBH_MIDI_InterfaceDeInit
                0x0000000008019b50                USBH_MIDI_SOFProcess
                0x0000000008019bb0                usbh_midi_init_buffer
                0x0000000008019bd0                usbh_midi_deinit_buffer
                0x0000000008019bf0                usbh_midi_init
                0x0000000008019c10                usbh_midi_reset_buffer
                0x0000000008019c30                calcCIN
                0x0000000008019c40                calcPH
                0x0000000008019c50                usbh_MidiSend1
                0x0000000008019cc0                usbh_MidiSend2
                0x0000000008019d30                usbh_MidiSend3
                0x0000000008019d90                usbh_MidiSendSysEx
                0x0000000008019eb0                usbh_MidiGetOutputBufferPending
                0x0000000008019ee0                usbh_MidiGetOutputBufferAvailable
                0x0000000008019ef0                isValidInput
                0x0000000008019f00                isValidOutput
                0x0000000008019f10                USBH_MIDI_ProcessInput
                0x000000000801a0a0                USBH_MIDI_ProcessOutput
                0x000000000801a2c0                USBH_MIDI_Process
 *fill*         0x000000000801a2d8        0x8 
 .text          0x000000000801a2e0      0x210 build/obj/usbh_vendor.o
 .text          0x000000000801a4f0      0x514 build/obj/usbh_conf.o
                0x000000000801a500                MIDI_CB
                0x000000000801a520                HAL_HCD_MspInit
                0x000000000801a690                HAL_HCD_MspDeInit
                0x000000000801a6d0                HAL_HCD_SOF_Callback
                0x000000000801a6e0                HAL_HCD_Connect_Callback
                0x000000000801a6f0                HAL_HCD_Disconnect_Callback
                0x000000000801a700                HAL_HCD_HC_NotifyURBChange_Callback
                0x000000000801a710                USBH_LL_Init
                0x000000000801a780                USBH_LL_DeInit
                0x000000000801a790                USBH_LL_Start
                0x000000000801a7a0                USBH_LL_Stop
                0x000000000801a7b0                USBH_LL_GetSpeed
                0x000000000801a7d0                USBH_LL_ResetPort
                0x000000000801a7e0                USBH_LL_GetLastXferSize
                0x000000000801a7f0                USBH_LL_OpenPipe
                0x000000000801a820                USBH_LL_ClosePipe
                0x000000000801a830                USBH_LL_DriverVBUS
                0x000000000801a860                USBH_LL_SetToggle
                0x000000000801a890                USBH_LL_GetToggle
                0x000000000801a8b0                USBH_Delay
                0x000000000801a8c0                MY_USBH_Init
                0x000000000801a910                USBH_HID_EventCallback
                0x000000000801a980                fakemalloc
                0x000000000801a9c0                fakefree
                0x000000000801a9d0                Vector174
                0x000000000801a9f0                Vector168
                0x000000000801aa00                Vector16C
 *fill*         0x000000000801aa04        0xc 
 .text          0x000000000801aa10      0x1c4 build/obj/serial_midi.o
                0x000000000801aa10                serial_MidiInByteHandler
                0x000000000801aaf0                serial_MidiSend1
                0x000000000801ab00                serial_MidiSend2
                0x000000000801ab30                serial_MidiSend3
                0x000000000801ab60                serial_MidiGetOutputBufferPending
                0x000000000801ab80                serial_midi_init
 *fill*         0x000000000801abd4        0xc 
 .text          0x000000000801abe0      0x374 build/obj/bulk_usb.o
                0x000000000801ad30                bduInit
                0x000000000801ad40                bduObjectInit
                0x000000000801ad90                bduStart
                0x000000000801adc0                bduStop
                0x000000000801ae10                bduConfigureHookI
                0x000000000801ae60                bduRequestsHook
                0x000000000801ae70                bduDataTransmitted
                0x000000000801aef0                bduDataReceived
 *fill*         0x000000000801af54        0xc 
 .text          0x000000000801af60      0x464 build/obj/midi_usb.o
                0x000000000801b0c0                mduInit
                0x000000000801b0d0                mduObjectInit
                0x000000000801b120                mduStart
                0x000000000801b150                mduStop
                0x000000000801b1a0                mduConfigureHookI
                0x000000000801b1f0                mduRequestsHook
                0x000000000801b200                mduDataTransmitted
                0x000000000801b280                mduDataReceived
                0x000000000801b2f0                calcDS1
                0x000000000801b300                calcCIN1
                0x000000000801b310                midi_usb_MidiSend1
                0x000000000801b350                midi_usb_MidiSend2
                0x000000000801b390                midi_usb_MidiSend3
 *fill*         0x000000000801b3c4        0xc 
 .text          0x000000000801b3d0       0x98 build/obj/crc32.o
                0x000000000801b3d0                revbit
                0x000000000801b3e0                CalcCRC32
 *fill*         0x000000000801b468        0x8 
 .text          0x000000000801b470      0x688 build/obj/exceptions.o
                0x000000000801b4a0                UsageFaultVector
                0x000000000801b4a0                report_exception
                0x000000000801b4a0                MemManageVector
                0x000000000801b4a0                HardFaultVector
                0x000000000801b4a0                BusFaultVector
                0x000000000801b4c0                BootLoaderInit
                0x000000000801b510                exception_check_DFU
                0x000000000801b560                exception_init
                0x000000000801b5d0                exception_check
                0x000000000801b5f0                exception_clear
                0x000000000801b600                exception_initiate_dfu
                0x000000000801b6a0                exception_checkandreport
                0x000000000801b7d0                report_fatfs_error
                0x000000000801b860                report_patchLoadFail
                0x000000000801b8f0                report_patchLoadSDRamOverflow
                0x000000000801b980                report_usbh_midi_ringbuffer_overflow
                0x000000000801b9a0                dbg_set_i
                0x000000000801b9b0                terminator
                0x000000000801ba30                prvGetRegistersFromStack
                0x000000000801bad0                Vector40
 *fill*         0x000000000801baf8        0x8 
 .text          0x000000000801bb00       0x14 build/obj/watchdog.o
                0x000000000801bb00                watchdog_init
                0x000000000801bb10                watchdog_feed
 *fill*         0x000000000801bb14        0xc 
 .text          0x000000000801bb20      0x2cc build/obj/sysmon.o
                0x000000000801bc70                sysmon_init
                0x000000000801bd30                sysmon_disable_blinker
                0x000000000801bd40                sysmon_enable_blinker
                0x000000000801bd50                sysmon_blink_pattern
                0x000000000801bd70                setErrorFlag
                0x000000000801bda0                getErrorFlag
                0x000000000801bdc0                errorFlagClearAll
                0x000000000801bdd0                sysmon_getVoltage50
                0x000000000801bde0                sysmon_getVoltage10
 *fill*         0x000000000801bdec        0x4 
 .text          0x000000000801bdf0       0x9c build/obj/axoloti_memory.o
                0x000000000801bdf0                sdram_init
                0x000000000801be10                sdram_malloc
                0x000000000801be60                sdram_free
                0x000000000801be80                sdram_get_free
 *fill*         0x000000000801be8c        0x4 
 .text          0x000000000801be90        0x0 build/obj/units.o
 .text          0x000000000801be90        0x0 build/obj/atan.o
 .text          0x000000000801be90        0x0 build/obj/random.o
 .text          0x000000000801be90        0x0 build/obj/mutable_resources.o
 .text          0x000000000801be90        0x0 build/obj/braids_resources.o
 .text          0x000000000801be90        0x0 build/obj/analog_oscillator.o
 .text          0x000000000801be90        0x0 build/obj/digital_oscillator.o
 .text          0x000000000801be90        0x0 build/obj/macro_oscillator.o
 .text          0x000000000801be90        0x0 build/obj/warps_resources.o
 .text          0x000000000801be90      0xb58 build/obj/filter_bank.o
                0x000000000801be90                warps::FilterBank::Init(float)
                0x000000000801c110                warps::FilterBank::Synthesize(float*, unsigned int)
                0x000000000801c700                warps::FilterBank::Analyze(float const*, unsigned int)
 *fill*         0x000000000801c9e8        0x8 
 .text          0x000000000801c9f0     0x200c build/obj/modulator.o
                0x000000000801c9f0                warps::Modulator::Init(float)
                0x000000000801cae0                warps::Modulator::ProcessEasterEgg(warps::ShortFrame*, warps::ShortFrame*, unsigned int)
                0x000000000801d210                warps::Modulator::Process(warps::ShortFrame*, warps::ShortFrame*, unsigned int)
 *fill*         0x000000000801e9fc        0x4 
 .text          0x000000000801ea00      0x3a8 build/obj/oscillator.o
                0x000000000801ea00                warps::Oscillator::RenderSine(float, float*, float*, unsigned int)
                0x000000000801eaf0                warps::Oscillator::Init(float)
                0x000000000801eb40                warps::Oscillator::Render(warps::OscillatorShape, float, float*, float*, unsigned int)
                0x000000000801eb90                warps::Oscillator::Duck(float const*, float const*, float*, unsigned int)
                0x000000000801ec20                warps::Oscillator::RenderNoise(float, float*, float*, unsigned int)
 *fill*         0x000000000801eda8        0x8 
 .text          0x000000000801edb0      0x4a8 build/obj/vocoder.o
                0x000000000801edb0                warps::Vocoder::Init(float)
                0x000000000801ee40                warps::Vocoder::Process(float const*, float const*, float*, unsigned int)
 *fill*         0x000000000801f258        0x8 
 .text          0x000000000801f260       0xc8 build/obj/axoloti_mi.o
                0x000000000801f260                loadElementsData
 *fill*         0x000000000801f328        0x8 
 .text          0x000000000801f330       0x54 build/obj/multistage_envelope.o
                0x000000000801f330                elements::MultistageEnvelope::Init()
 *fill*         0x000000000801f384        0xc 
 .text          0x000000000801f390     0x1024 build/obj/ominous_voice.o
                0x000000000801f390                elements::Spatializer::Init(float)
                0x000000000801f3c0                elements::Spatializer::Process(float*, float*, float*, unsigned int)
                0x000000000801f5e0                elements::FmOscillator::Process(float, float, float, float, float const*, float*, unsigned int)
                0x000000000801f7f0                elements::OminousVoice::Init()
                0x000000000801f9d0                elements::OminousVoice::ConfigureEnvelope(elements::Patch const&)
                0x000000000801faf0                elements::OminousVoice::Process(elements::Patch const&, float, float, bool, float const*, float const*, float*, float*, float*, unsigned int)
 *fill*         0x00000000080203b4        0xc 
 .text          0x00000000080203c0      0x6e0 build/obj/resonator.o
                0x00000000080203c0                elements::Resonator::Init()
                0x0000000008020480                elements::Resonator::ComputeFilters()
                0x0000000008020730                elements::Resonator::Process(float const*, float const*, float*, float*, unsigned int)
 .text          0x0000000008020aa0      0x100 build/obj/string.o
                0x0000000008020aa0                elements::String::Init(bool)
                0x0000000008020b80                elements::String::Process(float const*, float*, float*, unsigned int)
 .text          0x0000000008020ba0      0x198 build/obj/tube.o
                0x0000000008020ba0                elements::Tube::Init()
                0x0000000008020bb0                elements::Tube::Process(float, float, float, float, float*, float, unsigned int)
 *fill*         0x0000000008020d38        0x8 
 .text          0x0000000008020d40      0x960 build/obj/exciter.o
                0x0000000008020d40                elements::Exciter::ProcessGranularSamplePlayer(unsigned char, float*, unsigned int)
                0x0000000008020e90                elements::Exciter::ProcessSamplePlayer(unsigned char, float*, unsigned int)
                0x0000000008021090                elements::Exciter::ProcessMallet(unsigned char, float*, unsigned int)
                0x0000000008021120                elements::Exciter::ProcessPlectrum(unsigned char, float*, unsigned int)
                0x0000000008021200                elements::Exciter::ProcessFlow(unsigned char, float*, unsigned int)
                0x00000000080212a0                elements::Exciter::ProcessNoise(unsigned char, float*, unsigned int)
                0x00000000080212f0                elements::Exciter::ProcessParticles(unsigned char, float*, unsigned int)
                0x0000000008021500                elements::Exciter::Init()
                0x0000000008021550                elements::Exciter::GetPulseAmplitude(float)
                0x0000000008021580                elements::Exciter::Process(unsigned char, float*, unsigned int)
 .text          0x00000000080216a0        0x0 build/obj/elements_resources.o
 .text          0x00000000080216a0      0xc64 build/obj/part.o
                0x00000000080216a0                elements::Part::Init(unsigned short*)
                0x0000000008021810                elements::Part::Seed(unsigned long*, unsigned int)
                0x0000000008021940                elements::Part::Process(elements::PerformanceState const&, float const*, float const*, float*, float*, unsigned int)
 *fill*         0x0000000008022304        0xc 
 .text          0x0000000008022310      0xca8 build/obj/voice.o
                0x0000000008022310                elements::Voice::ResetResonator()
                0x0000000008022350                elements::Voice::Init()
                0x0000000008022440                elements::Voice::Process(elements::Patch const&, float, float, bool, float const*, float const*, float*, float*, float*, unsigned int)
 *fill*         0x0000000008022fb8        0x8 
 .text          0x0000000008022fc0        0x0 build/obj/clouds_resources.o
 .text          0x0000000008022fc0       0xec build/obj/correlator.o
                0x0000000008022fc0                clouds::Correlator::Init(unsigned long*, unsigned long*)
                0x0000000008022fe0                clouds::Correlator::EvaluateNextCandidate()
                0x0000000008023090                clouds::Correlator::StartSearch(long, long, long)
 *fill*         0x00000000080230ac        0x4 
 .text          0x00000000080230b0        0x0 build/obj/mu_law.o
 .text          0x00000000080230b0     0x4e78 build/obj/granular_processor.o
                0x00000000080230b0                clouds::GranularProcessor::ResetFilters()
                0x0000000008023100                clouds::GranularProcessor::Init(void*, unsigned int, void*, unsigned int)
                0x0000000008023190                clouds::GranularProcessor::PreparePersistentData()
                0x0000000008023200                clouds::GranularProcessor::GetPersistentData(clouds::PersistentBlock*, unsigned int*)
                0x0000000008023260                clouds::GranularProcessor::Prepare()
                0x00000000080240c0                clouds::GranularProcessor::LoadPersistentData(unsigned long const*)
                0x00000000080242c0                clouds::GranularProcessor::ProcessGranular(clouds::FloatFrame*, clouds::FloatFrame*, unsigned int)
                0x0000000008026920                clouds::GranularProcessor::Process(clouds::ShortFrame*, clouds::ShortFrame*, unsigned int)
 *fill*         0x0000000008027f28        0x8 
 .text          0x0000000008027f30      0xbb4 build/obj/frame_transformation.o
                0x0000000008027f30                clouds::FrameTransformation::Init(float*, long, long)
                0x0000000008027fa0                clouds::FrameTransformation::Reset()
                0x0000000008027fe0                clouds::FrameTransformation::RectangularToPolar(float*)
                0x0000000008028120                clouds::FrameTransformation::SetPhases(float*, float, float)
                0x0000000008028220                clouds::FrameTransformation::PolarToRectangular(float*)
                0x00000000080282a0                clouds::FrameTransformation::AddGlitch(float*)
                0x0000000008028440                clouds::FrameTransformation::QuantizeMagnitudes(float*, float)
                0x0000000008028590                clouds::FrameTransformation::WarpMagnitudes(float*, float*, float)
                0x0000000008028670                clouds::FrameTransformation::ShiftMagnitudes(float*, float*, float)
                0x0000000008028760                clouds::FrameTransformation::StoreMagnitudes(float*, float, float)
                0x0000000008028930                clouds::FrameTransformation::ReplayMagnitudes(float*, float)
                0x00000000080289a0                clouds::FrameTransformation::Process(clouds::Parameters const&, float*, float*)
 *fill*         0x0000000008028ae4        0xc 
 .text          0x0000000008028af0      0x1dc build/obj/phase_vocoder.o
                0x0000000008028af0                clouds::PhaseVocoder::Init(void**, unsigned int*, float const*, unsigned int, long, long, float)
                0x0000000008028c50                clouds::PhaseVocoder::Process(clouds::Parameters const&, clouds::FloatFrame const*, clouds::FloatFrame*, unsigned int)
                0x0000000008028ca0                clouds::PhaseVocoder::Buffer()
 *fill*         0x0000000008028ccc        0x4 
 .text          0x0000000008028cd0      0xfbc build/obj/stft.o
                0x0000000008028cd0                clouds::STFT::Reset()
                0x0000000008028d20                clouds::STFT::Init(stmlib::ShyFFT<float, 4096u, stmlib::RotationPhasor>*, unsigned int, unsigned int, float*, float*, float const*, short*, clouds::FrameTransformation*)
                0x0000000008028e10                clouds::STFT::Process(clouds::Parameters const&, float const*, float*, unsigned int, unsigned int)
                0x0000000008028ed0                clouds::STFT::Buffer()
 *fill*         0x0000000008029c8c        0x4 
 .text          0x0000000008029c90        0x0 build/obj/rings_resources.o
 .text          0x0000000008029c90        0x0 build/obj/streams_resources.o
 .text          0x0000000008029c90      0x25c build/obj/compressor.o
                0x0000000008029c90                streams::Compressor::Init()
                0x0000000008029ca0                streams::Compressor::Log2(long)
                0x0000000008029ce0                streams::Compressor::Exp2(long)
                0x0000000008029d60                streams::Compressor::Compress(long, long, long, bool)