Archive member included because of file (symbol)

/Applications/axoloti_runtime/platform_osx/bin/../lib/gcc/arm-none-eabi/4.9.3/../../../../arm-none-eabi/lib/armv7e-m/fpu/libm.a(lib_a-sf_cos.o)
                              build/obj/axoloti_math.o (cosf)
/Applications/axoloti_runtime/platform_osx/bin/../lib/gcc/arm-none-eabi/4.9.3/../../../../arm-none-eabi/lib/armv7e-m/fpu/libm.a(lib_a-sf_sin.o)
                              build/obj/axoloti_math.o (sinf)
/Applications/axoloti_runtime/platform_osx/bin/../lib/gcc/arm-none-eabi/4.9.3/../../../../arm-none-eabi/lib/armv7e-m/fpu/libm.a(lib_a-w_log.o)
                              build/obj/axoloti_math.o (log)
/Applications/axoloti_runtime/platform_osx/bin/../lib/gcc/arm-none-eabi/4.9.3/../../../../arm-none-eabi/lib/armv7e-m/fpu/libm.a(lib_a-w_pow.o)
                              build/obj/axoloti_math.o (pow)
/Applications/axoloti_runtime/platform_osx/bin/../lib/gcc/arm-none-eabi/4.9.3/../../../../arm-none-eabi/lib/armv7e-m/fpu/libm.a(lib_a-wf_pow.o)
                              build/obj/axoloti_math.o (powf)
/Applications/axoloti_runtime/platform_osx/bin/../lib/gcc/arm-none-eabi/4.9.3/../../../../arm-none-eabi/lib/armv7e-m/fpu/libm.a(lib_a-e_log.o)
                              /Applications/axoloti_runtime/platform_osx/bin/../lib/gcc/arm-none-eabi/4.9.3/../../../../arm-none-eabi/lib/armv7e-m/fpu/libm.a(lib_a-w_log.o) (__ieee754_log)
/Applications/axoloti_runtime/platform_osx/bin/../lib/gcc/arm-none-eabi/4.9.3/../../../../arm-none-eabi/lib/armv7e-m/fpu/libm.a(lib_a-e_pow.o)
                              /Applications/axoloti_runtime/platform_osx/bin/../lib/gcc/arm-none-eabi/4.9.3/../../../../arm-none-eabi/lib/armv7e-m/fpu/libm.a(lib_a-w_pow.o) (__ieee754_pow)
/Applications/axoloti_runtime/platform_osx/bin/../lib/gcc/arm-none-eabi/4.9.3/../../../../arm-none-eabi/lib/armv7e-m/fpu/libm.a(lib_a-e_sqrt.o)
                              /Applications/axoloti_runtime/platform_osx/bin/../lib/gcc/arm-none-eabi/4.9.3/../../../../arm-none-eabi/lib/armv7e-m/fpu/libm.a(lib_a-e_pow.o) (__ieee754_sqrt)
/Applications/axoloti_runtime/platform_osx/bin/../lib/gcc/arm-none-eabi/4.9.3/../../../../arm-none-eabi/lib/armv7e-m/fpu/libm.a(lib_a-ef_pow.o)
                              /Applications/axoloti_runtime/platform_osx/bin/../lib/gcc/arm-none-eabi/4.9.3/../../../../arm-none-eabi/lib/armv7e-m/fpu/libm.a(lib_a-wf_pow.o) (__ieee754_powf)
/Applications/axoloti_runtime/platform_osx/bin/../lib/gcc/arm-none-eabi/4.9.3/../../../../arm-none-eabi/lib/armv7e-m/fpu/libm.a(lib_a-ef_rem_pio2.o)
                              /Applications/axoloti_runtime/platform_osx/bin/../lib/gcc/arm-none-eabi/4.9.3/../../../../arm-none-eabi/lib/armv7e-m/fpu/libm.a(lib_a-sf_cos.o) (__ieee754_rem_pio2f)
/Applications/axoloti_runtime/platform_osx/bin/../lib/gcc/arm-none-eabi/4.9.3/../../../../arm-none-eabi/lib/armv7e-m/fpu/libm.a(lib_a-ef_sqrt.o)
                              /Applications/axoloti_runtime/platform_osx/bin/../lib/gcc/arm-none-eabi/4.9.3/../../../../arm-none-eabi/lib/armv7e-m/fpu/libm.a(lib_a-ef_pow.o) (__ieee754_sqrtf)
/Applications/axoloti_runtime/platform_osx/bin/../lib/gcc/arm-none-eabi/4.9.3/../../../../arm-none-eabi/lib/armv7e-m/fpu/libm.a(lib_a-kf_cos.o)
                              /Applications/axoloti_runtime/platform_osx/bin/../lib/gcc/arm-none-eabi/4.9.3/../../../../arm-none-eabi/lib/armv7e-m/fpu/libm.a(lib_a-sf_cos.o) (__kernel_cosf)
/Applications/axoloti_runtime/platform_osx/bin/../lib/gcc/arm-none-eabi/4.9.3/../../../../arm-none-eabi/lib/armv7e-m/fpu/libm.a(lib_a-kf_rem_pio2.o)
                              /Applications/axoloti_runtime/platform_osx/bin/../lib/gcc/arm-none-eabi/4.9.3/../../../../arm-none-eabi/lib/armv7e-m/fpu/libm.a(lib_a-ef_rem_pio2.o) (__kernel_rem_pio2f)
/Applications/axoloti_runtime/platform_osx/bin/../lib/gcc/arm-none-eabi/4.9.3/../../../../arm-none-eabi/lib/armv7e-m/fpu/libm.a(lib_a-kf_sin.o)
                              /Applications/axoloti_runtime/platform_osx/bin/../lib/gcc/arm-none-eabi/4.9.3/../../../../arm-none-eabi/lib/armv7e-m/fpu/libm.a(lib_a-sf_cos.o) (__kernel_sinf)
/Applications/axoloti_runtime/platform_osx/bin/../lib/gcc/arm-none-eabi/4.9.3/../../../../arm-none-eabi/lib/armv7e-m/fpu/libm.a(lib_a-s_fabs.o)
                              /Applications/axoloti_runtime/platform_osx/bin/../lib/gcc/arm-none-eabi/4.9.3/../../../../arm-none-eabi/lib/armv7e-m/fpu/libm.a(lib_a-e_pow.o) (fabs)
/Applications/axoloti_runtime/platform_osx/bin/../lib/gcc/arm-none-eabi/4.9.3/../../../../arm-none-eabi/lib/armv7e-m/fpu/libm.a(lib_a-s_finite.o)
                              /Applications/axoloti_runtime/platform_osx/bin/../lib/gcc/arm-none-eabi/4.9.3/../../../../arm-none-eabi/lib/armv7e-m/fpu/libm.a(lib_a-w_pow.o) (finite)
/Applications/axoloti_runtime/platform_osx/bin/../lib/gcc/arm-none-eabi/4.9.3/../../../../arm-none-eabi/lib/armv7e-m/fpu/libm.a(lib_a-s_fpclassify.o)
[...]
Memory Configuration

Name             Origin             Length             Attributes
flash            0x0000000008000000 0x00000000000e0000 xr
ram              0x0000000020000200 0x000000000000ae00
SRAM2            0x000000002001e000 0x0000000000002000
CCMRAMEND        0x000000001000c000 0x0000000000002800
sdram            0x00000000c0000000 0x0000000000400000
*default*        0x0000000000000000 0xffffffffffffffff

Linker script and memory map

LOAD build/obj/arm_bitreversal2.o
LOAD build/obj/crt0.o
LOAD build/obj/vectors.o
LOAD build/obj/chcore.o
LOAD build/obj/chcore_v7m.o
LOAD build/obj/nvic.o
LOAD build/obj/chsys.o
LOAD build/obj/chdebug.o
LOAD build/obj/chlists.o
LOAD build/obj/chvt.o
LOAD build/obj/chschd.o
LOAD build/obj/chthreads.o
LOAD build/obj/chdynamic.o
LOAD build/obj/chregistry.o
LOAD build/obj/chsem.o
LOAD build/obj/chmtx.o
LOAD build/obj/chcond.o
LOAD build/obj/chevents.o
LOAD build/obj/chmsg.o
LOAD build/obj/chmboxes.o
LOAD build/obj/chqueues.o
LOAD build/obj/chmemcore.o
LOAD build/obj/chheap.o
LOAD build/obj/chmempools.o
LOAD build/obj/hal.o
LOAD build/obj/adc.o
LOAD build/obj/can.o
LOAD build/obj/ext.o
LOAD build/obj/gpt.o
LOAD build/obj/i2c.o
LOAD build/obj/icu.o
LOAD build/obj/mac.o
LOAD build/obj/mmc_spi.o
LOAD build/obj/mmcsd.o
LOAD build/obj/pal.o
LOAD build/obj/pwm.o
LOAD build/obj/rtc.o
LOAD build/obj/sdc.o
LOAD build/obj/serial.o
LOAD build/obj/serial_usb.o
LOAD build/obj/spi.o
LOAD build/obj/tm.o
LOAD build/obj/uart.o
LOAD build/obj/usb.o
LOAD build/obj/stm32_dma.o
LOAD build/obj/hal_lld.o
LOAD build/obj/adc_lld.o
LOAD build/obj/ext_lld_isr.o
LOAD build/obj/can_lld.o
LOAD build/obj/ext_lld.o
LOAD build/obj/mac_lld.o
LOAD build/obj/sdc_lld.o
LOAD build/obj/pal_lld.o
LOAD build/obj/i2c_lld.o
LOAD build/obj/usb_lld.o
LOAD build/obj/rtc_lld.o
LOAD build/obj/spi_lld.o
LOAD build/obj/gpt_lld.o
LOAD build/obj/icu_lld.o
LOAD build/obj/pwm_lld.o
LOAD build/obj/serial_lld.o
LOAD build/obj/uart_lld.o
LOAD build/obj/board.o
LOAD build/obj/fatfs_diskio.o
LOAD build/obj/fatfs_syscall.o
LOAD build/obj/ff.o
LOAD build/obj/ccsbcs.o
LOAD build/obj/chprintf.o
LOAD build/obj/memstreams.o
LOAD build/obj/axoloti_control.o
LOAD build/obj/codec.o
LOAD build/obj/axoloti.o
LOAD build/obj/axoloti_filters.o
LOAD build/obj/axoloti_math.o
LOAD build/obj/axoloti_oscs.o
LOAD build/obj/axoloti_board.o
LOAD build/obj/midi.o
LOAD build/obj/ui.o
LOAD build/obj/glcdfont.o
LOAD build/obj/usbcfg.o
LOAD build/obj/sdcard.o
LOAD build/obj/pconnection.o
LOAD build/obj/parameters.o
LOAD build/obj/main.o
LOAD build/obj/patch.o
LOAD build/obj/flash.o
LOAD build/obj/virtual_control.o
LOAD build/obj/arm_bitreversal.o
LOAD build/obj/arm_cfft_f32.o
LOAD build/obj/arm_cfft_q15.o
LOAD build/obj/arm_cfft_q31.o
LOAD build/obj/arm_cfft_radix2_f32.o
LOAD build/obj/arm_cfft_radix2_init_f32.o
LOAD build/obj/arm_cfft_radix2_init_q15.o
LOAD build/obj/arm_cfft_radix2_init_q31.o
LOAD build/obj/arm_cfft_radix2_q15.o
LOAD build/obj/arm_cfft_radix2_q31.o
LOAD build/obj/arm_cfft_radix4_f32.o
LOAD build/obj/arm_cfft_radix4_init_f32.o
LOAD build/obj/arm_cfft_radix4_init_q15.o
LOAD build/obj/arm_cfft_radix4_init_q31.o
LOAD build/obj/arm_cfft_radix4_q15.o
LOAD build/obj/arm_cfft_radix4_q31.o
LOAD build/obj/arm_cfft_radix8_f32.o
LOAD build/obj/arm_rfft_f32.o
LOAD build/obj/arm_rfft_fast_f32.o
LOAD build/obj/arm_rfft_fast_init_f32.o
LOAD build/obj/arm_rfft_init_f32.o
LOAD build/obj/arm_rfft_init_q15.o
LOAD build/obj/arm_rfft_init_q31.o
LOAD build/obj/arm_rfft_q15.o
LOAD build/obj/arm_rfft_q31.o
LOAD build/obj/arm_mult_q31.o
LOAD build/obj/arm_mult_q15.o
LOAD build/obj/arm_mult_f32.o
LOAD build/obj/arm_shift_q31.o
LOAD build/obj/arm_shift_q15.o
LOAD build/obj/arm_scale_f32.o
LOAD build/obj/arm_cmplx_mult_cmplx_q31.o
LOAD build/obj/arm_cmplx_mult_cmplx_f32.o
LOAD build/obj/arm_cmplx_mag_q31.o
LOAD build/obj/arm_cmplx_mult_cmplx_q15.o
LOAD build/obj/arm_cmplx_mag_q15.o
LOAD build/obj/arm_cos_q31.o
LOAD build/obj/arm_sin_q31.o
LOAD build/obj/arm_sqrt_q31.o
LOAD build/obj/arm_sqrt_q15.o
LOAD build/obj/arm_fir_init_q31.o
LOAD build/obj/arm_fir_fast_q31.o
LOAD build/obj/arm_biquad_cascade_df1_32x64_init_q31.o
LOAD build/obj/arm_biquad_cascade_df1_32x64_q31.o
LOAD build/obj/arm_biquad_cascade_df1_fast_q31.o
LOAD build/obj/arm_biquad_cascade_df1_init_q31.o
LOAD build/obj/arm_biquad_cascade_df1_q31.o
LOAD build/obj/arm_fir_interpolate_init_q31.o
LOAD build/obj/arm_fir_interpolate_q31.o
LOAD build/obj/arm_fir_decimate_init_q31.o
LOAD build/obj/arm_fir_decimate_q31.o
LOAD build/obj/arm_fir_decimate_fast_q31.o
LOAD build/obj/arm_fir_lattice_init_q31.o
LOAD build/obj/arm_fir_lattice_q31.o
LOAD build/obj/arm_iir_lattice_init_q31.o
LOAD build/obj/arm_iir_lattice_q31.o
LOAD build/obj/arm_common_tables.o
LOAD build/obj/arm_const_structs.o
LOAD build/obj/usbh_core.o
LOAD build/obj/usbh_ctlreq.o
LOAD build/obj/usbh_ioreq.o
LOAD build/obj/usbh_pipes.o
LOAD build/obj/usbh_hid.o
LOAD build/obj/usbh_hid_keybd.o
LOAD build/obj/usbh_hid_mouse.o
LOAD build/obj/usbh_hid_parser.o
LOAD build/obj/stm32f4xx_ll_usb.o
LOAD build/obj/stm32f4xx_hal_gpio.o
LOAD build/obj/stm32f4xx_hal_cortex.o
LOAD build/obj/stm32f4xx_hal_hcd.o
LOAD build/obj/usbh_midi_core.o
LOAD build/obj/usbh_vendor.o
LOAD build/obj/usbh_conf.o
LOAD build/obj/serial_midi.o
LOAD build/obj/bulk_usb.o
LOAD build/obj/midi_usb.o
LOAD build/obj/crc32.o
LOAD build/obj/exceptions.o
LOAD build/obj/watchdog.o
LOAD build/obj/sysmon.o
LOAD build/obj/axoloti_memory.o
LOAD build/obj/units.o
LOAD build/obj/atan.o
LOAD build/obj/random.o
LOAD build/obj/mutable_resources.o
LOAD build/obj/braids_resources.o
LOAD build/obj/analog_oscillator.o
LOAD build/obj/digital_oscillator.o
LOAD build/obj/macro_oscillator.o
LOAD build/obj/axoloti_mi.o
LOAD build/obj/multistage_envelope.o
LOAD build/obj/ominous_voice.o
LOAD build/obj/resonator.o
LOAD build/obj/string.o
LOAD build/obj/tube.o
LOAD build/obj/exciter.o
LOAD build/obj/elements_resources.o
LOAD build/obj/part.o
LOAD build/obj/voice.o
LOAD build/obj/clouds_resources.o
LOAD build/obj/correlator.o
LOAD build/obj/mu_law.o
LOAD build/obj/granular_processor.o
LOAD build/obj/frame_transformation.o
LOAD build/obj/phase_vocoder.o
LOAD build/obj/stft.o
LOAD build/obj/rings_resources.o
LOAD build/obj/streams_resources.o
LOAD build/obj/compressor.o
LOAD build/obj/envelope.o
LOAD build/obj/follower.o
LOAD build/obj/lorenz_generator.o
LOAD build/obj/processor.o
LOAD build/obj/svf.o
LOAD build/obj/vactrol.o
                0x0000000000000400                __main_stack_size__ = 0x400
                0x0000000000000400                __process_stack_size__ = 0x400
                0x0000000020000200                __ram_start__ = ORIGIN (ram)
                0x000000000000ae00                __ram_size__ = 0xae00
                0x000000002000b000                __ram_end__ = (__ram_start__ + __ram_size__)
                0x00000000c0000000                __sdram_start__ = ORIGIN (sdram)
                0x0000000000400000                __sdram_size__ = 0x400000
                0x00000000c0400000                __sdram_end__ = (__sdram_start__ + __sdram_size__)
                0x0000000000000000                . = 0x0
                0x0000000000000000                _text = .

startup         0x0000000008000000      0x1ac
 *(vectors)
 vectors        0x0000000008000000      0x1ac build/obj/vectors.o
                0x0000000008000000                _vectors

constructors    0x00000000080001ac        0x0
                0x00000000080001ac                PROVIDE (__init_array_start, .)
 *(SORT(.init_array.*))
 *(.init_array)
                0x00000000080001ac                PROVIDE (__init_array_end, .)

destructors     0x00000000080001ac        0x0
                0x00000000080001ac                PROVIDE (__fini_array_start, .)
 *(.fini_array)
 *(SORT(.fini_array.*))
                0x00000000080001ac                PROVIDE (__fini_array_end, .)

.text           0x00000000080001b0    0xb7144
 *(.text.startup.*)
 *(.text)
 .text          0x00000000080001b0       0xc0 build/obj/arm_bitreversal2.o
                0x00000000080001b0                arm_bitreversal_32
                0x000000000800021a                arm_bitreversal_16
 .text          0x0000000008000270      0x150 build/obj/crt0.o
                0x0000000008000290                _default_exit
                0x00000000080002a0                ResetHandler
 .text          0x00000000080003c0        0x4 build/obj/vectors.o
                0x00000000080003c0                Vector18C
                0x00000000080003c0                VectorE8
                0x00000000080003c0                Vector9C
                0x00000000080003c0                Vector1A0
                0x00000000080003c0                Vector5C
                0x00000000080003c0                NMIVector
                0x00000000080003c0                Vector11C
                0x00000000080003c0                Vector19C
                0x00000000080003c0                Vector8C
                0x00000000080003c0                Vector110
                0x00000000080003c0                VectorC8
                0x00000000080003c0                Vector94
                0x00000000080003c0                VectorA8
                0x00000000080003c0                VectorEC
                0x00000000080003c0                DebugMonitorVector
                0x00000000080003c0                Vector190
                0x00000000080003c0                Vector148
                0x00000000080003c0                Vector188
                0x00000000080003c0                PendSVVector
                0x00000000080003c0                Vector198
                0x00000000080003c0                Vector118
                0x00000000080003c0                Vector64
                0x00000000080003c0                VectorCC
                0x00000000080003c0                Vector54
                0x00000000080003c0                Vector98
                0x00000000080003c0                Vector138
                0x00000000080003c0                Vector24
                0x00000000080003c0                Vector178
                0x00000000080003c0                Vector1A4
                0x00000000080003c0                VectorD0
                0x00000000080003c0                Vector140
                0x00000000080003c0                VectorE4
                0x00000000080003c0                Vector134
                0x00000000080003c0                Vector13C
                0x00000000080003c0                Vector100
                0x00000000080003c0                VectorE0
                0x00000000080003c0                VectorF4
                0x00000000080003c0                VectorA0
                0x00000000080003c0                VectorC4
                0x00000000080003c0                Vector180
                0x00000000080003c0                VectorB0
                0x00000000080003c0                Vector90
                0x00000000080003c0                Vector114
                0x00000000080003c0                Vector60
                0x00000000080003c0                Vector1C
                0x00000000080003c0                Vector17C
                0x00000000080003c0                Vector48
                0x00000000080003c0                Vector1A8
                0x00000000080003c0                Vector4C
                0x00000000080003c0                Vector144
                0x00000000080003c0                Vector68
                0x00000000080003c0                _unhandled_exception
                0x00000000080003c0                Vector170
                0x00000000080003c0                Vector184
                0x00000000080003c0                Vector10C
                0x00000000080003c0                Vector50
                0x00000000080003c0                Vector194
                0x00000000080003c0                Vector44
                0x00000000080003c0                Vector28
                0x00000000080003c0                Vector34
                0x00000000080003c0                Vector20
                0x00000000080003c0                Vector58
 *fill*         0x00000000080003c4        0xc 
 .text          0x00000000080003d0        0x4 build/obj/chcore.o
                0x00000000080003d0                port_halt
 *fill*         0x00000000080003d4        0xc 
 .text          0x00000000080003e0      0x140 build/obj/chcore_v7m.o
                0x00000000080003e0                _port_switch_from_isr
                0x00000000080003f0                SVCallVector
                0x0000000008000410                _port_init
                0x0000000008000440                _port_irq_epilogue
                0x00000000080004d0                SysTickVector
                0x00000000080004f0                _port_switch
                0x0000000008000510                _port_thread_start
 .text          0x0000000008000520       0xbc build/obj/nvic.o
                0x0000000008000520                nvicEnableVector
                0x0000000008000570                nvicDisableVector
                0x00000000080005b0                nvicSetSystemHandlerPriority
 *fill*         0x00000000080005dc        0x4 
 .text          0x00000000080005e0       0xd0 build/obj/chsys.o
                0x00000000080005e0                _idle_thread
                0x0000000008000600                chSysInit
                0x0000000008000660                chSysTimerHandlerI
 .text          0x00000000080006b0        0x0 build/obj/chdebug.o
 .text          0x00000000080006b0        0x0 build/obj/chlists.o
 .text          0x00000000080006b0       0x84 build/obj/chvt.o
                0x00000000080006b0                _vt_init
                0x00000000080006d0                chVTSetI
                0x0000000008000710                chVTResetI
 *fill*         0x0000000008000734        0xc 
 .text          0x0000000008000740      0x244 build/obj/chschd.o
                0x00000000080007a0                _scheduler_init
                0x00000000080007c0                chSchReadyI
                0x00000000080007f0                chSchGoSleepS
                0x0000000008000820                chSchGoSleepTimeoutS
                0x0000000008000870                chSchWakeupS
                0x00000000080008d0                chSchDoRescheduleBehind
                0x0000000008000910                chSchDoRescheduleAhead
                0x0000000008000950                chSchRescheduleS
                0x0000000008000970                chSchDoReschedule
 *fill*         0x0000000008000984        0xc 
 .text          0x0000000008000990      0x2d0 build/obj/chthreads.o
                0x0000000008000990                _thread_init
                0x00000000080009d0                _thread_memfill
                0x00000000080009e0                chThdCreateI
                0x0000000008000a50                chThdCreateStatic
                0x0000000008000af0                chThdSetPriority
                0x0000000008000b20                chThdResume
                0x0000000008000b40                chThdTerminate
                0x0000000008000b60                chThdSleep
                0x0000000008000b80                chThdSleepUntil
                0x0000000008000bb0                chThdYield
                0x0000000008000be0                chThdExitS
                0x0000000008000c20                chThdExit
                0x0000000008000c30                chThdWait
 .text          0x0000000008000c60        0x0 build/obj/chdynamic.o
 .text          0x0000000008000c60       0x3c build/obj/chregistry.o
                0x0000000008000c60                chRegFirstThread
                0x0000000008000c80                chRegNextThread
 *fill*         0x0000000008000c9c        0x4 
 .text          0x0000000008000ca0      0x24c build/obj/chsem.o
                0x0000000008000ca0                chSemInit
                0x0000000008000cb0                chSemResetI
                0x0000000008000ce0                chSemReset
                0x0000000008000d00                chSemWait
                0x0000000008000d50                chSemWaitS
                0x0000000008000d90                chSemWaitTimeoutS
                0x0000000008000dd0                chSemWaitTimeout
                0x0000000008000df0                chSemSignal
                0x0000000008000e30                chSemSignalI
                0x0000000008000e50                chSemAddCounterI
                0x0000000008000e80                chSemSignalWait
 *fill*         0x0000000008000eec        0x4 
 .text          0x0000000008000ef0      0x234 build/obj/chmtx.o
                0x0000000008000ef0                chMtxInit
                0x0000000008000f00                chMtxLockS
                0x0000000008000fa0                chMtxLock
                0x0000000008000fc0                chMtxTryLock
                0x0000000008000ff0                chMtxTryLockS
                0x0000000008001010                chMtxUnlock
                0x0000000008001080                chMtxUnlockS
                0x00000000080010d0                chMtxUnlockAll
 *fill*         0x0000000008001124        0xc 
 .text          0x0000000008001130        0x0 build/obj/chcond.o
 .text          0x0000000008001130      0x370 build/obj/chevents.o
                0x0000000008001130                chEvtRegisterMask
                0x0000000008001160                chEvtUnregister
                0x0000000008001190                chEvtGetAndClearEvents
                0x00000000080011b0                chEvtAddEvents
                0x00000000080011d0                chEvtGetAndClearFlags
                0x00000000080011f0                chEvtSignalI
                0x0000000008001220                chEvtBroadcastFlagsI
                0x0000000008001240                chEvtSignal
                0x0000000008001260                chEvtBroadcastFlags
                0x0000000008001280                chEvtGetAndClearFlagsI
                0x0000000008001290                chEvtDispatch
                0x00000000080012d0                chEvtWaitOne
                0x0000000008001310                chEvtWaitAny
                0x0000000008001350                chEvtWaitAll
                0x0000000008001390                chEvtWaitOneTimeout
                0x00000000080013f0                chEvtWaitAnyTimeout
                0x0000000008001450                chEvtWaitAllTimeout
 .text          0x00000000080014a0       0x94 build/obj/chmsg.o
                0x00000000080014a0                chMsgSend
                0x00000000080014e0                chMsgWait
                0x0000000008001520                chMsgRelease
 *fill*         0x0000000008001534        0xc 
 .text          0x0000000008001540        0x0 build/obj/chmboxes.o
 .text          0x0000000008001540      0x314 build/obj/chqueues.o
                0x0000000008001570                chIQInit
                0x0000000008001590                chIQResetI
                0x00000000080015c0                chIQPutI
                0x0000000008001610                chIQGetTimeout
                0x0000000008001660                chIQReadTimeout
                0x00000000080016d0                chOQInit
                0x00000000080016f0                chOQResetI
                0x0000000008001720                chOQPutTimeout
                0x0000000008001780                chOQGetI
                0x00000000080017d0                chOQWriteTimeout
 *fill*         0x0000000008001854        0xc 
 .text          0x0000000008001860       0xa0 build/obj/chmemcore.o
                0x0000000008001860                _core_init
                0x0000000008001880                chCoreAlloc
                0x00000000080018c0                chCoreAllocI
                0x00000000080018f0                chCoreStatus
 .text          0x0000000008001900      0x190 build/obj/chheap.o
                0x0000000008001900                _heap_init
                0x0000000008001920                chHeapInit
                0x0000000008001940                chHeapAlloc
                0x00000000080019c0                chHeapFree
                0x0000000008001a50                chHeapStatus
 .text          0x0000000008001a90        0x0 build/obj/chmempools.o
 .text          0x0000000008001a90       0x98 build/obj/hal.o
                0x0000000008001a90                halInit
                0x0000000008001ad0                halIsCounterWithin
                0x0000000008001b00                halPolledDelay
 *fill*         0x0000000008001b28        0x8 
 .text          0x0000000008001b30      0x174 build/obj/adc.o
                0x0000000008001b30                adcInit
                0x0000000008001b40                adcObjectInit
                0x0000000008001b60                adcStart
                0x0000000008001b80                adcStop
                0x0000000008001ba0                adcStartConversion
                0x0000000008001bc0                adcStartConversionI
                0x0000000008001be0                adcStopConversion
                0x0000000008001c20                adcStopConversionI
                0x0000000008001c50                adcConvert
                0x0000000008001c90                adcAcquireBus
                0x0000000008001ca0                adcReleaseBus
 *fill*         0x0000000008001ca4        0xc 
 .text          0x0000000008001cb0        0x0 build/obj/can.o
 .text          0x0000000008001cb0        0x0 build/obj/ext.o
 .text          0x0000000008001cb0        0x0 build/obj/gpt.o
 .text          0x0000000008001cb0      0x114 build/obj/i2c.o
                0x0000000008001cb0                i2cInit
                0x0000000008001cc0                i2cObjectInit
                0x0000000008001cd0                i2cStart
                0x0000000008001cf0                i2cStop
                0x0000000008001d10                i2cGetErrors
                0x0000000008001d20                i2cMasterTransmitTimeout
                0x0000000008001d70                i2cMasterReceiveTimeout
                0x0000000008001db0                i2cAcquireBus
                0x0000000008001dc0                i2cReleaseBus
 *fill*         0x0000000008001dc4        0xc 
 .text          0x0000000008001dd0        0x0 build/obj/icu.o
 .text          0x0000000008001dd0        0x0 build/obj/mac.o
 .text          0x0000000008001dd0        0x0 build/obj/mmc_spi.o
 .text          0x0000000008001dd0       0x44 build/obj/mmcsd.o
                0x0000000008001dd0                mmcsdGetCapacity
 *fill*         0x0000000008001e14        0xc 
 .text          0x0000000008001e20       0x3c build/obj/pal.o
                0x0000000008001e20                palReadBus
                0x0000000008001e30                palWriteBus
                0x0000000008001e50                palSetBusMode
 *fill*         0x0000000008001e5c        0x4 
 .text          0x0000000008001e60       0xb4 build/obj/pwm.o
                0x0000000008001e60                pwmInit
                0x0000000008001e70                pwmObjectInit
                0x0000000008001e80                pwmStart
                0x0000000008001ea0                pwmStop
                0x0000000008001ec0                pwmChangePeriod
                0x0000000008001ee0                pwmEnableChannel
                0x0000000008001f00                pwmDisableChannel
 *fill*         0x0000000008001f14        0xc 
 .text          0x0000000008001f20        0x0 build/obj/rtc.o
 .text          0x0000000008001f20      0x3f8 build/obj/sdc.o
                0x0000000008001f20                sdcGetInfo
                0x0000000008001f40                sdcConnect
                0x0000000008002100                sdcRead
                0x0000000008002130                sdcWrite
                0x0000000008002160                sdcSync
                0x0000000008002180                _sdc_wait_for_transfer_state
                0x00000000080021c0                sdcDisconnect
                0x0000000008002200                sdcInit
                0x0000000008002210                sdcObjectInit
                0x0000000008002230                sdcStart
                0x0000000008002250                sdcStop
                0x0000000008002270                sdcGetAndClearErrors
                0x0000000008002290                sdcErase
 *fill*         0x0000000008002318        0x8 
 .text          0x0000000008002320      0x180 build/obj/serial.o
                0x00000000080023a0                sdInit
                0x00000000080023b0                sdObjectInit
                0x00000000080023f0                sdStart
                0x0000000008002410                sdStop
                0x0000000008002440                sdIncomingDataI
                0x0000000008002480                sdRequestDataI
 .text          0x00000000080024a0        0x0 build/obj/serial_usb.o
 .text          0x00000000080024a0      0x1f4 build/obj/spi.o
                0x00000000080024a0                spiInit
                0x00000000080024b0                spiObjectInit
                0x00000000080024c0                spiStart
                0x00000000080024e0                spiStop
                0x0000000008002500                spiSelect
                0x0000000008002520                spiUnselect
                0x0000000008002540                spiStartIgnore
                0x0000000008002560                spiStartExchange
                0x0000000008002580                spiStartSend
                0x00000000080025a0                spiStartReceive
                0x00000000080025c0                spiIgnore
                0x00000000080025f0                spiExchange
                0x0000000008002620                spiSend
                0x0000000008002650                spiReceive
                0x0000000008002680                spiAcquireBus
                0x0000000008002690                spiReleaseBus
 *fill*         0x0000000008002694        0xc 
 .text          0x00000000080026a0        0x0 build/obj/tm.o
 .text          0x00000000080026a0        0x0 build/obj/uart.o
 .text          0x00000000080026a0      0x6ec build/obj/usb.o
                0x00000000080026a0                usbInit
                0x00000000080026b0                usbObjectInit
                0x00000000080026d0                usbStart
                0x0000000008002700                usbStop
                0x0000000008002720                usbInitEndpointI
                0x0000000008002760                usbDisableEndpointsI
                0x0000000008002790                usbPrepareReceive
                0x00000000080027b0                usbPrepareTransmit
                0x00000000080027d0                usbPrepareQueuedReceive
                0x00000000080027f0                usbPrepareQueuedTransmit
                0x0000000008002810                usbStartReceiveI
                0x0000000008002840                usbStartTransmitI
                0x0000000008002870                usbStallReceiveI
                0x0000000008002890                usbStallTransmitI
                0x00000000080028b0                _usb_reset
                0x00000000080028e0                _usb_ep0setup
                0x0000000008002c40                _usb_ep0in
                0x0000000008002d10                _usb_ep0out
 *fill*         0x0000000008002d8c        0x4 
 .text          0x0000000008002d90      0x428 build/obj/stm32_dma.o
                0x0000000008002d90                Vector6C
                0x0000000008002dc0                Vector70
                0x0000000008002df0                Vector74
                0x0000000008002e20                Vector78
                0x0000000008002e50                Vector7C
                0x0000000008002e80                Vector80
                0x0000000008002eb0                Vector84
                0x0000000008002ee0                VectorFC
                0x0000000008002f10                Vector120
                0x0000000008002f40                Vector124
                0x0000000008002f70                Vector128
                0x0000000008002fa0                Vector12C
                0x0000000008002fd0                Vector130
                0x0000000008003000                Vector150
                0x0000000008003030                Vector154
                0x0000000008003060                Vector158
                0x0000000008003090                dmaInit
                0x00000000080030e0                dmaStreamAllocate
                0x0000000008003170                dmaStreamRelease
 *fill*         0x00000000080031b8        0x8 
 .text          0x00000000080031c0      0x184 build/obj/hal_lld.o
                0x00000000080031c0                hal_lld_init
                0x0000000008003260                stm32_clock_init
 *fill*         0x0000000008003344        0xc 
 .text          0x0000000008003350      0x360 build/obj/adc_lld.o
                0x0000000008003350                adc_lld_init
                0x0000000008003390                adc_lld_start
                0x0000000008003400                adc_lld_stop
                0x0000000008003440                adc_lld_start_conversion
                0x00000000080034e0                adc_lld_stop_conversion
                0x0000000008003510                Vector88
                0x0000000008003670                adcSTM32EnableTSVREFE
                0x0000000008003680                adcSTM32DisableTSVREFE
                0x0000000008003690                adcSTM32EnableVBATE
                0x00000000080036a0                adcSTM32DisableVBATE
 .text          0x00000000080036b0        0x0 build/obj/ext_lld_isr.o
 .text          0x00000000080036b0        0x0 build/obj/can_lld.o
 .text          0x00000000080036b0        0x0 build/obj/ext_lld.o
 .text          0x00000000080036b0        0x0 build/obj/mac_lld.o
 .text          0x00000000080036b0      0x534 build/obj/sdc_lld.o
                0x00000000080036f0                Vector104
                0x0000000008003720                sdc_lld_init
                0x0000000008003740                sdc_lld_start
                0x00000000080037a0                sdc_lld_stop
                0x00000000080037e0                sdc_lld_start_clk
                0x0000000008003800                sdc_lld_set_data_clk
                0x0000000008003810                sdc_lld_stop_clk
                0x0000000008003820                sdc_lld_set_bus_mode
                0x0000000008003850                sdc_lld_send_cmd_none
                0x0000000008003870                sdc_lld_send_cmd_short
                0x00000000080038b0                sdc_lld_send_cmd_short_crc
                0x0000000008003a00                sdc_lld_send_cmd_long_crc
                0x0000000008003a50                sdc_lld_read_aligned
                0x0000000008003b00                sdc_lld_write_aligned
                0x0000000008003bc0                sdc_lld_read
                0x0000000008003bd0                sdc_lld_write
                0x0000000008003be0                sdc_lld_sync
 *fill*         0x0000000008003be4        0xc 
 .text          0x0000000008003bf0      0x27c build/obj/pal_lld.o
                0x0000000008003bf0                _pal_lld_init
                0x0000000008003dc0                _pal_lld_setgroupmode
 *fill*         0x0000000008003e6c        0x4 
 .text          0x0000000008003e70      0x85c build/obj/i2c_lld.o
                0x00000000080041a0                VectorBC
                0x00000000080041c0                VectorC0
                0x00000000080041f0                Vector160
                0x0000000008004210                Vector164
                0x0000000008004240                i2c_lld_init
                0x0000000008004290                i2c_lld_start
                0x0000000008004480                i2c_lld_stop
                0x00000000080044f0                i2c_lld_master_receive_timeout
                0x00000000080045d0                i2c_lld_master_transmit_timeout
 *fill*         0x00000000080046cc        0x4 
 .text          0x00000000080046d0      0xbf4 build/obj/usb_lld.o
                0x0000000008004aa0                usb_lld_init
                0x0000000008004af0                usb_lld_start
                0x0000000008004bd0                usb_lld_stop
                0x0000000008004c20                usb_lld_reset
                0x0000000008004cf0                usb_lld_set_address
                0x0000000008004d10                usb_lld_init_endpoint
                0x0000000008004e70                usb_lld_disable_endpoints
                0x0000000008004e80                usb_lld_get_status_out
                0x0000000008004ea0                usb_lld_get_status_in
                0x0000000008004ec0                usb_lld_read_setup
                0x0000000008004ee0                usb_lld_prepare_receive
                0x0000000008004fe0                usb_lld_prepare_transmit
                0x0000000008005100                Vector14C
                0x0000000008005200                usb_lld_start_out
                0x0000000008005220                usb_lld_start_in
                0x0000000008005250                usb_lld_stall_out
                0x0000000008005270                usb_lld_stall_in
                0x0000000008005290                usb_lld_clear_out
                0x00000000080052b0                usb_lld_clear_in
 *fill*         0x00000000080052c4        0xc 
 .text          0x00000000080052d0        0x0 build/obj/rtc_lld.o
 .text          0x00000000080052d0      0x360 build/obj/spi_lld.o
                0x0000000008005360                spi_lld_init
                0x00000000080053d0                spi_lld_start
                0x00000000080054a0                spi_lld_stop
                0x0000000008005500                spi_lld_select
                0x0000000008005510                spi_lld_unselect
                0x0000000008005520                spi_lld_ignore
                0x0000000008005560                spi_lld_exchange
                0x00000000080055a0                spi_lld_send
                0x00000000080055e0                spi_lld_receive
                0x0000000008005620                spi_lld_polled_exchange
 .text          0x0000000008005630        0x0 build/obj/gpt_lld.o
 .text          0x0000000008005630        0x0 build/obj/icu_lld.o
 .text          0x0000000008005630      0x50c build/obj/pwm_lld.o
                0x0000000008005690                VectorA4
                0x00000000080056c0                VectorAC
                0x0000000008005720                VectorB4
                0x0000000008005740                VectorB8
                0x0000000008005760                Vector108
                0x0000000008005780                VectorF0
                0x00000000080057b0                VectorF8
                0x0000000008005810                pwm_lld_init
                0x0000000008005880                pwm_lld_start
                0x0000000008005a30                pwm_lld_stop
                0x0000000008005af0                pwm_lld_enable_channel
                0x0000000008005b20                pwm_lld_disable_channel
 *fill*         0x0000000008005b3c        0x4 
 .text          0x0000000008005b40      0x420 build/obj/serial_lld.o
                0x0000000008005ce0                VectorD4
                0x0000000008005d00                VectorD8
                0x0000000008005d20                VectorDC
                0x0000000008005d40                Vector15C
                0x0000000008005d60                sd_lld_init
                0x0000000008005de0                sd_lld_start
                0x0000000008005ee0                sd_lld_stop
 .text          0x0000000008005f60        0x0 build/obj/uart_lld.o
 .text          0x0000000008005f60       0x84 build/obj/board.o
                0x0000000008005f60                __early_init
                0x0000000008005f70                __late_init
                0x0000000008005f80                sdc_lld_is_card_inserted
                0x0000000008005f90                sdc_lld_is_write_protected
                0x0000000008005fa0                boardInit
                0x0000000008005fb0                _getpid
                0x0000000008005fc0                _kill
                0x0000000008005fd0                _write
                0x0000000008005fe0                _exit
 *fill*         0x0000000008005fe4        0xc 
 .text          0x0000000008005ff0      0x108 build/obj/fatfs_diskio.o
                0x0000000008005ff0                disk_initialize
                0x0000000008006020                disk_status
                0x0000000008006050                disk_read
                0x0000000008006080                disk_write
                0x00000000080060b0                disk_ioctl
                0x00000000080060f0                get_fattime
 *fill*         0x00000000080060f8        0x8 
 .text          0x0000000008006100       0x54 build/obj/fatfs_syscall.o
                0x0000000008006100                ff_cre_syncobj
                0x0000000008006120                ff_del_syncobj
                0x0000000008006130                ff_req_grant
                0x0000000008006150                ff_rel_grant
 *fill*         0x0000000008006154        0xc 
 .text          0x0000000008006160     0x2d64 build/obj/ff.o
                0x00000000080070e0                clust2sect
                0x0000000008007100                get_fat
                0x0000000008007120                put_fat
                0x0000000008007140                gen_numname
                0x0000000008007410                f_mount
                0x0000000008007450                f_open
                0x00000000080075d0                f_read
                0x0000000008007830                f_write
                0x0000000008007af0                f_sync
                0x0000000008007b70                f_close
                0x0000000008007b80                f_chdrive
                0x0000000008007ba0                f_chdir
                0x0000000008007c30                f_getcwd
                0x0000000008007db0                f_lseek
                0x00000000080080a0                f_opendir
                0x0000000008008130                f_readdir
                0x00000000080081b0                f_stat
                0x0000000008008220                f_getfree
                0x0000000008008350                f_truncate
                0x0000000008008470                f_unlink
                0x0000000008008570                f_mkdir
                0x0000000008008760                f_chmod
                0x00000000080087f0                f_utime
                0x0000000008008870                f_rename
                0x0000000008008a00                f_mkfs
 *fill*         0x0000000008008ec4        0xc 
 .text          0x0000000008008ed0       0x80 build/obj/ccsbcs.o
                0x0000000008008ed0                ff_convert
                0x0000000008008f20                ff_wtoupper
 .text          0x0000000008008f50      0x408 build/obj/chprintf.o
                0x0000000008008fa0                chvprintf
                0x0000000008009320                chsnprintf
 *fill*         0x0000000008009358        0x8 
 .text          0x0000000008009360       0xbc build/obj/memstreams.o
                0x0000000008009400                msObjectInit
 *fill*         0x000000000800941c        0x4 
 .text          0x0000000008009420      0x910 build/obj/axoloti_control.o
                0x0000000008009420                do_axoloti_control
                0x0000000008009540                axoloti_control_init
                0x0000000008009610                LCD_updateBoundingBox
                0x0000000008009620                LCD_drawPixel
                0x0000000008009670                LCD_setPixel
                0x00000000080096a0                LCD_clearPixel
                0x00000000080096e0                LCD_getPixel
                0x0000000008009710                LCD_clearDisplay
                0x0000000008009730                LCD_drawChar
                0x0000000008009780                LCD_drawString
                0x00000000080097f0                LCD_drawNumber3D
                0x0000000008009860                LCD_drawNumber5D
                0x0000000008009910                LCD_drawCharInv
                0x0000000008009970                LCD_drawStringInv
                0x00000000080099f0                LCD_drawNumber3DInv
                0x0000000008009a60                LCD_drawNumber5DInv
                0x0000000008009b10                LCD_drawStringN
                0x0000000008009bb0                LCD_drawStringInvN
                0x0000000008009c60                LCD_drawIBAR
                0x0000000008009ce0                LCD_drawIBARadd
 .text          0x0000000008009d30      0x8b4 build/obj/codec.o
                0x0000000008009d80                codecStop
                0x0000000008009d90                codec_clearbuffer
                0x0000000008009db0                codec_ADAU1961_hw_reset
                0x0000000008009dc0                CheckI2CErrors
                0x0000000008009df0                ADAU1961_I2CStart
                0x0000000008009e30                ADAU1961_I2CStop
                0x0000000008009e50                ADAU1961_ReadRegister
                0x0000000008009ed0                ADAU1961_ReadRegister6
                0x0000000008009f50                ADAU1961_WriteRegister
                0x0000000008009ff0                ADAU1961_WriteRegister6
                0x000000000800a070                codec_ADAU1961_hw_init
                0x000000000800a3b0                codec_ADAU1961_i2s_init
                0x000000000800a5c0                codec_init
                0x000000000800a5e0                codec_ADAU1961_Stop
 *fill*         0x000000000800a5e4        0xc 
 .text          0x000000000800a5f0        0x4 build/obj/axoloti.o
                0x000000000800a5f0                axoloti_init
 *fill*         0x000000000800a5f4        0xc 
 .text          0x000000000800a600       0xec build/obj/axoloti_filters.o
                0x000000000800a600                init_filter_biquad_A
                0x000000000800a610                f_filter_biquad_A
 *fill*         0x000000000800a6ec        0x4 
 .text          0x000000000800a6f0      0x2e8 build/obj/axoloti_math.o
                0x000000000800a6f0                axoloti_math_init
                0x000000000800a9c0                FastLog
 *fill*         0x000000000800a9d8        0x8 
 .text          0x000000000800a9e0        0x0 build/obj/axoloti_oscs.o
 .text          0x000000000800a9e0      0x138 build/obj/axoloti_board.o
                0x000000000800a9e0                axoloti_board_init
                0x000000000800aa10                adc_configpads
                0x000000000800aad0                adc_init
                0x000000000800aaf0                adc_convert
 *fill*         0x000000000800ab18        0x8 
 .text          0x000000000800ab20      0x15c build/obj/midi.o
                0x000000000800ab20                MidiSend1
                0x000000000800ab70                MidiSend2
                0x000000000800abd0                MidiSend3
                0x000000000800ac30                MidiSendSysEx
                0x000000000800ac40                midi_init
                0x000000000800ac50                MidiGetOutputBufferPending
                0x000000000800ac70                MidiGetOutputBufferAvailable
 *fill*         0x000000000800ac7c        0x4 
 .text          0x000000000800ac80     0x16a0 build/obj/ui.o
                0x000000000800ac80                EnterMenuLoadFile
                0x000000000800acc0                EnterMenuLoad
                0x000000000800adf0                EnterMenuFormat
                0x000000000800ae50                SetKVP_APVP
                0x000000000800ae70                SetKVP_AVP
                0x000000000800ae90                SetKVP_IVP
                0x000000000800aeb0                SetKVP_IPVP
                0x000000000800aed0                SetKVP_FNCTN
                0x000000000800aef0                KVP_Increment
                0x000000000800af60                KVP_Decrement
                0x000000000800afd0                k_scope_DisplayFunction
                0x000000000800b0a0                k_scope_DisplayFunction2
                0x000000000800b1b0                k_scope_DisplayFunction3
                0x000000000800b1c0                k_scope_DisplayFunction4
                0x000000000800b1d0                k_value_DisplayFunction
                0x000000000800b1e0                UIGoSafe
                0x000000000800b1f0                ui_init
                0x000000000800b3c0                KVP_ClearObjects
                0x000000000800b3e0                KVP_RegisterObject
                0x000000000800b400                KVP_DisplayInv
                0x000000000800b500                KVP_Display
                0x000000000800b680                AxolotiControlUpdate
 .text          0x000000000800c320        0x0 build/obj/glcdfont.o
 .text          0x000000000800c320      0x1b4 build/obj/usbcfg.o
                0x000000000800c4b0                inttohex
 *fill*         0x000000000800c4d4        0xc 
 .text          0x000000000800c4e0      0x1fc build/obj/sdcard.o
                0x000000000800c530                sdcard_init
                0x000000000800c610                sdcard_attemptMountIfUnmounted
                0x000000000800c620                sdcard_unmount
                0x000000000800c640                sdcard_loadPatch1
 *fill*         0x000000000800c6dc        0x4 
 .text          0x000000000800c6e0     0x10ac build/obj/pconnection.o
                0x000000000800c8b0                InitPConnection
                0x000000000800c950                GetFirmwareID
                0x000000000800c960                TransmitDisplayPckt
                0x000000000800c990                LogTextMessage
                0x000000000800ca00                PExTransmit
                0x000000000800cb30                ReadDirectoryListing
                0x000000000800cbe0                ManipulateFile
                0x000000000800cd60                CloseFile
                0x000000000800cdc0                CopyPatchToFlash
                0x000000000800ce30                ReplyFWVersion
                0x000000000800cec0                PExReceiveByte
                0x000000000800d750                PExReceive
 *fill*         0x000000000800d78c        0x4 
 .text          0x000000000800d790       0xac build/obj/parameters.o
                0x000000000800d790                PExModulationSourceChange
                0x000000000800d800                PExParameterChange
                0x000000000800d830                ApplyPreset
 *fill*         0x000000000800d83c        0x4 
 .text          0x000000000800d840      0xa94 build/obj/main.o
                0x000000000800d880                memTest
                0x000000000800d960                SDRAM_InitSequence
                0x000000000800d9e0                SDRAM_WriteBuffer
                0x000000000800da20                SDRAM_ReadBuffer
                0x000000000800da60                FMC_NORSRAMDeInit
                0x000000000800da90                FMC_NORSRAMInit
                0x000000000800db90                FMC_NORSRAMStructInit
                0x000000000800dbf0                FMC_NORSRAMCmd
                0x000000000800dc10                FMC_NANDDeInit
                0x000000000800dc40                FMC_NANDInit
                0x000000000800dcc0                FMC_NANDStructInit
                0x000000000800dcf0                FMC_NANDCmd
                0x000000000800dd30                FMC_NANDECCCmd
                0x000000000800dd70                FMC_GetECC
                0x000000000800dd90                FMC_PCCARDDeInit
                0x000000000800ddb0                FMC_PCCARDInit
                0x000000000800de20                FMC_PCCARDStructInit
                0x000000000800de50                FMC_PCCARDCmd
                0x000000000800de70                FMC_SDRAMDeInit
                0x000000000800dea0                FMC_SDRAMInit
                0x000000000800df70                SDRAM_Init
                0x000000000800dfe0                configSDRAM
                0x000000000800dff0                FMC_SDRAMStructInit
                0x000000000800e030                FMC_SDRAMCmdConfig
                0x000000000800e050                FMC_GetModeStatus
                0x000000000800e070                FMC_SetRefreshCount
                0x000000000800e080                FMC_SetAutoRefresh_Number
                0x000000000800e090                FMC_SDRAMWriteProtectionConfig
                0x000000000800e0c0                FMC_ITConfig
                0x000000000800e150                FMC_GetFlagStatus
                0x000000000800e1a0                FMC_ClearFlag
                0x000000000800e1f0                FMC_GetITStatus
                0x000000000800e260                FMC_ClearITPendingBit
                0x000000000800e2b0                HAL_Delay
                0x000000000800e2d0                _sbrk
 *fill*         0x000000000800e2d4        0xc 
 .text          0x000000000800e2e0      0x67c build/obj/patch.o
                0x000000000800e300                InitPatch0
                0x000000000800e330                CheckStackOverflow
                0x000000000800e760                StopPatch
                0x000000000800e790                StartPatch
                0x000000000800e7f0                start_dsp_thread
                0x000000000800e830                computebufI
                0x000000000800e870                MidiInMsgHandler
                0x000000000800e8a0                LoadPatch
                0x000000000800e8d0                LoadPatchStartSD
                0x000000000800e910                LoadPatchStartFlash
                0x000000000800e930                LoadPatchIndexed
                0x000000000800e950                GetIndexOfCurrentPatch
 *fill*         0x000000000800e95c        0x4 
 .text          0x000000000800e960       0xa8 build/obj/flash.o
                0x000000000800e960                flash_Erase_sector
                0x000000000800e980                flash_ProgramWord
                0x000000000800e9f0                flash_unlock
 *fill*         0x000000000800ea08        0x8 
 .text          0x000000000800ea10       0x48 build/obj/virtual_control.o
                0x000000000800ea10                TransmitLCDoverUSB
 *fill*         0x000000000800ea58        0x8 
 .text          0x000000000800ea60      0x1f8 build/obj/arm_bitreversal.o
                0x000000000800ea60                arm_bitreversal_f32
                0x000000000800eb50                arm_bitreversal_q31
                0x000000000800ebf0                arm_bitreversal_q15
 *fill*         0x000000000800ec58        0x8 
 .text          0x000000000800ec60      0x714 build/obj/arm_cfft_f32.o
                0x000000000800ec60                arm_cfft_radix8by2_f32
                0x000000000800edf0                arm_cfft_radix8by4_f32
                0x000000000800f280                arm_cfft_f32
 *fill*         0x000000000800f374        0xc 
 .text          0x000000000800f380      0x25c build/obj/arm_cfft_q15.o
                0x000000000800f380                arm_cfft_radix4by2_q15
                0x000000000800f450                arm_cfft_radix4by2_inverse_q15
                0x000000000800f520                arm_cfft_q15
 *fill*         0x000000000800f5dc        0x4 
 .text          0x000000000800f5e0      0x2dc build/obj/arm_cfft_q31.o
                0x000000000800f5e0                arm_cfft_radix4by2_q31
                0x000000000800f6f0                arm_cfft_radix4by2_inverse_q31
                0x000000000800f800                arm_cfft_q31
 *fill*         0x000000000800f8bc        0x4 
 .text          0x000000000800f8c0      0x350 build/obj/arm_cfft_radix2_f32.o
                0x000000000800f8c0                arm_radix2_butterfly_f32
                0x000000000800fa40                arm_radix2_butterfly_inverse_f32
                0x000000000800fbd0                arm_cfft_radix2_f32
 .text          0x000000000800fc10      0x160 build/obj/arm_cfft_radix2_init_f32.o
                0x000000000800fc10                arm_cfft_radix2_init_f32
 .text          0x000000000800fd70      0x128 build/obj/arm_cfft_radix2_init_q15.o
                0x000000000800fd70                arm_cfft_radix2_init_q15
 *fill*         0x000000000800fe98        0x8 
 .text          0x000000000800fea0      0x128 build/obj/arm_cfft_radix2_init_q31.o
                0x000000000800fea0                arm_cfft_radix2_init_q31
 *fill*         0x000000000800ffc8        0x8 
 .text          0x000000000800ffd0      0x430 build/obj/arm_cfft_radix2_q15.o
                0x000000000800ffd0                arm_radix2_butterfly_q15
                0x00000000080101e0                arm_radix2_butterfly_inverse_q15
                0x00000000080103d0                arm_cfft_radix2_q15
 .text          0x0000000008010400      0x3d0 build/obj/arm_cfft_radix2_q31.o
                0x0000000008010400                arm_radix2_butterfly_q31
                0x00000000080105c0                arm_radix2_butterfly_inverse_q31
                0x00000000080107a0                arm_cfft_radix2_q31
 .text          0x00000000080107d0      0x730 build/obj/arm_cfft_radix4_f32.o
                0x00000000080107d0                arm_radix4_butterfly_f32
                0x0000000008010b40                arm_radix4_butterfly_inverse_f32
                0x0000000008010ec0                arm_cfft_radix4_f32
 .text          0x0000000008010f00       0xcc build/obj/arm_cfft_radix4_init_f32.o
                0x0000000008010f00                arm_cfft_radix4_init_f32
 *fill*         0x0000000008010fcc        0x4 
 .text          0x0000000008010fd0       0xb0 build/obj/arm_cfft_radix4_init_q15.o
                0x0000000008010fd0                arm_cfft_radix4_init_q15
 .text          0x0000000008011080       0xb0 build/obj/arm_cfft_radix4_init_q31.o
                0x0000000008011080                arm_cfft_radix4_init_q31
 .text          0x0000000008011130      0x4fc build/obj/arm_cfft_radix4_q15.o
                0x0000000008011130                arm_radix4_butterfly_q15
                0x0000000008011390                arm_radix4_butterfly_inverse_q15
                0x00000000080115f0                arm_cfft_radix4_q15
 *fill*         0x000000000801162c        0x4 
 .text          0x0000000008011630      0x87c build/obj/arm_cfft_radix4_q31.o
                0x0000000008011630                arm_radix4_butterfly_q31
                0x0000000008011a50                arm_radix4_butterfly_inverse_q31
                0x0000000008011e70                arm_cfft_radix4_q31
 *fill*         0x0000000008011eac        0x4 
 .text          0x0000000008011eb0      0x590 build/obj/arm_cfft_radix8_f32.o
                0x0000000008011eb0                arm_radix8_butterfly_f32
 .text          0x0000000008012440      0x1c0 build/obj/arm_rfft_f32.o
                0x0000000008012440                arm_split_rfft_f32
                0x0000000008012510                arm_split_rifft_f32
                0x0000000008012580                arm_rfft_f32
 .text          0x0000000008012600      0x190 build/obj/arm_rfft_fast_f32.o
                0x0000000008012600                stage_rfft_f32
                0x00000000080126b0                merge_rfft_f32
                0x0000000008012750                arm_rfft_fast_f32
 .text          0x0000000008012790      0x108 build/obj/arm_rfft_fast_init_f32.o
                0x0000000008012790                arm_rfft_fast_init_f32
 *fill*         0x0000000008012898        0x8 
 .text          0x00000000080128a0       0x84 build/obj/arm_rfft_init_f32.o
                0x00000000080128a0                arm_rfft_init_f32
 *fill*         0x0000000008012924        0xc 
 .text          0x0000000008012930      0x110 build/obj/arm_rfft_init_q15.o
                0x0000000008012930                arm_rfft_init_q15
 .text          0x0000000008012a40      0x110 build/obj/arm_rfft_init_q31.o
                0x0000000008012a40                arm_rfft_init_q31
 .text          0x0000000008012b50      0x188 build/obj/arm_rfft_q15.o
                0x0000000008012b50                arm_split_rfft_q15
                0x0000000008012c10                arm_split_rifft_q15
                0x0000000008012c60                arm_rfft_q15
 *fill*         0x0000000008012cd8        0x8 
 .text          0x0000000008012ce0      0x1c8 build/obj/arm_rfft_q31.o
                0x0000000008012ce0                arm_split_rfft_q31
                0x0000000008012dc0                arm_split_rifft_q31
                0x0000000008012e30                arm_rfft_q31
 *fill*         0x0000000008012ea8        0x8 
 .text          0x0000000008012eb0       0xc4 build/obj/arm_mult_q31.o
                0x0000000008012eb0                arm_mult_q31
 *fill*         0x0000000008012f74        0xc 
 .text          0x0000000008012f80       0xac build/obj/arm_mult_q15.o
                0x0000000008012f80                arm_mult_q15
 *fill*         0x000000000801302c        0x4 
 .text          0x0000000008013030       0x8c build/obj/arm_mult_f32.o
                0x0000000008013030                arm_mult_f32
 *fill*         0x00000000080130bc        0x4 
 .text          0x00000000080130c0      0x184 build/obj/arm_shift_q31.o
                0x00000000080130c0                arm_shift_q31
 *fill*         0x0000000008013244        0xc 
 .text          0x0000000008013250      0x10c build/obj/arm_shift_q15.o
                0x0000000008013250                arm_shift_q15
 *fill*         0x000000000801335c        0x4 
 .text          0x0000000008013360       0x6c build/obj/arm_scale_f32.o
                0x0000000008013360                arm_scale_f32
 *fill*         0x00000000080133cc        0x4 
 .text          0x00000000080133d0      0x184 build/obj/arm_cmplx_mult_cmplx_q31.o
                0x00000000080133d0                arm_cmplx_mult_cmplx_q31
 *fill*         0x0000000008013554        0xc 
 .text          0x0000000008013560      0x118 build/obj/arm_cmplx_mult_cmplx_f32.o
                0x0000000008013560                arm_cmplx_mult_cmplx_f32
 *fill*         0x0000000008013678        0x8 
 .text          0x0000000008013680       0xe8 build/obj/arm_cmplx_mag_q31.o
                0x0000000008013680                arm_cmplx_mag_q31
 *fill*         0x0000000008013768        0x8 
 .text          0x0000000008013770      0x164 build/obj/arm_cmplx_mult_cmplx_q15.o
                0x0000000008013770                arm_cmplx_mult_cmplx_q15
 *fill*         0x00000000080138d4        0xc 
 .text          0x00000000080138e0       0xa4 build/obj/arm_cmplx_mag_q15.o
                0x00000000080138e0                arm_cmplx_mag_q15
 *fill*         0x0000000008013984        0xc 
 .text          0x0000000008013990       0x44 build/obj/arm_cos_q31.o
                0x0000000008013990                arm_cos_q31
 *fill*         0x00000000080139d4        0xc 
 .text          0x00000000080139e0       0x38 build/obj/arm_sin_q31.o
                0x00000000080139e0                arm_sin_q31
 *fill*         0x0000000008013a18        0x8 
 .text          0x0000000008013a20       0xf0 build/obj/arm_sqrt_q31.o
                0x0000000008013a20                arm_sqrt_q31
 .text          0x0000000008013b10       0xf4 build/obj/arm_sqrt_q15.o
                0x0000000008013b10                arm_sqrt_q15
 *fill*         0x0000000008013c04        0xc 
 .text          0x0000000008013c10       0x24 build/obj/arm_fir_init_q31.o
                0x0000000008013c10                arm_fir_init_q31
 *fill*         0x0000000008013c34        0xc 
 .text          0x0000000008013c40      0x248 build/obj/arm_fir_fast_q31.o
                0x0000000008013c40                arm_fir_fast_q31
 *fill*         0x0000000008013e88        0x8 
 .text          0x0000000008013e90       0x20 build/obj/arm_biquad_cascade_df1_32x64_init_q31.o
                0x0000000008013e90                arm_biquad_cas_df1_32x64_init_q31
 .text          0x0000000008013eb0      0x6ec build/obj/arm_biquad_cascade_df1_32x64_q31.o
                0x0000000008013eb0                arm_biquad_cas_df1_32x64_q31
 *fill*         0x000000000801459c        0x4 
 .text          0x00000000080145a0      0x188 build/obj/arm_biquad_cascade_df1_fast_q31.o
                0x00000000080145a0                arm_biquad_cascade_df1_fast_q31
 *fill*         0x0000000008014728        0x8 
 .text          0x0000000008014730       0x20 build/obj/arm_biquad_cascade_df1_init_q31.o
                0x0000000008014730                arm_biquad_cascade_df1_init_q31
 .text          0x0000000008014750      0x21c build/obj/arm_biquad_cascade_df1_q31.o
                0x0000000008014750                arm_biquad_cascade_df1_q31
 *fill*         0x000000000801496c        0x4 
 .text          0x0000000008014970       0x38 build/obj/arm_fir_interpolate_init_q31.o
                0x0000000008014970                arm_fir_interpolate_init_q31
 *fill*         0x00000000080149a8        0x8 
 .text          0x00000000080149b0      0x40c build/obj/arm_fir_interpolate_q31.o
                0x00000000080149b0                arm_fir_interpolate_q31
 *fill*         0x0000000008014dbc        0x4 
 .text          0x0000000008014dc0       0x38 build/obj/arm_fir_decimate_init_q31.o
                0x0000000008014dc0                arm_fir_decimate_init_q31
 *fill*         0x0000000008014df8        0x8 
 .text          0x0000000008014e00      0x18c build/obj/arm_fir_decimate_q31.o
                0x0000000008014e00                arm_fir_decimate_q31
 *fill*         0x0000000008014f8c        0x4 
 .text          0x0000000008014f90      0x3c8 build/obj/arm_fir_decimate_fast_q31.o
                0x0000000008014f90                arm_fir_decimate_fast_q31
 *fill*         0x0000000008015358        0x8 
 .text          0x0000000008015360       0x18 build/obj/arm_fir_lattice_init_q31.o
                0x0000000008015360                arm_fir_lattice_init_q31
 *fill*         0x0000000008015378        0x8 
 .text          0x0000000008015380      0x138 build/obj/arm_fir_lattice_q31.o
                0x0000000008015380                arm_fir_lattice_q31
 *fill*         0x00000000080154b8        0x8 
 .text          0x00000000080154c0       0x20 build/obj/arm_iir_lattice_init_q31.o
                0x00000000080154c0                arm_iir_lattice_init_q31
 .text          0x00000000080154e0      0x2a0 build/obj/arm_iir_lattice_q31.o
                0x00000000080154e0                arm_iir_lattice_q31
 .text          0x0000000008015780        0x0 build/obj/arm_common_tables.o
 .text          0x0000000008015780        0x0 build/obj/arm_const_structs.o
 .text          0x0000000008015780      0x900 build/obj/usbh_core.o
                0x0000000008015780                USBH_Init
                0x0000000008015850                USBH_DeInit
                0x00000000080158b0                USBH_RegisterClass
                0x00000000080158f0                USBH_SelectInterface
                0x0000000008015950                USBH_GetActiveClass
                0x0000000008015960                USBH_FindInterface
                0x00000000080159b0                USBH_FindInterfaceIndex
                0x00000000080159e0                USBH_Start
                0x0000000008015a00                USBH_Stop
                0x0000000008015a30                USBH_ReEnumerate
                0x0000000008015aa0                USBH_Process
                0x0000000008015fb0                USBH_LL_SetTimer
                0x0000000008015fc0                USBH_LL_IncTimer
                0x0000000008015fe0                USBH_LL_Connect
                0x0000000008016020                USBH_LL_Disconnect
                0x0000000008016070                USBH_LL_NotifyURBChange
 .text          0x0000000008016080      0x5ec build/obj/usbh_ctlreq.o
                0x0000000008016080                USBH_GetNextDesc
                0x0000000008016090                USBH_CtlReq
                0x00000000080162a0                USBH_GetDescriptor
                0x00000000080162e0                USBH_Get_DevDesc
                0x00000000080163a0                USBH_Get_CfgDesc
                0x0000000008016570                USBH_Get_StringDesc
                0x00000000080165d0                USBH_SetAddress
                0x00000000080165f0                USBH_SetCfg
                0x0000000008016610                USBH_SetInterface
                0x0000000008016640                USBH_ClrFeature
 *fill*         0x000000000801666c        0x4 
 .text          0x0000000008016670      0x1a8 build/obj/usbh_ioreq.o
                0x0000000008016670                USBH_CtlSendSetup
                0x00000000080166a0                USBH_CtlSendData
                0x00000000080166d0                USBH_CtlReceiveData
                0x0000000008016700                USBH_BulkSendData
                0x0000000008016730                USBH_BulkReceiveData
                0x0000000008016760                USBH_InterruptReceiveData
                0x0000000008016790                USBH_InterruptSendData
                0x00000000080167c0                USBH_IsocReceiveData
                0x00000000080167f0                USBH_IsocSendData
 *fill*         0x0000000008016818        0x8 
 .text          0x0000000008016820       0x78 build/obj/usbh_pipes.o
                0x0000000008016820                USBH_OpenPipe
                0x0000000008016840                USBH_ClosePipe
                0x0000000008016850                USBH_AllocPipe
                0x0000000008016880                USBH_FreePipe
 *fill*         0x0000000008016898        0x8 
 .text          0x00000000080168a0      0x638 build/obj/usbh_hid.o
                0x0000000008016ba0                USBH_HID_GetHIDReportDescriptor
                0x0000000008016bc0                USBH_HID_GetHIDDescriptor
                0x0000000008016be0                USBH_HID_SetIdle
                0x0000000008016c00                USBH_HID_SetReport
                0x0000000008016c30                USBH_HID_GetReport
                0x0000000008016c60                USBH_HID_SetProtocol
                0x0000000008016c80                USBH_HID_GetDeviceType
                0x0000000008016cb0                USBH_HID_GetPollInterval
                0x0000000008016ce0                fifo_init
                0x0000000008016cf0                fifo_read
                0x0000000008016d50                fifo_write
 *fill*         0x0000000008016ed8        0x8 
 .text          0x0000000008016ee0      0x144 build/obj/usbh_hid_keybd.o
                0x0000000008016ee0                USBH_HID_KeybdInit
                0x0000000008016f30                USBH_HID_GetKeybdInfo
                0x0000000008016ff0                USBH_HID_GetASCIICode
 *fill*         0x0000000008017024        0xc 
 .text          0x0000000008017030       0xb8 build/obj/usbh_hid_mouse.o
                0x0000000008017030                USBH_HID_MouseInit
                0x0000000008017070                USBH_HID_GetMouseInfo
 *fill*         0x00000000080170e8        0x8 
 .text          0x00000000080170f0      0x110 build/obj/usbh_hid_parser.o
                0x00000000080170f0                HID_ReadItem
                0x0000000008017180                HID_WriteItem
 .text          0x0000000008017200     0x12a0 build/obj/stm32f4xx_ll_usb.o
                0x0000000008017270                USB_CoreInit
                0x00000000080172f0                USB_EnableGlobalInt
                0x0000000008017300                USB_DisableGlobalInt
                0x0000000008017310                USB_SetCurrentMode
                0x0000000008017350                USB_DevInit
                0x00000000080174d0                USB_FlushTxFifo
                0x0000000008017500                USB_FlushRxFifo
                0x0000000008017520                USB_SetDevSpeed
                0x0000000008017530                USB_GetDevSpeed
                0x0000000008017570                USB_ActivateEndpoint
                0x0000000008017600                USB_ActivateDedicatedEndpoint
                0x00000000080176f0                USB_DeactivateEndpoint
                0x0000000008017780                USB_DeactivateDedicatedEndpoint
                0x00000000080177e0                USB_EPStartXfer
                0x0000000008017a40                USB_EP0StartXfer
                0x0000000008017bc0                USB_WritePacket
                0x0000000008017bd0                USB_ReadPacket
                0x0000000008017c00                USB_EPSetStall
                0x0000000008017c40                USB_EPClearStall
                0x0000000008017c80                USB_StopDevice
                0x0000000008017cf0                USB_SetDevAddress
                0x0000000008017d10                USB_DevConnect
                0x0000000008017d30                USB_DevDisconnect
                0x0000000008017d50                USB_ReadInterrupts
                0x0000000008017d60                USB_ReadDevAllOutEpInterrupt
                0x0000000008017d70                USB_ReadDevAllInEpInterrupt
                0x0000000008017d80                USB_ReadDevOutEPInterrupt
                0x0000000008017da0                USB_ReadDevInEPInterrupt
                0x0000000008017dd0                USB_ClearInterrupts
                0x0000000008017de0                USB_GetMode
                0x0000000008017df0                USB_ActivateSetup
                0x0000000008017e30                USB_EP0_OutStart
                0x0000000008017e80                USB_InitFSLSPClkSel
                0x0000000008017ec0                USB_ResetPort
                0x0000000008017f00                USB_DriveVbus
                0x0000000008017f50                USB_HostInit
                0x0000000008018060                USB_GetHostSpeed
                0x0000000008018080                USB_GetCurrentFrame
                0x0000000008018090                USB_HC_Init
                0x00000000080181b0                USB_HC_StartXfer
                0x0000000008018340                USB_HC_ReadInterrupt
                0x0000000008018350                USB_HC_Halt
                0x00000000080183e0                USB_DoPing
                0x0000000008018410                USB_StopHost
 .text          0x00000000080184a0      0x468 build/obj/stm32f4xx_hal_gpio.o
                0x00000000080184a0                HAL_GPIO_Init
                0x0000000008018710                HAL_GPIO_DeInit
                0x0000000008018880                HAL_GPIO_ReadPin
                0x0000000008018890                HAL_GPIO_WritePin
                0x00000000080188a0                HAL_GPIO_TogglePin
                0x00000000080188b0                HAL_GPIO_LockPin
                0x00000000080188e0                HAL_GPIO_EXTI_Callback
                0x00000000080188f0                HAL_GPIO_EXTI_IRQHandler
 *fill*         0x0000000008018908        0x8 
 .text          0x0000000008018910      0x2a8 build/obj/stm32f4xx_hal_cortex.o
                0x0000000008018910                HAL_NVIC_SetPriorityGrouping
                0x0000000008018940                HAL_NVIC_SetPriority
                0x00000000080189b0                HAL_NVIC_EnableIRQ
                0x00000000080189d0                HAL_NVIC_DisableIRQ
                0x0000000008018a00                HAL_NVIC_SystemReset
                0x0000000008018a30                HAL_SYSTICK_Config
                0x0000000008018a70                HAL_NVIC_GetPriorityGrouping
                0x0000000008018a80                HAL_NVIC_GetPriority
                0x0000000008018ae0                HAL_NVIC_SetPendingIRQ
                0x0000000008018b00                HAL_NVIC_GetPendingIRQ
                0x0000000008018b30                HAL_NVIC_ClearPendingIRQ
                0x0000000008018b50                HAL_NVIC_GetActive
                0x0000000008018b80                HAL_SYSTICK_CLKSourceConfig
                0x0000000008018ba0                HAL_SYSTICK_Callback
                0x0000000008018bb0                HAL_SYSTICK_IRQHandler
 *fill*         0x0000000008018bb8        0x8 
 .text          0x0000000008018bc0      0xb38 build/obj/stm32f4xx_hal_hcd.o
                0x0000000008018bc0                HAL_HCD_HC_Init
                0x0000000008018c30                HAL_HCD_HC_Halt
                0x0000000008018c70                HAL_HCD_Init
                0x0000000008018d00                HAL_HCD_DeInit
                0x0000000008018d30                HAL_HCD_HC_SubmitRequest
                0x0000000008018e70                HAL_HCD_IRQHandler
                0x0000000008019630                HAL_HCD_Start
                0x0000000008019660                HAL_HCD_Stop
                0x0000000008019690                HAL_HCD_ResetPort
                0x00000000080196a0                HAL_HCD_GetState
                0x00000000080196b0                HAL_HCD_HC_GetURBState
                0x00000000080196c0                HAL_HCD_HC_GetXferCount
                0x00000000080196d0                HAL_HCD_HC_GetState
                0x00000000080196e0                HAL_HCD_GetCurrentFrame
                0x00000000080196f0                HAL_HCD_GetCurrentSpeed
 *fill*         0x00000000080196f8        0x8 
 .text          0x0000000008019700      0xa38 build/obj/usbh_midi_core.o
                0x0000000008019700                USBH_MIDI_ClassRequest
                0x0000000008019710                USBH_MIDI_InterfaceInit
                0x0000000008019930                USBH_MIDI_InterfaceDeInit
                0x00000000080199b0                USBH_MIDI_SOFProcess
                0x0000000008019a10                usbh_midi_init_buffer
                0x0000000008019a30                usbh_midi_deinit_buffer
                0x0000000008019a50                usbh_midi_init
                0x0000000008019a70                usbh_midi_reset_buffer
                0x0000000008019a90                calcCIN
                0x0000000008019aa0                calcPH
                0x0000000008019ab0                usbh_MidiSend1
                0x0000000008019b20                usbh_MidiSend2
                0x0000000008019b90                usbh_MidiSend3
                0x0000000008019bf0                usbh_MidiSendSysEx
                0x0000000008019d10                usbh_MidiGetOutputBufferPending
                0x0000000008019d40                usbh_MidiGetOutputBufferAvailable
                0x0000000008019d50                isValidInput
                0x0000000008019d60                isValidOutput
                0x0000000008019d70                USBH_MIDI_ProcessInput
                0x0000000008019f00                USBH_MIDI_ProcessOutput
                0x000000000801a120                USBH_MIDI_Process
 *fill*         0x000000000801a138        0x8 
 .text          0x000000000801a140      0x210 build/obj/usbh_vendor.o
 .text          0x000000000801a350      0x514 build/obj/usbh_conf.o
                0x000000000801a360                MIDI_CB
                0x000000000801a380                HAL_HCD_MspInit
                0x000000000801a4f0                HAL_HCD_MspDeInit
                0x000000000801a530                HAL_HCD_SOF_Callback
                0x000000000801a540                HAL_HCD_Connect_Callback
                0x000000000801a550                HAL_HCD_Disconnect_Callback
                0x000000000801a560                HAL_HCD_HC_NotifyURBChange_Callback
                0x000000000801a570                USBH_LL_Init
                0x000000000801a5e0                USBH_LL_DeInit
                0x000000000801a5f0                USBH_LL_Start
                0x000000000801a600                USBH_LL_Stop
                0x000000000801a610                USBH_LL_GetSpeed
                0x000000000801a630                USBH_LL_ResetPort
                0x000000000801a640                USBH_LL_GetLastXferSize
                0x000000000801a650                USBH_LL_OpenPipe
                0x000000000801a680                USBH_LL_ClosePipe
                0x000000000801a690                USBH_LL_DriverVBUS
                0x000000000801a6c0                USBH_LL_SetToggle
                0x000000000801a6f0                USBH_LL_GetToggle
                0x000000000801a710                USBH_Delay
                0x000000000801a720                MY_USBH_Init
                0x000000000801a770                USBH_HID_EventCallback
                0x000000000801a7e0                fakemalloc
                0x000000000801a820                fakefree
                0x000000000801a830                Vector174
                0x000000000801a850                Vector168
                0x000000000801a860                Vector16C
 *fill*         0x000000000801a864        0xc 
 .text          0x000000000801a870      0x1c4 build/obj/serial_midi.o
                0x000000000801a870                serial_MidiInByteHandler
                0x000000000801a950                serial_MidiSend1
                0x000000000801a960                serial_MidiSend2
                0x000000000801a990                serial_MidiSend3
                0x000000000801a9c0                serial_MidiGetOutputBufferPending
                0x000000000801a9e0                serial_midi_init
 *fill*         0x000000000801aa34        0xc 
 .text          0x000000000801aa40      0x374 build/obj/bulk_usb.o
                0x000000000801ab90                bduInit
                0x000000000801aba0                bduObjectInit
                0x000000000801abf0                bduStart
                0x000000000801ac20                bduStop
                0x000000000801ac70                bduConfigureHookI
                0x000000000801acc0                bduRequestsHook
                0x000000000801acd0                bduDataTransmitted
                0x000000000801ad50                bduDataReceived
 *fill*         0x000000000801adb4        0xc 
 .text          0x000000000801adc0      0x464 build/obj/midi_usb.o
                0x000000000801af20                mduInit
                0x000000000801af30                mduObjectInit
                0x000000000801af80                mduStart
                0x000000000801afb0                mduStop
                0x000000000801b000                mduConfigureHookI
                0x000000000801b050                mduRequestsHook
                0x000000000801b060                mduDataTransmitted
                0x000000000801b0e0                mduDataReceived
                0x000000000801b150                calcDS1
                0x000000000801b160                calcCIN1
                0x000000000801b170                midi_usb_MidiSend1
                0x000000000801b1b0                midi_usb_MidiSend2
                0x000000000801b1f0                midi_usb_MidiSend3
 *fill*         0x000000000801b224        0xc 
 .text          0x000000000801b230       0x98 build/obj/crc32.o
                0x000000000801b230                revbit
                0x000000000801b240                CalcCRC32
 *fill*         0x000000000801b2c8        0x8 
 .text          0x000000000801b2d0      0x688 build/obj/exceptions.o
                0x000000000801b300                UsageFaultVector
                0x000000000801b300                report_exception
                0x000000000801b300                MemManageVector
                0x000000000801b300                HardFaultVector
                0x000000000801b300                BusFaultVector
                0x000000000801b320                BootLoaderInit
                0x000000000801b370                exception_check_DFU
                0x000000000801b3c0                exception_init
                0x000000000801b430                exception_check
                0x000000000801b450                exception_clear
                0x000000000801b460                exception_initiate_dfu
                0x000000000801b500                exception_checkandreport
                0x000000000801b630                report_fatfs_error
                0x000000000801b6c0                report_patchLoadFail
                0x000000000801b750                report_patchLoadSDRamOverflow
                0x000000000801b7e0                report_usbh_midi_ringbuffer_overflow
                0x000000000801b800                dbg_set_i
                0x000000000801b810                terminator
                0x000000000801b890                prvGetRegistersFromStack
                0x000000000801b930                Vector40
 *fill*         0x000000000801b958        0x8 
 .text          0x000000000801b960       0x14 build/obj/watchdog.o
                0x000000000801b960                watchdog_init
                0x000000000801b970                watchdog_feed
 *fill*         0x000000000801b974        0xc 
 .text          0x000000000801b980      0x2cc build/obj/sysmon.o
                0x000000000801bad0                sysmon_init
                0x000000000801bb90                sysmon_disable_blinker
                0x000000000801bba0                sysmon_enable_blinker
                0x000000000801bbb0                sysmon_blink_pattern
                0x000000000801bbd0                setErrorFlag
                0x000000000801bc00                getErrorFlag
                0x000000000801bc20                errorFlagClearAll
                0x000000000801bc30                sysmon_getVoltage50
                0x000000000801bc40                sysmon_getVoltage10
 *fill*         0x000000000801bc4c        0x4 
 .text          0x000000000801bc50       0x9c build/obj/axoloti_memory.o
                0x000000000801bc50                sdram_init
                0x000000000801bc70                sdram_malloc
                0x000000000801bcc0                sdram_free
                0x000000000801bce0                sdram_get_free
 *fill*         0x000000000801bcec        0x4 
 .text          0x000000000801bcf0        0x0 build/obj/units.o
 .text          0x000000000801bcf0        0x0 build/obj/atan.o
 .text          0x000000000801bcf0        0x0 build/obj/random.o
 .text          0x000000000801bcf0        0x0 build/obj/mutable_resources.o
 .text          0x000000000801bcf0        0x0 build/obj/braids_resources.o
 .text          0x000000000801bcf0        0x0 build/obj/analog_oscillator.o
 .text          0x000000000801bcf0        0x0 build/obj/digital_oscillator.o
 .text          0x000000000801bcf0        0x0 build/obj/macro_oscillator.o
 .text          0x000000000801bcf0       0xc8 build/obj/axoloti_mi.o
                0x000000000801bcf0                loadElementsData
 *fill*         0x000000000801bdb8        0x8 
 .text          0x000000000801bdc0       0x54 build/obj/multistage_envelope.o
                0x000000000801bdc0                elements::MultistageEnvelope::Init()
 *fill*         0x000000000801be14        0xc 
 .text          0x000000000801be20     0x1024 build/obj/ominous_voice.o
                0x000000000801be20                elements::Spatializer::Init(float)
                0x000000000801be50                elements::Spatializer::Process(float*, float*, float*, unsigned int)
                0x000000000801c070                elements::FmOscillator::Process(float, float, float, float, float const*, float*, unsigned int)
                0x000000000801c280                elements::OminousVoice::Init()
                0x000000000801c460                elements::OminousVoice::ConfigureEnvelope(elements::Patch const&)
                0x000000000801c580                elements::OminousVoice::Process(elements::Patch const&, float, float, bool, float const*, float const*, float*, float*, float*, unsigned int)
 *fill*         0x000000000801ce44        0xc 
 .text          0x000000000801ce50      0x6e0 build/obj/resonator.o
                0x000000000801ce50                elements::Resonator::Init()
                0x000000000801cf10                elements::Resonator::ComputeFilters()
                0x000000000801d1c0                elements::Resonator::Process(float const*, float const*, float*, float*, unsigned int)
 .text          0x000000000801d530      0x100 build/obj/string.o
                0x000000000801d530                elements::String::Init(bool)
                0x000000000801d610                elements::String::Process(float const*, float*, float*, unsigned int)
 .text          0x000000000801d630      0x198 build/obj/tube.o
                0x000000000801d630                elements::Tube::Init()
                0x000000000801d640                elements::Tube::Process(float, float, float, float, float*, float, unsigned int)
 *fill*         0x000000000801d7c8        0x8 
 .text          0x000000000801d7d0      0x960 build/obj/exciter.o
                0x000000000801d7d0                elements::Exciter::ProcessGranularSamplePlayer(unsigned char, float*, unsigned int)
                0x000000000801d920                elements::Exciter::ProcessSamplePlayer(unsigned char, float*, unsigned int)
                0x000000000801db20                elements::Exciter::ProcessMallet(unsigned char, float*, unsigned int)
                0x000000000801dbb0                elements::Exciter::ProcessPlectrum(unsigned char, float*, unsigned int)
                0x000000000801dc90                elements::Exciter::ProcessFlow(unsigned char, float*, unsigned int)
                0x000000000801dd30                elements::Exciter::ProcessNoise(unsigned char, float*, unsigned int)
                0x000000000801dd80                elements::Exciter::ProcessParticles(unsigned char, float*, unsigned int)
                0x000000000801df90                elements::Exciter::Init()
                0x000000000801dfe0                elements::Exciter::GetPulseAmplitude(float)
                0x000000000801e010                elements::Exciter::Process(unsigned char, float*, unsigned int)
 .text          0x000000000801e130        0x0 build/obj/elements_resources.o
 .text          0x000000000801e130      0xc64 build/obj/part.o
                0x000000000801e130                elements::Part::Init(unsigned short*)
                0x000000000801e2a0                elements::Part::Seed(unsigned long*, unsigned int)
                0x000000000801e3d0                elements::Part::Process(elements::PerformanceState const&, float const*, float const*, float*, float*, unsigned int)
 *fill*         0x000000000801ed94        0xc 
 .text          0x000000000801eda0      0xca8 build/obj/voice.o
                0x000000000801eda0                elements::Voice::ResetResonator()
                0x000000000801ede0                elements::Voice::Init()
                0x000000000801eed0                elements::Voice::Process(elements::Patch const&, float, float, bool, float const*, float const*, float*, float*, float*, unsigned int)
 *fill*         0x000000000801fa48        0x8 
 .text          0x000000000801fa50        0x0 build/obj/clouds_resources.o
 .text          0x000000000801fa50       0xec build/obj/correlator.o
                0x000000000801fa50                clouds::Correlator::Init(unsigned long*, unsigned long*)
                0x000000000801fa70                clouds::Correlator::EvaluateNextCandidate()
                0x000000000801fb20                clouds::Correlator::StartSearch(long, long, long)
 *fill*         0x000000000801fb3c        0x4 
 .text          0x000000000801fb40        0x0 build/obj/mu_law.o
 .text          0x000000000801fb40     0x4e78 build/obj/granular_processor.o
                0x000000000801fb40                clouds::GranularProcessor::ResetFilters()
                0x000000000801fb90                clouds::GranularProcessor::Init(void*, unsigned int, void*, unsigned int)
                0x000000000801fc20                clouds::GranularProcessor::PreparePersistentData()
                0x000000000801fc90                clouds::GranularProcessor::GetPersistentData(clouds::PersistentBlock*, unsigned int*)
                0x000000000801fcf0                clouds::GranularProcessor::Prepare()
                0x0000000008020b50                clouds::GranularProcessor::LoadPersistentData(unsigned long const*)
                0x0000000008020d50                clouds::GranularProcessor::ProcessGranular(clouds::FloatFrame*, clouds::FloatFrame*, unsigned int)
                0x00000000080233b0                clouds::GranularProcessor::Process(clouds::ShortFrame*, clouds::ShortFrame*, unsigned int)
 *fill*         0x00000000080249b8        0x8 
 .text          0x00000000080249c0      0xbb4 build/obj/frame_transformation.o
                0x00000000080249c0                clouds::FrameTransformation::Init(float*, long, long)
                0x0000000008024a30                clouds::FrameTransformation::Reset()
                0x0000000008024a70                clouds::FrameTransformation::RectangularToPolar(float*)
                0x0000000008024bb0                clouds::FrameTransformation::SetPhases(float*, float, float)
                0x0000000008024cb0                clouds::FrameTransformation::PolarToRectangular(float*)
                0x0000000008024d30                clouds::FrameTransformation::AddGlitch(float*)
                0x0000000008024ed0                clouds::FrameTransformation::QuantizeMagnitudes(float*, float)
                0x0000000008025020                clouds::FrameTransformation::WarpMagnitudes(float*, float*, float)
                0x0000000008025100                clouds::FrameTransformation::ShiftMagnitudes(float*, float*, float)
                0x00000000080251f0                clouds::FrameTransformation::StoreMagnitudes(float*, float, float)
                0x00000000080253c0                clouds::FrameTransformation::ReplayMagnitudes(float*, float)
                0x0000000008025430                clouds::FrameTransformation::Process(clouds::Parameters const&, float*, float*)
 *fill*         0x0000000008025574        0xc 
 .text          0x0000000008025580      0x1dc build/obj/phase_vocoder.o
                0x0000000008025580                clouds::PhaseVocoder::Init(void**, unsigned int*, float const*, unsigned int, long, long, float)
                0x00000000080256e0                clouds::PhaseVocoder::Process(clouds::Parameters const&, clouds::FloatFrame const*, clouds::FloatFrame*, unsigned int)
                0x0000000008025730                clouds::PhaseVocoder::Buffer()
 *fill*         0x000000000802575c        0x4 
 .text          0x0000000008025760      0xfbc build/obj/stft.o
                0x0000000008025760                clouds::STFT::Reset()
                0x00000000080257b0                clouds::STFT::Init(stmlib::ShyFFT<float, 4096u, stmlib::RotationPhasor>*, unsigned int, unsigned int, float*, float*, float const*, short*, clouds::FrameTransformation*)
                0x00000000080258a0                clouds::STFT::Process(clouds::Parameters const&, float const*, float*, unsigned int, unsigned int)
                0x0000000008025960                clouds::STFT::Buffer()
 *fill*         0x000000000802671c        0x4 
 .text          0x0000000008026720        0x0 build/obj/rings_resources.o
 .text          0x0000000008026720        0x0 build/obj/streams_resources.o
 .text          0x0000000008026720      0x25c build/obj/compressor.o
                0x0000000008026720                streams::Compressor::Init()
                0x0000000008026730                streams::Compressor::Log2(long)
                0x0000000008026770                streams::Compressor::Exp2(long)
                0x00000000080267f0                streams::Compressor::Compress(long, long, long, bool)
                0x0000000008026890                streams::Compressor::Process(short, short, unsigned short*, unsigned short*)
 *fill*         0x000000000802697c        0x4 
 .text          0x0000000008026980      0x248 build/obj/envelope.o
                0x0000000008026980                streams::Envelope::Init()
                0x00000000080269e0                streams::Envelope::Process(short, short, unsigned short*, unsigned short*)
 *fill*         0x0000000008026bc8        0x8 
 .text          0x0000000008026bd0      0x2b8 build/obj/follower.o
                0x0000000008026bd0                streams::Follower::Init()
                0x0000000008026c30                streams::Follower::Process(short, short, unsigned short*, unsigned short*)
 *fill*         0x0000000008026e88        0x8 
 .text          0x0000000008026e90      0x19c build/obj/lorenz_generator.o
                0x0000000008026e90                streams::LorenzGenerator::Init()
                0x0000000008026eb0                streams::LorenzGenerator::Process(short, short, unsigned short*, unsigned short*)
 *fill*         0x000000000802702c        0x4 
 .text          0x0000000008027030       0xb0 build/obj/processor.o
                0x0000000008027030                streams::Processor::Init(unsigned char)
 .text          0x00000000080270e0       0xf8 build/obj/svf.o
                0x00000000080270e0                streams::Svf::Init()
                0x0000000008027100                streams::Svf::Process(long)
 *fill*         0x00000000080271d8        0x8 
 .text          0x00000000080271e0      0x370 build/obj/vactrol.o
                0x00000000080271e0                streams::Vactrol::Init()
                0x00000000080271f0                streams::Vactrol::Process(short, short, unsigned short*, unsigned short*)
 .text          0x0000000008027550        0x0 /Applications/axoloti_runtime/platform_osx/bin/../lib/gcc/arm-none-eabi/4.9.3/../../../../arm-none-eabi/lib/armv7e-m/fpu/libm.a(lib_a-sf_cos.o)