Archive member included because of file (symbol)

/Applications/axoloti_runtime/platform_osx/bin/../lib/gcc/arm-none-eabi/4.9.3/../../../../arm-none-eabi/lib/armv7e-m/fpu/libg.a(lib_a-memcpy.o)
                              flasher_build/obj/board.o (memcpy)
/Applications/axoloti_runtime/platform_osx/bin/../lib/gcc/arm-none-eabi/4.9.3/../../../../arm-none-eabi/lib/armv7e-m/fpu/libg.a(lib_a-memset.o)
                              flasher_build/obj/axoloti_control.o (memset)
/Applications/axoloti_runtime/platform_osx/bin/../lib/gcc/arm-none-eabi/4.9.3/../../../../arm-none-eabi/lib/armv7e-m/fpu/libg.a(lib_a-strcasecmp.o)
                              flasher_build/obj/shell.o (strcasecmp)
/Applications/axoloti_runtime/platform_osx/bin/../lib/gcc/arm-none-eabi/4.9.3/../../../../arm-none-eabi/lib/armv7e-m/fpu/libg.a(lib_a-strpbrk.o)
                              flasher_build/obj/shell.o (strpbrk)
/Applications/axoloti_runtime/platform_osx/bin/../lib/gcc/arm-none-eabi/4.9.3/../../../../arm-none-eabi/lib/armv7e-m/fpu/libg.a(lib_a-strspn.o)
                              flasher_build/obj/shell.o (strspn)
/Applications/axoloti_runtime/platform_osx/bin/../lib/gcc/arm-none-eabi/4.9.3/../../../../arm-none-eabi/lib/armv7e-m/fpu/libg.a(lib_a-ctype_.o)
                              /Applications/axoloti_runtime/platform_osx/bin/../lib/gcc/arm-none-eabi/4.9.3/../../../../arm-none-eabi/lib/armv7e-m/fpu/libg.a(lib_a-strcasecmp.o) (__ctype_ptr__)

Discarded input sections

 .text          0x0000000000000000        0x0 flasher_build/obj/crt0.o
 .data          0x0000000000000000        0x0 flasher_build/obj/crt0.o
 .bss           0x0000000000000000        0x0 flasher_build/obj/crt0.o
 .text.__early_init
                0x0000000000000000        0x4 flasher_build/obj/crt0.o
 .text          0x0000000000000000        0x0 flasher_build/obj/vectors.o
 .data          0x0000000000000000        0x0 flasher_build/obj/vectors.o
 .bss           0x0000000000000000        0x0 flasher_build/obj/vectors.o
 .text          0x0000000000000000        0x0 flasher_build/obj/chcore.o
 .data          0x0000000000000000        0x0 flasher_build/obj/chcore.o
 .bss           0x0000000000000000        0x0 flasher_build/obj/chcore.o
 .text.port_halt
                0x0000000000000000        0x4 flasher_build/obj/chcore.o
 .debug_info    0x0000000000000000       0x8e flasher_build/obj/chcore.o
 .debug_abbrev  0x0000000000000000       0x40 flasher_build/obj/chcore.o
 .debug_aranges
                0x0000000000000000       0x20 flasher_build/obj/chcore.o
 .debug_ranges  0x0000000000000000       0x10 flasher_build/obj/chcore.o
 .debug_line    0x0000000000000000       0x82 flasher_build/obj/chcore.o
 .debug_str     0x0000000000000000      0x208 flasher_build/obj/chcore.o
 .comment       0x0000000000000000       0x71 flasher_build/obj/chcore.o
 .debug_frame   0x0000000000000000       0x20 flasher_build/obj/chcore.o
 .ARM.attributes
                0x0000000000000000       0x39 flasher_build/obj/chcore.o
 .text          0x0000000000000000        0x0 flasher_build/obj/chcore_v7m.o
 .data          0x0000000000000000        0x0 flasher_build/obj/chcore_v7m.o
 .bss           0x0000000000000000        0x0 flasher_build/obj/chcore_v7m.o
 .text          0x0000000000000000        0x0 flasher_build/obj/nvic.o
 .data          0x0000000000000000        0x0 flasher_build/obj/nvic.o
 .bss           0x0000000000000000        0x0 flasher_build/obj/nvic.o
 .text.nvicDisableVector
                0x0000000000000000       0x40 flasher_build/obj/nvic.o
 .text          0x0000000000000000        0x0 flasher_build/obj/chsys.o
 .data          0x0000000000000000        0x0 flasher_build/obj/chsys.o
 .bss           0x0000000000000000        0x0 flasher_build/obj/chsys.o
 .text          0x0000000000000000        0x0 flasher_build/obj/chdebug.o
 .data          0x0000000000000000        0x0 flasher_build/obj/chdebug.o
 .bss           0x0000000000000000        0x0 flasher_build/obj/chdebug.o
 .debug_info    0x0000000000000000       0x75 flasher_build/obj/chdebug.o
 .debug_abbrev  0x0000000000000000       0x24 flasher_build/obj/chdebug.o
 .debug_aranges
                0x0000000000000000       0x18 flasher_build/obj/chdebug.o
 .debug_line    0x0000000000000000       0x1d flasher_build/obj/chdebug.o
 .debug_str     0x0000000000000000      0x1f9 flasher_build/obj/chdebug.o
 .comment       0x0000000000000000       0x71 flasher_build/obj/chdebug.o
 .ARM.attributes
                0x0000000000000000       0x39 flasher_build/obj/chdebug.o
 .text          0x0000000000000000        0x0 flasher_build/obj/chlists.o
 .data          0x0000000000000000        0x0 flasher_build/obj/chlists.o
 .bss           0x0000000000000000        0x0 flasher_build/obj/chlists.o
 .debug_info    0x0000000000000000       0x75 flasher_build/obj/chlists.o
 .debug_abbrev  0x0000000000000000       0x24 flasher_build/obj/chlists.o
 .debug_aranges
                0x0000000000000000       0x18 flasher_build/obj/chlists.o
[...]
Memory Configuration

Name             Origin             Length             Attributes
SRAM             0x0000000000011000 0x0000000000009000 xrw
CCMSRAM          0x0000000010000000 0x000000000000e000 xrw
*default*        0x0000000000000000 0xffffffffffffffff

Linker script and memory map

LOAD flasher_build/obj/crt0.o
LOAD flasher_build/obj/vectors.o
LOAD flasher_build/obj/chcore.o
LOAD flasher_build/obj/chcore_v7m.o
LOAD flasher_build/obj/nvic.o
LOAD flasher_build/obj/chsys.o
LOAD flasher_build/obj/chdebug.o
LOAD flasher_build/obj/chlists.o
LOAD flasher_build/obj/chvt.o
LOAD flasher_build/obj/chschd.o
LOAD flasher_build/obj/chthreads.o
LOAD flasher_build/obj/chdynamic.o
LOAD flasher_build/obj/chregistry.o
LOAD flasher_build/obj/chsem.o
LOAD flasher_build/obj/chmtx.o
LOAD flasher_build/obj/chcond.o
LOAD flasher_build/obj/chevents.o
LOAD flasher_build/obj/chmsg.o
LOAD flasher_build/obj/chmboxes.o
LOAD flasher_build/obj/chqueues.o
LOAD flasher_build/obj/chmemcore.o
LOAD flasher_build/obj/chheap.o
LOAD flasher_build/obj/chmempools.o
LOAD flasher_build/obj/hal.o
LOAD flasher_build/obj/adc.o
LOAD flasher_build/obj/can.o
LOAD flasher_build/obj/ext.o
LOAD flasher_build/obj/gpt.o
LOAD flasher_build/obj/i2c.o
LOAD flasher_build/obj/icu.o
LOAD flasher_build/obj/mac.o
LOAD flasher_build/obj/mmc_spi.o
LOAD flasher_build/obj/mmcsd.o
LOAD flasher_build/obj/pal.o
LOAD flasher_build/obj/pwm.o
LOAD flasher_build/obj/rtc.o
LOAD flasher_build/obj/sdc.o
LOAD flasher_build/obj/serial.o
LOAD flasher_build/obj/serial_usb.o
LOAD flasher_build/obj/spi.o
LOAD flasher_build/obj/tm.o
LOAD flasher_build/obj/uart.o
LOAD flasher_build/obj/usb.o
LOAD flasher_build/obj/stm32_dma.o
LOAD flasher_build/obj/hal_lld.o
LOAD flasher_build/obj/adc_lld.o
LOAD flasher_build/obj/ext_lld_isr.o
LOAD flasher_build/obj/can_lld.o
LOAD flasher_build/obj/ext_lld.o
LOAD flasher_build/obj/mac_lld.o
LOAD flasher_build/obj/sdc_lld.o
LOAD flasher_build/obj/pal_lld.o
LOAD flasher_build/obj/i2c_lld.o
LOAD flasher_build/obj/usb_lld.o
LOAD flasher_build/obj/rtc_lld.o
LOAD flasher_build/obj/spi_lld.o
LOAD flasher_build/obj/gpt_lld.o
LOAD flasher_build/obj/icu_lld.o
LOAD flasher_build/obj/pwm_lld.o
LOAD flasher_build/obj/serial_lld.o
LOAD flasher_build/obj/uart_lld.o
LOAD flasher_build/obj/board.o
LOAD flasher_build/obj/shell.o
LOAD flasher_build/obj/chprintf.o
LOAD flasher_build/obj/memstreams.o
LOAD flasher_build/obj/stm32f4xx_hal.o
LOAD flasher_build/obj/glcdfont.o
LOAD flasher_build/obj/axoloti_control.o
LOAD flasher_build/obj/axoloti_board.o
LOAD flasher_build/obj/sdram.o
LOAD flasher_build/obj/crc32.o
LOAD flasher_build/obj/flash.o
LOAD flasher_build/obj/watchdog.o
LOAD flasher_build/obj/stm32f4xx_fmc.o
LOAD flasher_build/obj/main.o
                0x0000000000000200                __main_stack_size__ = 0x200
                0x0000000000000200                __process_stack_size__ = 0x200
                0x0000000000000000                . = 0x0
                0x0000000000000000                _text = .

.text           0x0000000000011000     0x3430
 *(.text.ResetHandler)
 .text.ResetHandler
                0x0000000000011000      0x120 flasher_build/obj/crt0.o
                0x0000000000011000                ResetHandler
 *(.text.startup.*)
 .text.startup.main
                0x0000000000011120      0x92c flasher_build/obj/main.o
                0x0000000000011120                main
 *(.text)
 *fill*         0x0000000000011a4c        0x4 
 .text          0x0000000000011a50      0x134 /Applications/axoloti_runtime/platform_osx/bin/../lib/gcc/arm-none-eabi/4.9.3/../../../../arm-none-eabi/lib/armv7e-m/fpu/libg.a(lib_a-memcpy.o)
                0x0000000000011a50                memcpy
 *(.text.*)
 *fill*         0x0000000000011b84        0xc 
 .text.__late_init
                0x0000000000011b90        0x4 flasher_build/obj/crt0.o
                0x0000000000011b90                __late_init
 *fill*         0x0000000000011b94        0xc 
 .text._default_exit
                0x0000000000011ba0        0x4 flasher_build/obj/crt0.o
                0x0000000000011ba0                _default_exit
 *fill*         0x0000000000011ba4        0xc 
 .text._unhandled_exception
                0x0000000000011bb0        0x4 flasher_build/obj/vectors.o
                0x0000000000011bb0                Vector18C
                0x0000000000011bb0                VectorE8
                0x0000000000011bb0                Vector9C
                0x0000000000011bb0                Vector1A0
                0x0000000000011bb0                Vector5C
                0x0000000000011bb0                NMIVector
                0x0000000000011bb0                Vector11C
                0x0000000000011bb0                Vector19C
                0x0000000000011bb0                Vector8C
                0x0000000000011bb0                Vector168
                0x0000000000011bb0                Vector110
                0x0000000000011bb0                VectorC8
                0x0000000000011bb0                Vector94
                0x0000000000011bb0                VectorA8
                0x0000000000011bb0                Vector160
                0x0000000000011bb0                VectorEC
                0x0000000000011bb0                UsageFaultVector
                0x0000000000011bb0                DebugMonitorVector
                0x0000000000011bb0                Vector40
                0x0000000000011bb0                VectorBC
                0x0000000000011bb0                Vector190
                0x0000000000011bb0                Vector148
                0x0000000000011bb0                Vector188
                0x0000000000011bb0                PendSVVector
                0x0000000000011bb0                Vector198
                0x0000000000011bb0                Vector118
                0x0000000000011bb0                Vector64
                0x0000000000011bb0                VectorCC
                0x0000000000011bb0                Vector54
                0x0000000000011bb0                Vector98
                0x0000000000011bb0                Vector138
                0x0000000000011bb0                Vector24
                0x0000000000011bb0                Vector178
                0x0000000000011bb0                Vector1A4
                0x0000000000011bb0                BusFaultVector
                0x0000000000011bb0                VectorD0
                0x0000000000011bb0                Vector140
                0x0000000000011bb0                VectorE4
                0x0000000000011bb0                VectorC0
                0x0000000000011bb0                HardFaultVector
                0x0000000000011bb0                Vector134
                0x0000000000011bb0                Vector13C
                0x0000000000011bb0                Vector100
                0x0000000000011bb0                VectorE0
                0x0000000000011bb0                VectorF4
                0x0000000000011bb0                MemManageVector
                0x0000000000011bb0                VectorA0
                0x0000000000011bb0                VectorC4
                0x0000000000011bb0                Vector180
                0x0000000000011bb0                VectorB0
                0x0000000000011bb0                Vector90
                0x0000000000011bb0                Vector114
                0x0000000000011bb0                Vector164
                0x0000000000011bb0                Vector60
                0x0000000000011bb0                Vector1C
                0x0000000000011bb0                Vector17C
                0x0000000000011bb0                Vector48
                0x0000000000011bb0                Vector1A8
                0x0000000000011bb0                Vector16C
                0x0000000000011bb0                Vector4C
                0x0000000000011bb0                Vector144
                0x0000000000011bb0                Vector68
                0x0000000000011bb0                _unhandled_exception
                0x0000000000011bb0                Vector170
                0x0000000000011bb0                Vector104
                0x0000000000011bb0                Vector184
                0x0000000000011bb0                Vector10C
                0x0000000000011bb0                Vector14C
                0x0000000000011bb0                Vector50
                0x0000000000011bb0                Vector194
                0x0000000000011bb0                Vector44
                0x0000000000011bb0                Vector28
                0x0000000000011bb0                Vector34
                0x0000000000011bb0                Vector20
                0x0000000000011bb0                Vector58
 *fill*         0x0000000000011bb4        0xc 
 .text._port_switch_from_isr
                0x0000000000011bc0        0x8 flasher_build/obj/chcore_v7m.o
                0x0000000000011bc0                _port_switch_from_isr
 *fill*         0x0000000000011bc8        0x8 
 .text.SVCallVector
                0x0000000000011bd0       0x20 flasher_build/obj/chcore_v7m.o
                0x0000000000011bd0                SVCallVector
 .text._port_init
                0x0000000000011bf0       0x30 flasher_build/obj/chcore_v7m.o
                0x0000000000011bf0                _port_init
 .text._port_irq_epilogue
                0x0000000000011c20       0x84 flasher_build/obj/chcore_v7m.o
                0x0000000000011c20                _port_irq_epilogue
 *fill*         0x0000000000011ca4        0xc 
 .text.SysTickVector
                0x0000000000011cb0       0x1c flasher_build/obj/chcore_v7m.o
                0x0000000000011cb0                SysTickVector
 *fill*         0x0000000000011ccc        0x4 
 .text._port_switch
                0x0000000000011cd0       0x18 flasher_build/obj/chcore_v7m.o
                0x0000000000011cd0                _port_switch
 *fill*         0x0000000000011ce8        0x8 
 .text._port_thread_start
                0x0000000000011cf0       0x10 flasher_build/obj/chcore_v7m.o
                0x0000000000011cf0                _port_thread_start
 .text.nvicEnableVector
                0x0000000000011d00       0x48 flasher_build/obj/nvic.o
                0x0000000000011d00                nvicEnableVector
 *fill*         0x0000000000011d48        0x8 
 .text.nvicSetSystemHandlerPriority
                0x0000000000011d50       0x2c flasher_build/obj/nvic.o
                0x0000000000011d50                nvicSetSystemHandlerPriority
 *fill*         0x0000000000011d7c        0x4 
 .text._idle_thread
                0x0000000000011d80       0x14 flasher_build/obj/chsys.o
                0x0000000000011d80                _idle_thread
 *fill*         0x0000000000011d94        0xc 
 .text.chSysInit
                0x0000000000011da0       0x58 flasher_build/obj/chsys.o
                0x0000000000011da0                chSysInit
 *fill*         0x0000000000011df8        0x8 
 .text.chSysTimerHandlerI
                0x0000000000011e00       0x58 flasher_build/obj/chsys.o
                0x0000000000011e00                chSysTimerHandlerI
 *fill*         0x0000000000011e58        0x8 
 .text._vt_init
                0x0000000000011e60       0x18 flasher_build/obj/chvt.o
                0x0000000000011e60                _vt_init
 *fill*         0x0000000000011e78        0x8 
 .text.chVTSetI
                0x0000000000011e80       0x38 flasher_build/obj/chvt.o
                0x0000000000011e80                chVTSetI
 *fill*         0x0000000000011eb8        0x8 
 .text.chVTResetI
                0x0000000000011ec0       0x24 flasher_build/obj/chvt.o
                0x0000000000011ec0                chVTResetI
 *fill*         0x0000000000011ee4        0xc 
 .text.wakeup   0x0000000000011ef0       0x58 flasher_build/obj/chschd.o
 *fill*         0x0000000000011f48        0x8 
 .text._scheduler_init
                0x0000000000011f50       0x14 flasher_build/obj/chschd.o
                0x0000000000011f50                _scheduler_init
 *fill*         0x0000000000011f64        0xc 
 .text.chSchReadyI
                0x0000000000011f70       0x2c flasher_build/obj/chschd.o
                0x0000000000011f70                chSchReadyI
 *fill*         0x0000000000011f9c        0x4 
 .text.chSchGoSleepS
                0x0000000000011fa0       0x28 flasher_build/obj/chschd.o
                0x0000000000011fa0                chSchGoSleepS
 *fill*         0x0000000000011fc8        0x8 
 .text.chSchGoSleepTimeoutS
                0x0000000000011fd0       0x44 flasher_build/obj/chschd.o
                0x0000000000011fd0                chSchGoSleepTimeoutS
 *fill*         0x0000000000012014        0xc 
 .text.chSchWakeupS
                0x0000000000012020       0x58 flasher_build/obj/chschd.o
                0x0000000000012020                chSchWakeupS
 *fill*         0x0000000000012078        0x8 
 .text.chSchDoRescheduleBehind
                0x0000000000012080       0x40 flasher_build/obj/chschd.o
                0x0000000000012080                chSchDoRescheduleBehind
 .text.chSchDoRescheduleAhead
                0x00000000000120c0       0x3c flasher_build/obj/chschd.o
                0x00000000000120c0                chSchDoRescheduleAhead
 *fill*         0x00000000000120fc        0x4 
 .text.chSchDoReschedule
                0x0000000000012100       0x14 flasher_build/obj/chschd.o
                0x0000000000012100                chSchDoReschedule
 *fill*         0x0000000000012114        0xc 
 .text._thread_init
                0x0000000000012120       0x44 flasher_build/obj/chthreads.o
                0x0000000000012120                _thread_init
 *fill*         0x0000000000012164        0xc 
 .text.chThdCreateStatic
                0x0000000000012170       0x80 flasher_build/obj/chthreads.o
                0x0000000000012170                chThdCreateStatic
 .text.chThdSleep
                0x00000000000121f0       0x18 flasher_build/obj/chthreads.o
                0x00000000000121f0                chThdSleep
 *fill*         0x0000000000012208        0x8 
 .text.chThdExitS
                0x0000000000012210       0x40 flasher_build/obj/chthreads.o
                0x0000000000012210                chThdExitS
 .text.chThdExit
                0x0000000000012250        0xc flasher_build/obj/chthreads.o
                0x0000000000012250                chThdExit
 *fill*         0x000000000001225c        0x4 
 .text.chMtxInit
                0x0000000000012260        0xc flasher_build/obj/chmtx.o
                0x0000000000012260                chMtxInit
 *fill*         0x000000000001226c        0x4 
 .text.chEvtSignalI
                0x0000000000012270       0x30 flasher_build/obj/chevents.o
                0x0000000000012270                chEvtSignalI
 .text.chEvtBroadcastFlagsI
                0x00000000000122a0       0x20 flasher_build/obj/chevents.o
                0x00000000000122a0                chEvtBroadcastFlagsI
 .text.qwait    0x00000000000122c0       0x2c flasher_build/obj/chqueues.o
 *fill*         0x00000000000122ec        0x4 
 .text.chIQInit
                0x00000000000122f0       0x20 flasher_build/obj/chqueues.o
                0x00000000000122f0                chIQInit
 .text.chIQPutI
                0x0000000000012310       0x50 flasher_build/obj/chqueues.o
                0x0000000000012310                chIQPutI
 .text.chIQGetTimeout
                0x0000000000012360       0x50 flasher_build/obj/chqueues.o
                0x0000000000012360                chIQGetTimeout
 .text.chIQReadTimeout
                0x00000000000123b0       0x70 flasher_build/obj/chqueues.o
                0x00000000000123b0                chIQReadTimeout
 .text.chOQInit
                0x0000000000012420       0x1c flasher_build/obj/chqueues.o
                0x0000000000012420                chOQInit
 *fill*         0x000000000001243c        0x4 
 .text.chOQPutTimeout
                0x0000000000012440       0x54 flasher_build/obj/chqueues.o
                0x0000000000012440                chOQPutTimeout
 *fill*         0x0000000000012494        0xc 
 .text.chOQGetI
                0x00000000000124a0       0x48 flasher_build/obj/chqueues.o
                0x00000000000124a0                chOQGetI
 *fill*         0x00000000000124e8        0x8 
 .text.chOQWriteTimeout
                0x00000000000124f0       0x84 flasher_build/obj/chqueues.o
                0x00000000000124f0                chOQWriteTimeout
 *fill*         0x0000000000012574        0xc 
 .text.halInit  0x0000000000012580       0x28 flasher_build/obj/hal.o
                0x0000000000012580                halInit
 *fill*         0x00000000000125a8        0x8 
 .text.adcInit  0x00000000000125b0        0x4 flasher_build/obj/adc.o
                0x00000000000125b0                adcInit
 *fill*         0x00000000000125b4        0xc 
 .text.adcObjectInit
                0x00000000000125c0       0x18 flasher_build/obj/adc.o
                0x00000000000125c0                adcObjectInit
 *fill*         0x00000000000125d8        0x8 
 .text.pwmInit  0x00000000000125e0        0x4 flasher_build/obj/pwm.o
                0x00000000000125e0                pwmInit
 *fill*         0x00000000000125e4        0xc 
 .text.pwmObjectInit
                0x00000000000125f0        0xc flasher_build/obj/pwm.o
                0x00000000000125f0                pwmObjectInit
 *fill*         0x00000000000125fc        0x4 
 .text.readt    0x0000000000012600        0x8 flasher_build/obj/serial.o
 *fill*         0x0000000000012608        0x8 
 .text.read     0x0000000000012610        0xc flasher_build/obj/serial.o
 *fill*         0x000000000001261c        0x4 
 .text.writet   0x0000000000012620        0x8 flasher_build/obj/serial.o
 *fill*         0x0000000000012628        0x8 
 .text.write    0x0000000000012630        0xc flasher_build/obj/serial.o
 *fill*         0x000000000001263c        0x4 
 .text.gett     0x0000000000012640        0x8 flasher_build/obj/serial.o
 *fill*         0x0000000000012648        0x8 
 .text.get      0x0000000000012650        0xc flasher_build/obj/serial.o
 *fill*         0x000000000001265c        0x4 
 .text.putt     0x0000000000012660        0x8 flasher_build/obj/serial.o
 *fill*         0x0000000000012668        0x8 
 .text.put      0x0000000000012670        0xc flasher_build/obj/serial.o
 *fill*         0x000000000001267c        0x4 
 .text.sdInit   0x0000000000012680        0x4 flasher_build/obj/serial.o
                0x0000000000012680                sdInit
 *fill*         0x0000000000012684        0xc 
 .text.sdObjectInit
                0x0000000000012690       0x40 flasher_build/obj/serial.o
                0x0000000000012690                sdObjectInit
 .text.sdStart  0x00000000000126d0       0x1c flasher_build/obj/serial.o
                0x00000000000126d0                sdStart
 *fill*         0x00000000000126ec        0x4 
 .text.sdIncomingDataI
                0x00000000000126f0       0x3c flasher_build/obj/serial.o
                0x00000000000126f0                sdIncomingDataI
 *fill*         0x000000000001272c        0x4 
 .text.spiInit  0x0000000000012730        0x4 flasher_build/obj/spi.o
                0x0000000000012730                spiInit
 *fill*         0x0000000000012734        0xc 
 .text.spiObjectInit
                0x0000000000012740       0x10 flasher_build/obj/spi.o
                0x0000000000012740                spiObjectInit
 .text.Vector6C
                0x0000000000012750       0x28 flasher_build/obj/stm32_dma.o
                0x0000000000012750                Vector6C
 *fill*         0x0000000000012778        0x8 
 .text.Vector70
                0x0000000000012780       0x2c flasher_build/obj/stm32_dma.o
                0x0000000000012780                Vector70
 *fill*         0x00000000000127ac        0x4 
 .text.Vector74
                0x00000000000127b0       0x2c flasher_build/obj/stm32_dma.o
                0x00000000000127b0                Vector74
 *fill*         0x00000000000127dc        0x4 
 .text.Vector78
                0x00000000000127e0       0x2c flasher_build/obj/stm32_dma.o
                0x00000000000127e0                Vector78
 *fill*         0x000000000001280c        0x4 
 .text.Vector7C
                0x0000000000012810       0x28 flasher_build/obj/stm32_dma.o
                0x0000000000012810                Vector7C
 *fill*         0x0000000000012838        0x8 
 .text.Vector80
                0x0000000000012840       0x2c flasher_build/obj/stm32_dma.o
                0x0000000000012840                Vector80
 *fill*         0x000000000001286c        0x4 
 .text.Vector84
                0x0000000000012870       0x2c flasher_build/obj/stm32_dma.o
                0x0000000000012870                Vector84
 *fill*         0x000000000001289c        0x4 
 .text.VectorFC
                0x00000000000128a0       0x2c flasher_build/obj/stm32_dma.o
                0x00000000000128a0                VectorFC
 *fill*         0x00000000000128cc        0x4 
 .text.Vector120
                0x00000000000128d0       0x28 flasher_build/obj/stm32_dma.o
                0x00000000000128d0                Vector120
 *fill*         0x00000000000128f8        0x8 
 .text.Vector124
                0x0000000000012900       0x2c flasher_build/obj/stm32_dma.o
                0x0000000000012900                Vector124
 *fill*         0x000000000001292c        0x4 
 .text.Vector128
                0x0000000000012930       0x2c flasher_build/obj/stm32_dma.o
                0x0000000000012930                Vector128
 *fill*         0x000000000001295c        0x4 
 .text.Vector12C
                0x0000000000012960       0x2c flasher_build/obj/stm32_dma.o
                0x0000000000012960                Vector12C
 *fill*         0x000000000001298c        0x4 
 .text.Vector130
                0x0000000000012990       0x28 flasher_build/obj/stm32_dma.o
                0x0000000000012990                Vector130
 *fill*         0x00000000000129b8        0x8 
 .text.Vector150
                0x00000000000129c0       0x2c flasher_build/obj/stm32_dma.o
                0x00000000000129c0                Vector150
 *fill*         0x00000000000129ec        0x4 
 .text.Vector154
                0x00000000000129f0       0x2c flasher_build/obj/stm32_dma.o
                0x00000000000129f0                Vector154
 *fill*         0x0000000000012a1c        0x4 
 .text.Vector158
                0x0000000000012a20       0x2c flasher_build/obj/stm32_dma.o
                0x0000000000012a20                Vector158
 *fill*         0x0000000000012a4c        0x4 
 .text.dmaInit  0x0000000000012a50       0x4c flasher_build/obj/stm32_dma.o
                0x0000000000012a50                dmaInit
 *fill*         0x0000000000012a9c        0x4 
 .text.hal_lld_init
                0x0000000000012aa0       0x9c flasher_build/obj/hal_lld.o
                0x0000000000012aa0                hal_lld_init
 *fill*         0x0000000000012b3c        0x4 
 .text.stm32_clock_init
                0x0000000000012b40       0xe4 flasher_build/obj/hal_lld.o
                0x0000000000012b40                stm32_clock_init
 *fill*         0x0000000000012c24        0xc 
 .text.adc_lld_init
                0x0000000000012c30       0x34 flasher_build/obj/adc_lld.o
                0x0000000000012c30                adc_lld_init
 *fill*         0x0000000000012c64        0xc 
 .text.adc_lld_stop_conversion
                0x0000000000012c70       0x30 flasher_build/obj/adc_lld.o
                0x0000000000012c70                adc_lld_stop_conversion
 .text.Vector88
                0x0000000000012ca0       0x74 flasher_build/obj/adc_lld.o
                0x0000000000012ca0                Vector88
 *fill*         0x0000000000012d14        0xc 
 .text._pal_lld_init
                0x0000000000012d20      0x1cc flasher_build/obj/pal_lld.o
                0x0000000000012d20                _pal_lld_init
 *fill*         0x0000000000012eec        0x4 
 .text._pal_lld_setgroupmode
                0x0000000000012ef0       0xac flasher_build/obj/pal_lld.o
                0x0000000000012ef0                _pal_lld_setgroupmode
 *fill*         0x0000000000012f9c        0x4 
 .text.spi_lld_init
                0x0000000000012fa0       0x70 flasher_build/obj/spi_lld.o
                0x0000000000012fa0                spi_lld_init
 .text.pwm_lld_serve_interrupt
                0x0000000000013010       0x5c flasher_build/obj/pwm_lld.o
 *fill*         0x000000000001306c        0x4 
 .text.VectorA4
                0x0000000000013070       0x24 flasher_build/obj/pwm_lld.o
                0x0000000000013070                VectorA4
 *fill*         0x0000000000013094        0xc 
 .text.VectorAC
                0x00000000000130a0       0x58 flasher_build/obj/pwm_lld.o
                0x00000000000130a0                VectorAC
 *fill*         0x00000000000130f8        0x8 
 .text.VectorB4
                0x0000000000013100       0x14 flasher_build/obj/pwm_lld.o
                0x0000000000013100                VectorB4
 *fill*         0x0000000000013114        0xc 
 .text.VectorB8
                0x0000000000013120       0x14 flasher_build/obj/pwm_lld.o
                0x0000000000013120                VectorB8
 *fill*         0x0000000000013134        0xc 
 .text.Vector108
                0x0000000000013140       0x14 flasher_build/obj/pwm_lld.o
                0x0000000000013140                Vector108
 *fill*         0x0000000000013154        0xc 
 .text.VectorF0
                0x0000000000013160       0x24 flasher_build/obj/pwm_lld.o
                0x0000000000013160                VectorF0
 *fill*         0x0000000000013184        0xc 
 .text.VectorF8
                0x0000000000013190       0x58 flasher_build/obj/pwm_lld.o
                0x0000000000013190                VectorF8
 *fill*         0x00000000000131e8        0x8 
 .text.pwm_lld_init
                0x00000000000131f0       0x70 flasher_build/obj/pwm_lld.o
                0x00000000000131f0                pwm_lld_init
 .text.notify1  0x0000000000013260       0x14 flasher_build/obj/serial_lld.o
 *fill*         0x0000000000013274        0xc 
 .text.notify2  0x0000000000013280       0x14 flasher_build/obj/serial_lld.o
 *fill*         0x0000000000013294        0xc 
 .text.notify3  0x00000000000132a0       0x14 flasher_build/obj/serial_lld.o
 *fill*         0x00000000000132b4        0xc 
 .text.notify6  0x00000000000132c0       0x14 flasher_build/obj/serial_lld.o
 *fill*         0x00000000000132d4        0xc 
 .text.serve_interrupt
                0x00000000000132e0      0x11c flasher_build/obj/serial_lld.o
 *fill*         0x00000000000133fc        0x4 
 .text.VectorD4
                0x0000000000013400       0x14 flasher_build/obj/serial_lld.o
                0x0000000000013400                VectorD4
 *fill*         0x0000000000013414        0xc 
 .text.VectorD8
                0x0000000000013420       0x14 flasher_build/obj/serial_lld.o
                0x0000000000013420                VectorD8
 *fill*         0x0000000000013434        0xc 
 .text.VectorDC
                0x0000000000013440       0x14 flasher_build/obj/serial_lld.o
                0x0000000000013440                VectorDC
 *fill*         0x0000000000013454        0xc 
 .text.Vector15C
                0x0000000000013460       0x14 flasher_build/obj/serial_lld.o
                0x0000000000013460                Vector15C
 *fill*         0x0000000000013474        0xc 
 .text.sd_lld_init
                0x0000000000013480       0x7c flasher_build/obj/serial_lld.o
                0x0000000000013480                sd_lld_init
 *fill*         0x00000000000134fc        0x4 
 .text.sd_lld_start
                0x0000000000013500       0xf8 flasher_build/obj/serial_lld.o
                0x0000000000013500                sd_lld_start
 *fill*         0x00000000000135f8        0x8 
 .text.__early_init
                0x0000000000013600       0x5c flasher_build/obj/board.o
                0x0000000000013600                __early_init
 *fill*         0x000000000001365c        0x4 
 .text.boardInit
                0x0000000000013660        0x4 flasher_build/obj/board.o
                0x0000000000013660                boardInit
 *fill*         0x0000000000013664        0xc 
 .text.Vector174
                0x0000000000013670        0x4 flasher_build/obj/board.o
                0x0000000000013670                Vector174
 *fill*         0x0000000000013674        0xc 
 .text.LCD_drawChar
                0x0000000000013680       0x44 flasher_build/obj/axoloti_control.o
                0x0000000000013680                LCD_drawChar
 *fill*         0x00000000000136c4        0xc 
 .text.LCD_drawNumber3D
                0x00000000000136d0       0x70 flasher_build/obj/axoloti_control.o
                0x00000000000136d0                LCD_drawNumber3D
 .text.LCD_drawStringN
                0x0000000000013740       0xa0 flasher_build/obj/axoloti_control.o
                0x0000000000013740                LCD_drawStringN
 .text.test.6957
                0x00000000000137e0       0x34 flasher_build/obj/sdram.o
 *fill*         0x0000000000013814        0xc 
 .text.SDRAM_InitSequence
                0x0000000000013820       0xc0 flasher_build/obj/sdram.o
                0x0000000000013820                SDRAM_InitSequence
 .text.SDRAM_Init
                0x00000000000138e0       0x70 flasher_build/obj/sdram.o
                0x00000000000138e0                SDRAM_Init
 .text.configSDRAM
                0x0000000000013950        0x4 flasher_build/obj/sdram.o
                0x0000000000013950                configSDRAM
 *fill*         0x0000000000013954        0xc 
 .text.SDRAM_ReadBuffer
                0x0000000000013960       0x34 flasher_build/obj/sdram.o
                0x0000000000013960                SDRAM_ReadBuffer
 *fill*         0x0000000000013994        0xc 
 .text.CalcCRC32
                0x00000000000139a0       0x88 flasher_build/obj/crc32.o
                0x00000000000139a0                CalcCRC32
 *fill*         0x0000000000013a28        0x8 
 .text.flash_Erase_sector
                0x0000000000013a30       0x18 flasher_build/obj/flash.o
                0x0000000000013a30                flash_Erase_sector
 *fill*         0x0000000000013a48        0x8 
 .text.flash_ProgramWord
                0x0000000000013a50       0x6c flasher_build/obj/flash.o
                0x0000000000013a50                flash_ProgramWord
 *fill*         0x0000000000013abc        0x4 
 .text.watchdog_feed
                0x0000000000013ac0        0x4 flasher_build/obj/watchdog.o
                0x0000000000013ac0                watchdog_feed
 *fill*         0x0000000000013ac4        0xc 
 .text.FMC_SDRAMInit
                0x0000000000013ad0       0xc8 flasher_build/obj/stm32f4xx_fmc.o
                0x0000000000013ad0                FMC_SDRAMInit
 *fill*         0x0000000000013b98        0x8 
 .text.FMC_SDRAMCmdConfig
                0x0000000000013ba0       0x20 flasher_build/obj/stm32f4xx_fmc.o
                0x0000000000013ba0                FMC_SDRAMCmdConfig
 .text.FMC_SetRefreshCount
                0x0000000000013bc0       0x10 flasher_build/obj/stm32f4xx_fmc.o
                0x0000000000013bc0                FMC_SetRefreshCount
 .text.FMC_SDRAMWriteProtectionConfig
                0x0000000000013bd0       0x28 flasher_build/obj/stm32f4xx_fmc.o
                0x0000000000013bd0                FMC_SDRAMWriteProtectionConfig
 *fill*         0x0000000000013bf8        0x8 
 .text.FMC_GetFlagStatus
                0x0000000000013c00       0x44 flasher_build/obj/stm32f4xx_fmc.o
                0x0000000000013c00                FMC_GetFlagStatus
 *fill*         0x0000000000013c44        0xc 
 .text.NVIC_SystemReset
                0x0000000000013c50       0x20 flasher_build/obj/main.o
 .text.dbgPrintHexDigit
                0x0000000000013c70       0x28 flasher_build/obj/main.o
                0x0000000000013c70                dbgPrintHexDigit
 *fill*         0x0000000000013c98        0x8 
 .text.DispayAbortErr
                0x0000000000013ca0       0x4c flasher_build/obj/main.o
                0x0000000000013ca0                DispayAbortErr
 *(.rodata)
 *(.rodata.*)
 *fill*         0x0000000000013cec        0x4 
 .rodata.str1.4
                0x0000000000013cf0        0x5 flasher_build/obj/chsys.o
 *fill*         0x0000000000013cf5        0xb 
 .rodata.ch_debug
                0x0000000000013d00       0x16 flasher_build/obj/chregistry.o
                0x0000000000013d00                ch_debug
 *fill*         0x0000000000013d16        0xa 
 .rodata.vmt    0x0000000000013d20       0x20 flasher_build/obj/serial.o
 .rodata._stm32_dma_streams
                0x0000000000013d40       0xc0 flasher_build/obj/stm32_dma.o
                0x0000000000013d40                _stm32_dma_streams
 .rodata.default_config
                0x0000000000013e00        0xc flasher_build/obj/serial_lld.o
 *fill*         0x0000000000013e0c        0x4 
 .rodata.pal_default_config
                0x0000000000013e10       0xfc flasher_build/obj/board.o
                0x0000000000013e10                pal_default_config
 *fill*         0x0000000000013f0c        0x4 
 .rodata.font   0x0000000000013f10      0x4fb flasher_build/obj/glcdfont.o
                0x0000000000013f10                font
 *fill*         0x000000000001440b        0x5 
 .rodata.sd2Cfg.7087
                0x0000000000014410        0xc flasher_build/obj/main.o
 *fill*         0x000000000001441c        0x4 
 .rodata.str1.4
                0x0000000000014420       0x10 flasher_build/obj/main.o
                                          0xe (size before relaxing)
 *(.glue_7t)
 .glue_7t       0x0000000000000000        0x0 linker stubs
 *(.glue_7)
 .glue_7        0x0000000000000000        0x0 linker stubs
 *(.gcc*)
 *(.startup)

.vfp11_veneer   0x0000000000014430        0x0
 .vfp11_veneer  0x0000000000000000        0x0 linker stubs

.v4_bx          0x0000000000014430        0x0
 .v4_bx         0x0000000000000000        0x0 linker stubs

.iplt           0x0000000000014430        0x0
 .iplt          0x0000000000000000        0x0 flasher_build/obj/crt0.o

.rel.dyn        0x0000000000014430        0x0
 .rel.iplt      0x0000000000000000        0x0 flasher_build/obj/crt0.o

constructors    0x0000000000014430        0x0
                0x0000000000014430                PROVIDE (__init_array_start, .)
 *(SORT(.init_array.*))
 *(.init_array)
                0x0000000000014430                PROVIDE (__init_array_end, .)

destructors     0x0000000000014430        0x0
                0x0000000000014430                PROVIDE (__fini_array_start, .)
 *(.fini_array)
 *(SORT(.fini_array.*))
                0x0000000000014430                PROVIDE (__fini_array_end, .)

.rodata
 *(.rodata)
 *(.rodata.*)

.startup        0x0000000000014430      0x1ac
 *(vectors)
 vectors        0x0000000000014430      0x1ac flasher_build/obj/vectors.o
                0x0000000000014430                _vectors

.data           0x00000000000145e0       0xac
                0x00000000000145e0                sdata = .
 *(.data)
 .data          0x00000000000145e0       0xac flasher_build/obj/flash.o
                0x00000000000145e0                flash_WaitForLastOperation
                0x0000000000014610                flash_Erase_sector1
                0x000000000001468c                edata = .
                0x000000000001468c                . = ALIGN (0x4)
                0x000000000001468c                PROVIDE (_data, .)
 *(.data)
                0x000000000001468c                . = ALIGN (0x4)
 *(.data.*)
                0x000000000001468c                . = ALIGN (0x4)
 *(.ramtext)
                0x000000000001468c                . = ALIGN (0x4)
                0x000000000001468c                PROVIDE (_edata, .)
                0x000000000001468c                _etext = .
                0x000000000001468c                _textdata = _etext

.igot.plt       0x000000000001468c        0x0
 .igot.plt      0x0000000000000000        0x0 flasher_build/obj/crt0.o

.sram2          0x000000000001468c      0x528
 .sram2         0x000000000001468c      0x528 flasher_build/obj/axoloti_control.o
                0x000000000001468c                lcd_buffer
                0x0000000000014aac                control_rx_buffer
                0x0000000000014b30                led_buffer

.stacks         0x0000000010000000      0x400
                0x0000000010000000                . = ALIGN (0x8)
                0x0000000010000000                __main_stack_base__ = .
                0x0000000010000200                . = (. + __main_stack_size__)
 *fill*         0x0000000010000000      0x200 
                0x0000000010000200                . = ALIGN (0x8)
                0x0000000010000200                __main_stack_end__ = .
                0x0000000010000200                __process_stack_base__ = .
                0x0000000010000200                __main_thread_stack_base__ = .
                0x0000000010000400                . = (. + __process_stack_size__)
 *fill*         0x0000000010000200      0x200 
                0x0000000010000400                . = ALIGN (0x8)
                0x0000000010000400                __process_stack_end__ = .
                0x0000000010000400                __main_thread_stack_end__ = .

.bss            0x0000000000014bb8      0x5b4
                0x0000000000014bb8                . = ALIGN (0x4)
                0x0000000000014bb8                PROVIDE (_bss_start, .)
 *(.bss)
                0x0000000000014bb8                . = ALIGN (0x4)
 *(.bss.*)
 .bss.mainthread.4698
                0x0000000000014bb8       0x44 flasher_build/obj/chsys.o
 *fill*         0x0000000000014bfc        0x4 
 .bss._idle_thread_wa
                0x0000000000014c00      0x160 flasher_build/obj/chsys.o
                0x0000000000014c00                _idle_thread_wa
 .bss.vtlist    0x0000000000014d60       0x10 flasher_build/obj/chvt.o
                0x0000000000014d60                vtlist
 .bss.rlist     0x0000000000014d70       0x1c flasher_build/obj/chschd.o
                0x0000000000014d70                rlist
 .bss.dma_isr_redir
                0x0000000000014d8c       0x80 flasher_build/obj/stm32_dma.o
 .bss.dma_streams_mask
                0x0000000000014e0c        0x4 flasher_build/obj/stm32_dma.o
 .bss.ADCD1     0x0000000000014e10       0x34 flasher_build/obj/adc_lld.o
                0x0000000000014e10                ADCD1
 .bss.dummytx   0x0000000000014e44        0x2 flasher_build/obj/spi_lld.o
 *fill*         0x0000000000014e46        0x2 
 .bss.SPID1     0x0000000000014e48       0x30 flasher_build/obj/spi_lld.o
                0x0000000000014e48                SPID1
 .bss.SPID3     0x0000000000014e78       0x30 flasher_build/obj/spi_lld.o
                0x0000000000014e78                SPID3
 .bss.PWMD1     0x0000000000014ea8       0x14 flasher_build/obj/pwm_lld.o
                0x0000000000014ea8                PWMD1
 .bss.PWMD3     0x0000000000014ebc       0x14 flasher_build/obj/pwm_lld.o
                0x0000000000014ebc                PWMD3
 .bss.PWMD4     0x0000000000014ed0       0x14 flasher_build/obj/pwm_lld.o
                0x0000000000014ed0                PWMD4
 .bss.PWMD5     0x0000000000014ee4       0x14 flasher_build/obj/pwm_lld.o
                0x0000000000014ee4                PWMD5
 .bss.PWMD8     0x0000000000014ef8       0x14 flasher_build/obj/pwm_lld.o
                0x0000000000014ef8                PWMD8
 .bss.SD1       0x0000000000014f0c       0x98 flasher_build/obj/serial_lld.o
                0x0000000000014f0c                SD1
 .bss.SD2       0x0000000000014fa4       0x98 flasher_build/obj/serial_lld.o
                0x0000000000014fa4                SD2
 .bss.SD3       0x000000000001503c       0x98 flasher_build/obj/serial_lld.o
                0x000000000001503c                SD3
 .bss.SD6       0x00000000000150d4       0x98 flasher_build/obj/serial_lld.o
                0x00000000000150d4                SD6
                0x000000000001516c                . = ALIGN (0x4)
 *(COMMON)
                0x000000000001516c                . = ALIGN (0x4)
                0x000000000001516c                PROVIDE (_bss_end, .)
                0x000000000001516c                PROVIDE (end, .)
                0x000000000001516c                _end = .
START GROUP
LOAD /Applications/axoloti_runtime/platform_osx/bin/../lib/gcc/arm-none-eabi/4.9.3/armv7e-m/fpu/libgcc.a
LOAD /Applications/axoloti_runtime/platform_osx/bin/../lib/gcc/arm-none-eabi/4.9.3/../../../../arm-none-eabi/lib/armv7e-m/fpu/libg.a
LOAD /Applications/axoloti_runtime/platform_osx/bin/../lib/gcc/arm-none-eabi/4.9.3/../../../../arm-none-eabi/lib/armv7e-m/fpu/libc.a
END GROUP
OUTPUT(flasher_build/flasher.elf elf32-littlearm)

.debug_info     0x0000000000000000    0x15879
 .debug_info    0x0000000000000000      0x2b2 flasher_build/obj/crt0.o
 .debug_info    0x00000000000002b2      0x1c9 flasher_build/obj/vectors.o
 .debug_info    0x000000000000047b      0xa0b flasher_build/obj/chcore_v7m.o
 .debug_info    0x0000000000000e86      0x402 flasher_build/obj/nvic.o
 .debug_info    0x0000000000001288      0x8b1 flasher_build/obj/chsys.o
 .debug_info    0x0000000000001b39      0x1ff flasher_build/obj/chvt.o
 .debug_info    0x0000000000001d38      0xa76 flasher_build/obj/chschd.o
 .debug_info    0x00000000000027ae      0xc72 flasher_build/obj/chthreads.o
 .debug_info    0x0000000000003420      0x6a6 flasher_build/obj/chregistry.o
 .debug_info    0x0000000000003ac6      0xa47 flasher_build/obj/chmtx.o
 .debug_info    0x000000000000450d      0xe3e flasher_build/obj/chevents.o
 .debug_info    0x000000000000534b      0xc5c flasher_build/obj/chqueues.o
 .debug_info    0x0000000000005fa7      0x3c5 flasher_build/obj/hal.o
 .debug_info    0x000000000000636c      0xeae flasher_build/obj/adc.o
 .debug_info    0x000000000000721a      0x685 flasher_build/obj/pwm.o
 .debug_info    0x000000000000789f     0x106d flasher_build/obj/serial.o
 .debug_info    0x000000000000890c     0x1178 flasher_build/obj/spi.o
 .debug_info    0x0000000000009a84      0xa7f flasher_build/obj/stm32_dma.o
 .debug_info    0x000000000000a503      0x491 flasher_build/obj/hal_lld.o
 .debug_info    0x000000000000a994     0x116f flasher_build/obj/adc_lld.o
 .debug_info    0x000000000000bb03      0x6fc flasher_build/obj/pal_lld.o
 .debug_info    0x000000000000c1ff      0xefe flasher_build/obj/spi_lld.o
 .debug_info    0x000000000000d0fd      0xae2 flasher_build/obj/pwm_lld.o
 .debug_info    0x000000000000dbdf     0x1190 flasher_build/obj/serial_lld.o
 .debug_info    0x000000000000ed6f      0x9da flasher_build/obj/board.o
 .debug_info    0x000000000000f749       0x53 flasher_build/obj/glcdfont.o
 .debug_info    0x000000000000f79c     0x1de6 flasher_build/obj/axoloti_control.o
 .debug_info    0x0000000000011582      0xa64 flasher_build/obj/sdram.o
 .debug_info    0x0000000000011fe6      0x43c flasher_build/obj/crc32.o
 .debug_info    0x0000000000012422      0x2d3 flasher_build/obj/flash.o
 .debug_info    0x00000000000126f5       0xca flasher_build/obj/watchdog.o
 .debug_info    0x00000000000127bf      0xcad flasher_build/obj/stm32f4xx_fmc.o
 .debug_info    0x000000000001346c     0x240d flasher_build/obj/main.o

.debug_abbrev   0x0000000000000000     0x4530
 .debug_abbrev  0x0000000000000000       0xec flasher_build/obj/crt0.o
 .debug_abbrev  0x00000000000000ec       0xad flasher_build/obj/vectors.o
 .debug_abbrev  0x0000000000000199      0x223 flasher_build/obj/chcore_v7m.o
 .debug_abbrev  0x00000000000003bc      0x10c flasher_build/obj/nvic.o
 .debug_abbrev  0x00000000000004c8      0x20c flasher_build/obj/chsys.o
 .debug_abbrev  0x00000000000006d4      0x115 flasher_build/obj/chvt.o
 .debug_abbrev  0x00000000000007e9      0x30a flasher_build/obj/chschd.o
 .debug_abbrev  0x0000000000000af3      0x340 flasher_build/obj/chthreads.o
 .debug_abbrev  0x0000000000000e33      0x145 flasher_build/obj/chregistry.o
 .debug_abbrev  0x0000000000000f78      0x301 flasher_build/obj/chmtx.o
 .debug_abbrev  0x0000000000001279      0x2ed flasher_build/obj/chevents.o
 .debug_abbrev  0x0000000000001566      0x348 flasher_build/obj/chqueues.o
 .debug_abbrev  0x00000000000018ae      0x1ca flasher_build/obj/hal.o
 .debug_abbrev  0x0000000000001a78      0x304 flasher_build/obj/adc.o
 .debug_abbrev  0x0000000000001d7c      0x19c flasher_build/obj/pwm.o
 .debug_abbrev  0x0000000000001f18      0x2b9 flasher_build/obj/serial.o
 .debug_abbrev  0x00000000000021d1      0x276 flasher_build/obj/spi.o
 .debug_abbrev  0x0000000000002447      0x21f flasher_build/obj/stm32_dma.o
 .debug_abbrev  0x0000000000002666      0x12b flasher_build/obj/hal_lld.o
 .debug_abbrev  0x0000000000002791      0x324 flasher_build/obj/adc_lld.o
 .debug_abbrev  0x0000000000002ab5      0x1aa flasher_build/obj/pal_lld.o
 .debug_abbrev  0x0000000000002c5f      0x304 flasher_build/obj/spi_lld.o
 .debug_abbrev  0x0000000000002f63      0x23a flasher_build/obj/pwm_lld.o
 .debug_abbrev  0x000000000000319d      0x32b flasher_build/obj/serial_lld.o
 .debug_abbrev  0x00000000000034c8      0x1ba flasher_build/obj/board.o
 .debug_abbrev  0x0000000000003682       0x45 flasher_build/obj/glcdfont.o
 .debug_abbrev  0x00000000000036c7      0x368 flasher_build/obj/axoloti_control.o
 .debug_abbrev  0x0000000000003a2f      0x294 flasher_build/obj/sdram.o
 .debug_abbrev  0x0000000000003cc3      0x18a flasher_build/obj/crc32.o
 .debug_abbrev  0x0000000000003e4d      0x17f flasher_build/obj/flash.o
 .debug_abbrev  0x0000000000003fcc       0x67 flasher_build/obj/watchdog.o
 .debug_abbrev  0x0000000000004033      0x19f flasher_build/obj/stm32f4xx_fmc.o
 .debug_abbrev  0x00000000000041d2      0x35e flasher_build/obj/main.o

.debug_loc      0x0000000000000000     0x5aa3
 .debug_loc     0x0000000000000000       0xda flasher_build/obj/crt0.o
 .debug_loc     0x00000000000000da       0x5e flasher_build/obj/chcore_v7m.o
 .debug_loc     0x0000000000000138      0x158 flasher_build/obj/nvic.o
 .debug_loc     0x0000000000000290       0x31 flasher_build/obj/chsys.o
 .debug_loc     0x00000000000002c1       0x67 flasher_build/obj/chvt.o
 .debug_loc     0x0000000000000328      0x301 flasher_build/obj/chschd.o
 .debug_loc     0x0000000000000629      0x41b flasher_build/obj/chthreads.o
 .debug_loc     0x0000000000000a44       0x21 flasher_build/obj/chregistry.o
 .debug_loc     0x0000000000000a65      0x3ba flasher_build/obj/chmtx.o
 .debug_loc     0x0000000000000e1f      0x5cd flasher_build/obj/chevents.o
 .debug_loc     0x00000000000013ec      0x679 flasher_build/obj/chqueues.o
 .debug_loc     0x0000000000001a65       0x87 flasher_build/obj/hal.o
 .debug_loc     0x0000000000001aec      0x3e6 flasher_build/obj/adc.o
 .debug_loc     0x0000000000001ed2      0x102 flasher_build/obj/pwm.o
 .debug_loc     0x0000000000001fd4      0x4e4 flasher_build/obj/serial.o
 .debug_loc     0x00000000000024b8      0x468 flasher_build/obj/spi.o
 .debug_loc     0x0000000000002920      0x276 flasher_build/obj/stm32_dma.o
 .debug_loc     0x0000000000002b96      0x306 flasher_build/obj/adc_lld.o
 .debug_loc     0x0000000000002e9c      0x129 flasher_build/obj/pal_lld.o
 .debug_loc     0x0000000000002fc5      0x278 flasher_build/obj/spi_lld.o
 .debug_loc     0x000000000000323d      0x327 flasher_build/obj/pwm_lld.o
 .debug_loc     0x0000000000003564      0x327 flasher_build/obj/serial_lld.o
 .debug_loc     0x000000000000388b     0x1230 flasher_build/obj/axoloti_control.o
 .debug_loc     0x0000000000004abb      0x306 flasher_build/obj/sdram.o
 .debug_loc     0x0000000000004dc1      0x1b6 flasher_build/obj/crc32.o
 .debug_loc     0x0000000000004f77       0x84 flasher_build/obj/flash.o
 .debug_loc     0x0000000000004ffb      0x8d5 flasher_build/obj/stm32f4xx_fmc.o
 .debug_loc     0x00000000000058d0      0x1d3 flasher_build/obj/main.o

.debug_aranges  0x0000000000000000      0xba8
 .debug_aranges
                0x0000000000000000       0x38 flasher_build/obj/crt0.o
 .debug_aranges
                0x0000000000000038       0x20 flasher_build/obj/vectors.o
 .debug_aranges
                0x0000000000000058       0x50 flasher_build/obj/chcore_v7m.o
 .debug_aranges
                0x00000000000000a8       0x30 flasher_build/obj/nvic.o
 .debug_aranges
                0x00000000000000d8       0x30 flasher_build/obj/chsys.o
 .debug_aranges
                0x0000000000000108       0x30 flasher_build/obj/chvt.o
 .debug_aranges
                0x0000000000000138       0x68 flasher_build/obj/chschd.o
 .debug_aranges
                0x00000000000001a0       0x78 flasher_build/obj/chthreads.o
 .debug_aranges
                0x0000000000000218       0x28 flasher_build/obj/chregistry.o
 .debug_aranges
                0x0000000000000240       0x58 flasher_build/obj/chmtx.o
 .debug_aranges
                0x0000000000000298       0xa0 flasher_build/obj/chevents.o
 .debug_aranges
                0x0000000000000338       0x70 flasher_build/obj/chqueues.o
 .debug_aranges
                0x00000000000003a8       0x30 flasher_build/obj/hal.o
 .debug_aranges
                0x00000000000003d8       0x70 flasher_build/obj/adc.o
 .debug_aranges
                0x0000000000000448       0x50 flasher_build/obj/pwm.o
 .debug_aranges
                0x0000000000000498       0x88 flasher_build/obj/serial.o
 .debug_aranges
                0x0000000000000520       0x98 flasher_build/obj/spi.o
 .debug_aranges
                0x00000000000005b8       0xb0 flasher_build/obj/stm32_dma.o
 .debug_aranges
                0x0000000000000668       0x28 flasher_build/obj/hal_lld.o
 .debug_aranges
                0x0000000000000690       0x70 flasher_build/obj/adc_lld.o
 .debug_aranges
                0x0000000000000700       0x28 flasher_build/obj/pal_lld.o
 .debug_aranges
                0x0000000000000728       0x78 flasher_build/obj/spi_lld.o
 .debug_aranges
                0x00000000000007a0       0x80 flasher_build/obj/pwm_lld.o
 .debug_aranges
                0x0000000000000820       0x78 flasher_build/obj/serial_lld.o
 .debug_aranges
                0x0000000000000898       0x30 flasher_build/obj/board.o
 .debug_aranges
                0x00000000000008c8       0x18 flasher_build/obj/glcdfont.o
 .debug_aranges
                0x00000000000008e0       0xb8 flasher_build/obj/axoloti_control.o
 .debug_aranges
                0x0000000000000998       0x50 flasher_build/obj/sdram.o
 .debug_aranges
                0x00000000000009e8       0x28 flasher_build/obj/crc32.o
 .debug_aranges
                0x0000000000000a10       0x40 flasher_build/obj/flash.o
 .debug_aranges
                0x0000000000000a50       0x28 flasher_build/obj/watchdog.o
 .debug_aranges
                0x0000000000000a78       0xf0 flasher_build/obj/stm32f4xx_fmc.o
 .debug_aranges
                0x0000000000000b68       0x40 flasher_build/obj/main.o

.debug_ranges   0x0000000000000000     0x11c0
 .debug_ranges  0x0000000000000000       0x58 flasher_build/obj/crt0.o
 .debug_ranges  0x0000000000000058       0x10 flasher_build/obj/vectors.o
 .debug_ranges  0x0000000000000068       0x58 flasher_build/obj/chcore_v7m.o
 .debug_ranges  0x00000000000000c0       0x20 flasher_build/obj/nvic.o
 .debug_ranges  0x00000000000000e0       0x38 flasher_build/obj/chsys.o
 .debug_ranges  0x0000000000000118       0x20 flasher_build/obj/chvt.o
 .debug_ranges  0x0000000000000138      0x1a8 flasher_build/obj/chschd.o
 .debug_ranges  0x00000000000002e0      0x128 flasher_build/obj/chthreads.o
 .debug_ranges  0x0000000000000408       0x48 flasher_build/obj/chregistry.o
 .debug_ranges  0x0000000000000450      0x178 flasher_build/obj/chmtx.o
 .debug_ranges  0x00000000000005c8       0xc0 flasher_build/obj/chevents.o
 .debug_ranges  0x0000000000000688       0xd0 flasher_build/obj/chqueues.o
 .debug_ranges  0x0000000000000758       0x20 flasher_build/obj/hal.o
 .debug_ranges  0x0000000000000778       0xf0 flasher_build/obj/adc.o
 .debug_ranges  0x0000000000000868       0x70 flasher_build/obj/pwm.o
 .debug_ranges  0x00000000000008d8       0xa8 flasher_build/obj/serial.o
 .debug_ranges  0x0000000000000980      0x100 flasher_build/obj/spi.o
 .debug_ranges  0x0000000000000a80       0xa0 flasher_build/obj/stm32_dma.o
 .debug_ranges  0x0000000000000b20       0x30 flasher_build/obj/hal_lld.o
 .debug_ranges  0x0000000000000b50       0x78 flasher_build/obj/adc_lld.o
 .debug_ranges  0x0000000000000bc8      0x120 flasher_build/obj/pal_lld.o
 .debug_ranges  0x0000000000000ce8       0x68 flasher_build/obj/spi_lld.o
 .debug_ranges  0x0000000000000d50       0x70 flasher_build/obj/pwm_lld.o
 .debug_ranges  0x0000000000000dc0       0xf8 flasher_build/obj/serial_lld.o
 .debug_ranges  0x0000000000000eb8       0x20 flasher_build/obj/board.o
 .debug_ranges  0x0000000000000ed8      0x108 flasher_build/obj/axoloti_control.o
 .debug_ranges  0x0000000000000fe0       0x40 flasher_build/obj/sdram.o
 .debug_ranges  0x0000000000001020       0x18 flasher_build/obj/crc32.o
 .debug_ranges  0x0000000000001038       0x48 flasher_build/obj/flash.o
 .debug_ranges  0x0000000000001080       0x18 flasher_build/obj/watchdog.o
 .debug_ranges  0x0000000000001098       0xe0 flasher_build/obj/stm32f4xx_fmc.o
 .debug_ranges  0x0000000000001178       0x48 flasher_build/obj/main.o

.debug_line     0x0000000000000000     0x7671
 .debug_line    0x0000000000000000      0x1a2 flasher_build/obj/crt0.o
 .debug_line    0x00000000000001a2      0x13c flasher_build/obj/vectors.o
 .debug_line    0x00000000000002de      0x2b3 flasher_build/obj/chcore_v7m.o
 .debug_line    0x0000000000000591      0x171 flasher_build/obj/nvic.o
 .debug_line    0x0000000000000702      0x2b3 flasher_build/obj/chsys.o
 .debug_line    0x00000000000009b5      0x200 flasher_build/obj/chvt.o
 .debug_line    0x0000000000000bb5      0x40e flasher_build/obj/chschd.o
 .debug_line    0x0000000000000fc3      0x451 flasher_build/obj/chthreads.o
 .debug_line    0x0000000000001414      0x28c flasher_build/obj/chregistry.o
 .debug_line    0x00000000000016a0      0x3c0 flasher_build/obj/chmtx.o
 .debug_line    0x0000000000001a60      0x3bf flasher_build/obj/chevents.o
 .debug_line    0x0000000000001e1f      0x424 flasher_build/obj/chqueues.o
 .debug_line    0x0000000000002243      0x39f flasher_build/obj/hal.o
 .debug_line    0x00000000000025e2      0x48f flasher_build/obj/adc.o
 .debug_line    0x0000000000002a71      0x2b0 flasher_build/obj/pwm.o
 .debug_line    0x0000000000002d21      0x4d9 flasher_build/obj/serial.o
 .debug_line    0x00000000000031fa      0x54a flasher_build/obj/spi.o
 .debug_line    0x0000000000003744      0x497 flasher_build/obj/stm32_dma.o
 .debug_line    0x0000000000003bdb      0x298 flasher_build/obj/hal_lld.o
 .debug_line    0x0000000000003e73      0x589 flasher_build/obj/adc_lld.o
 .debug_line    0x00000000000043fc      0x299 flasher_build/obj/pal_lld.o
 .debug_line    0x0000000000004695      0x5c3 flasher_build/obj/spi_lld.o
 .debug_line    0x0000000000004c58      0x4d5 flasher_build/obj/pwm_lld.o
 .debug_line    0x000000000000512d      0x579 flasher_build/obj/serial_lld.o
 .debug_line    0x00000000000056a6      0x299 flasher_build/obj/board.o
 .debug_line    0x000000000000593f       0x2e flasher_build/obj/glcdfont.o
 .debug_line    0x000000000000596d      0x76f flasher_build/obj/axoloti_control.o
 .debug_line    0x00000000000060dc      0x479 flasher_build/obj/sdram.o
 .debug_line    0x0000000000006555      0x1f1 flasher_build/obj/crc32.o
 .debug_line    0x0000000000006746      0x222 flasher_build/obj/flash.o
 .debug_line    0x0000000000006968      0x15e flasher_build/obj/watchdog.o
 .debug_line    0x0000000000006ac6      0x5cf flasher_build/obj/stm32f4xx_fmc.o
 .debug_line    0x0000000000007095      0x5dc flasher_build/obj/main.o

.debug_str      0x0000000000000000     0x3aba
 .debug_str     0x0000000000000000      0x2da flasher_build/obj/crt0.o
                                        0x31f (size before relaxing)
 .debug_str     0x00000000000002da      0x16f flasher_build/obj/vectors.o
                                        0x340 (size before relaxing)
 .debug_str     0x0000000000000449      0x335 flasher_build/obj/chcore_v7m.o
                                        0x51b (size before relaxing)
 .debug_str     0x000000000000077e       0xc8 flasher_build/obj/nvic.o
                                        0x312 (size before relaxing)
 .debug_str     0x0000000000000846      0x21d flasher_build/obj/chsys.o
                                        0x5bd (size before relaxing)
 .debug_str     0x0000000000000a63       0x60 flasher_build/obj/chvt.o
                                        0x293 (size before relaxing)
 .debug_str     0x0000000000000ac3       0xff flasher_build/obj/chschd.o
                                        0x4f2 (size before relaxing)
 .debug_str     0x0000000000000bc2       0xf0 flasher_build/obj/chthreads.o
                                        0x550 (size before relaxing)
 .debug_str     0x0000000000000cb2       0x6c flasher_build/obj/chregistry.o
                                        0x4de (size before relaxing)
 .debug_str     0x0000000000000d1e       0xbb flasher_build/obj/chmtx.o
                                        0x477 (size before relaxing)
 .debug_str     0x0000000000000dd9      0x1e3 flasher_build/obj/chevents.o
                                        0x59b (size before relaxing)
 .debug_str     0x0000000000000fbc      0x150 flasher_build/obj/chqueues.o
                                        0x502 (size before relaxing)
 .debug_str     0x000000000000110c      0x1ed flasher_build/obj/hal.o
                                        0x3d9 (size before relaxing)
 .debug_str     0x00000000000012f9      0x323 flasher_build/obj/adc.o
                                        0x771 (size before relaxing)
 .debug_str     0x000000000000161c      0x1d7 flasher_build/obj/pwm.o
                                        0x451 (size before relaxing)
 .debug_str     0x00000000000017f3      0x199 flasher_build/obj/serial.o
                                        0x6bf (size before relaxing)
 .debug_str     0x000000000000198c      0x285 flasher_build/obj/spi.o
                                        0x778 (size before relaxing)
 .debug_str     0x0000000000001c11      0x76a flasher_build/obj/stm32_dma.o
                                        0xaa3 (size before relaxing)
 .debug_str     0x000000000000237b       0xe8 flasher_build/obj/hal_lld.o
                                        0x481 (size before relaxing)
 .debug_str     0x0000000000002463       0xf8 flasher_build/obj/adc_lld.o
                                        0xda7 (size before relaxing)
 .debug_str     0x000000000000255b       0xa1 flasher_build/obj/pal_lld.o
                                        0x4df (size before relaxing)
 .debug_str     0x00000000000025fc       0xd1 flasher_build/obj/spi_lld.o
                                        0x81e (size before relaxing)
 .debug_str     0x00000000000026cd       0xd2 flasher_build/obj/pwm_lld.o
                                        0x5db (size before relaxing)
 .debug_str     0x000000000000279f       0xc3 flasher_build/obj/serial_lld.o
                                        0x799 (size before relaxing)
 .debug_str     0x0000000000002862      0x2be flasher_build/obj/board.o
                                        0x6bb (size before relaxing)
 .debug_str     0x0000000000002b20       0x66 flasher_build/obj/glcdfont.o
                                        0x196 (size before relaxing)
 .debug_str     0x0000000000002b86      0x2e3 flasher_build/obj/axoloti_control.o
                                        0x906 (size before relaxing)
 .debug_str     0x0000000000002e69      0x466 flasher_build/obj/sdram.o
                                        0x82b (size before relaxing)
 .debug_str     0x00000000000032cf       0x42 flasher_build/obj/crc32.o
                                        0x3b1 (size before relaxing)
 .debug_str     0x0000000000003311       0x79 flasher_build/obj/flash.o
                                        0x305 (size before relaxing)
 .debug_str     0x000000000000338a       0x1c flasher_build/obj/watchdog.o
                                        0x23f (size before relaxing)
 .debug_str     0x00000000000033a6      0x65b flasher_build/obj/stm32f4xx_fmc.o
                                        0xb30 (size before relaxing)
 .debug_str     0x0000000000003a01       0xb9 flasher_build/obj/main.o
                                        0x8c1 (size before relaxing)

.comment        0x0000000000000000       0x70
 .comment       0x0000000000000000       0x70 flasher_build/obj/crt0.o
                                         0x71 (size before relaxing)
 .comment       0x0000000000000000       0x71 flasher_build/obj/vectors.o
 .comment       0x0000000000000000       0x71 flasher_build/obj/chcore_v7m.o
 .comment       0x0000000000000000       0x71 flasher_build/obj/nvic.o
 .comment       0x0000000000000000       0x71 flasher_build/obj/chsys.o
 .comment       0x0000000000000000       0x71 flasher_build/obj/chvt.o
 .comment       0x0000000000000000       0x71 flasher_build/obj/chschd.o
 .comment       0x0000000000000000       0x71 flasher_build/obj/chthreads.o
 .comment       0x0000000000000000       0x71 flasher_build/obj/chregistry.o
 .comment       0x0000000000000000       0x71 flasher_build/obj/chmtx.o
 .comment       0x0000000000000000       0x71 flasher_build/obj/chevents.o
 .comment       0x0000000000000000       0x71 flasher_build/obj/chqueues.o
 .comment       0x0000000000000000       0x71 flasher_build/obj/hal.o
 .comment       0x0000000000000000       0x71 flasher_build/obj/adc.o
 .comment       0x0000000000000000       0x71 flasher_build/obj/pwm.o
 .comment       0x0000000000000000       0x71 flasher_build/obj/serial.o
 .comment       0x0000000000000000       0x71 flasher_build/obj/spi.o
 .comment       0x0000000000000000       0x71 flasher_build/obj/stm32_dma.o
 .comment       0x0000000000000000       0x71 flasher_build/obj/hal_lld.o
 .comment       0x0000000000000000       0x71 flasher_build/obj/adc_lld.o
 .comment       0x0000000000000000       0x71 flasher_build/obj/pal_lld.o
 .comment       0x0000000000000000       0x71 flasher_build/obj/spi_lld.o
 .comment       0x0000000000000000       0x71 flasher_build/obj/pwm_lld.o
 .comment       0x0000000000000000       0x71 flasher_build/obj/serial_lld.o
 .comment       0x0000000000000000       0x71 flasher_build/obj/board.o
 .comment       0x0000000000000000       0x71 flasher_build/obj/glcdfont.o
 .comment       0x0000000000000000       0x71 flasher_build/obj/axoloti_control.o
 .comment       0x0000000000000000       0x71 flasher_build/obj/sdram.o
 .comment       0x0000000000000000       0x71 flasher_build/obj/crc32.o
 .comment       0x0000000000000000       0x71 flasher_build/obj/flash.o
 .comment       0x0000000000000000       0x71 flasher_build/obj/watchdog.o
 .comment       0x0000000000000000       0x71 flasher_build/obj/stm32f4xx_fmc.o
 .comment       0x0000000000000000       0x71 flasher_build/obj/main.o

.ARM.attributes
                0x0000000000000000       0x37
 .ARM.attributes
                0x0000000000000000       0x39 flasher_build/obj/crt0.o
 .ARM.attributes
                0x0000000000000039       0x39 flasher_build/obj/vectors.o
 .ARM.attributes
                0x0000000000000072       0x39 flasher_build/obj/chcore_v7m.o
 .ARM.attributes
                0x00000000000000ab       0x39 flasher_build/obj/nvic.o
 .ARM.attributes
                0x00000000000000e4       0x39 flasher_build/obj/chsys.o
 .ARM.attributes
                0x000000000000011d       0x39 flasher_build/obj/chvt.o
 .ARM.attributes
                0x0000000000000156       0x39 flasher_build/obj/chschd.o
 .ARM.attributes
                0x000000000000018f       0x39 flasher_build/obj/chthreads.o
 .ARM.attributes
                0x00000000000001c8       0x39 flasher_build/obj/chregistry.o
 .ARM.attributes
                0x0000000000000201       0x39 flasher_build/obj/chmtx.o
 .ARM.attributes
                0x000000000000023a       0x39 flasher_build/obj/chevents.o
 .ARM.attributes
                0x0000000000000273       0x39 flasher_build/obj/chqueues.o
 .ARM.attributes
                0x00000000000002ac       0x39 flasher_build/obj/hal.o
 .ARM.attributes
                0x00000000000002e5       0x39 flasher_build/obj/adc.o
 .ARM.attributes
                0x000000000000031e       0x39 flasher_build/obj/pwm.o
 .ARM.attributes
                0x0000000000000357       0x39 flasher_build/obj/serial.o
 .ARM.attributes
                0x0000000000000390       0x39 flasher_build/obj/spi.o
 .ARM.attributes
                0x00000000000003c9       0x39 flasher_build/obj/stm32_dma.o
 .ARM.attributes
                0x0000000000000402       0x39 flasher_build/obj/hal_lld.o
 .ARM.attributes
                0x000000000000043b       0x39 flasher_build/obj/adc_lld.o
 .ARM.attributes
                0x0000000000000474       0x39 flasher_build/obj/pal_lld.o
 .ARM.attributes
                0x00000000000004ad       0x39 flasher_build/obj/spi_lld.o
 .ARM.attributes
                0x00000000000004e6       0x39 flasher_build/obj/pwm_lld.o
 .ARM.attributes
                0x000000000000051f       0x39 flasher_build/obj/serial_lld.o
 .ARM.attributes
                0x0000000000000558       0x39 flasher_build/obj/board.o
 .ARM.attributes
                0x0000000000000591       0x39 flasher_build/obj/glcdfont.o
 .ARM.attributes
                0x00000000000005ca       0x39 flasher_build/obj/axoloti_control.o
 .ARM.attributes
                0x0000000000000603       0x39 flasher_build/obj/sdram.o
 .ARM.attributes
                0x000000000000063c       0x39 flasher_build/obj/crc32.o
 .ARM.attributes
                0x0000000000000675       0x39 flasher_build/obj/flash.o
 .ARM.attributes
                0x00000000000006ae       0x39 flasher_build/obj/watchdog.o
 .ARM.attributes
                0x00000000000006e7       0x39 flasher_build/obj/stm32f4xx_fmc.o
 .ARM.attributes
                0x0000000000000720       0x39 flasher_build/obj/main.o
 .ARM.attributes
                0x0000000000000759       0x20 /Applications/axoloti_runtime/platform_osx/bin/../lib/gcc/arm-none-eabi/4.9.3/../../../../arm-none-eabi/lib/armv7e-m/fpu/libg.a(lib_a-memcpy.o)

.debug_frame    0x0000000000000000     0x2134
 .debug_frame   0x0000000000000000       0x50 flasher_build/obj/crt0.o
 .debug_frame   0x0000000000000050       0x20 flasher_build/obj/vectors.o
 .debug_frame   0x0000000000000070       0xa0 flasher_build/obj/chcore_v7m.o
 .debug_frame   0x0000000000000110       0x74 flasher_build/obj/nvic.o
 .debug_frame   0x0000000000000184       0x5c flasher_build/obj/chsys.o
 .debug_frame   0x00000000000001e0       0x58 flasher_build/obj/chvt.o
 .debug_frame   0x0000000000000238      0x158 flasher_build/obj/chschd.o
 .debug_frame   0x0000000000000390      0x188 flasher_build/obj/chthreads.o
 .debug_frame   0x0000000000000518       0x30 flasher_build/obj/chregistry.o
 .debug_frame   0x0000000000000548       0xec flasher_build/obj/chmtx.o
 .debug_frame   0x0000000000000634      0x1dc flasher_build/obj/chevents.o
 .debug_frame   0x0000000000000810      0x190 flasher_build/obj/chqueues.o
 .debug_frame   0x00000000000009a0       0x50 flasher_build/obj/hal.o
 .debug_frame   0x00000000000009f0      0x128 flasher_build/obj/adc.o
 .debug_frame   0x0000000000000b18       0xb0 flasher_build/obj/pwm.o
 .debug_frame   0x0000000000000bc8      0x14c flasher_build/obj/serial.o
 .debug_frame   0x0000000000000d14      0x1a8 flasher_build/obj/spi.o
 .debug_frame   0x0000000000000ebc      0x274 flasher_build/obj/stm32_dma.o
 .debug_frame   0x0000000000001130       0x50 flasher_build/obj/hal_lld.o
 .debug_frame   0x0000000000001180      0x15c flasher_build/obj/adc_lld.o
 .debug_frame   0x00000000000012dc       0x70 flasher_build/obj/pal_lld.o
 .debug_frame   0x000000000000134c      0x16c flasher_build/obj/spi_lld.o
 .debug_frame   0x00000000000014b8      0x1b8 flasher_build/obj/pwm_lld.o
 .debug_frame   0x0000000000001670      0x150 flasher_build/obj/serial_lld.o
 .debug_frame   0x00000000000017c0       0x5c flasher_build/obj/board.o
 .debug_frame   0x000000000000181c      0x3c0 flasher_build/obj/axoloti_control.o
 .debug_frame   0x0000000000001bdc       0xfc flasher_build/obj/sdram.o
 .debug_frame   0x0000000000001cd8       0x4c flasher_build/obj/crc32.o
 .debug_frame   0x0000000000001d24       0x7c flasher_build/obj/flash.o
 .debug_frame   0x0000000000001da0       0x30 flasher_build/obj/watchdog.o
 .debug_frame   0x0000000000001dd0      0x2d0 flasher_build/obj/stm32f4xx_fmc.o
 .debug_frame   0x00000000000020a0       0x94 flasher_build/obj/main.o

Cross Reference Table

Symbol                                            File
ADCD1                                             flasher_build/obj/adc_lld.o
                                                  flasher_build/obj/axoloti_board.o
Btn_Nav_And                                       flasher_build/obj/main.o
                                                  flasher_build/obj/axoloti_control.o
Btn_Nav_CurStates                                 flasher_build/obj/main.o
Btn_Nav_Or                                        flasher_build/obj/main.o
                                                  flasher_build/obj/axoloti_control.o
Btn_Nav_PrevStates                                flasher_build/obj/main.o
BusFaultVector                                    flasher_build/obj/vectors.o
CalcCRC32                                         flasher_build/obj/crc32.o
                                                  flasher_build/obj/main.o
DebugMonitorVector                                flasher_build/obj/vectors.o
DispayAbortErr                                    flasher_build/obj/main.o
EncBuffer                                         flasher_build/obj/main.o
                                                  flasher_build/obj/axoloti_control.o
FMC_ClearFlag                                     flasher_build/obj/stm32f4xx_fmc.o
FMC_ClearITPendingBit                             flasher_build/obj/stm32f4xx_fmc.o
FMC_GetECC                                        flasher_build/obj/stm32f4xx_fmc.o
FMC_GetFlagStatus                                 flasher_build/obj/stm32f4xx_fmc.o
                                                  flasher_build/obj/sdram.o
FMC_GetITStatus                                   flasher_build/obj/stm32f4xx_fmc.o
FMC_GetModeStatus                                 flasher_build/obj/stm32f4xx_fmc.o
FMC_ITConfig                                      flasher_build/obj/stm32f4xx_fmc.o
FMC_NANDCmd                                       flasher_build/obj/stm32f4xx_fmc.o
FMC_NANDDeInit                                    flasher_build/obj/stm32f4xx_fmc.o
FMC_NANDECCCmd                                    flasher_build/obj/stm32f4xx_fmc.o
FMC_NANDInit                                      flasher_build/obj/stm32f4xx_fmc.o
FMC_NANDStructInit                                flasher_build/obj/stm32f4xx_fmc.o
FMC_NORSRAMCmd                                    flasher_build/obj/stm32f4xx_fmc.o
FMC_NORSRAMDeInit                                 flasher_build/obj/stm32f4xx_fmc.o
FMC_NORSRAMInit                                   flasher_build/obj/stm32f4xx_fmc.o
FMC_NORSRAMStructInit                             flasher_build/obj/stm32f4xx_fmc.o
FMC_PCCARDCmd                                     flasher_build/obj/stm32f4xx_fmc.o
FMC_PCCARDDeInit                                  flasher_build/obj/stm32f4xx_fmc.o
FMC_PCCARDInit                                    flasher_build/obj/stm32f4xx_fmc.o
FMC_PCCARDStructInit                              flasher_build/obj/stm32f4xx_fmc.o
FMC_SDRAMCmdConfig                                flasher_build/obj/stm32f4xx_fmc.o
                                                  flasher_build/obj/sdram.o
FMC_SDRAMDeInit                                   flasher_build/obj/stm32f4xx_fmc.o
FMC_SDRAMInit                                     flasher_build/obj/stm32f4xx_fmc.o
                                                  flasher_build/obj/sdram.o
FMC_SDRAMStructInit                               flasher_build/obj/stm32f4xx_fmc.o
FMC_SDRAMWriteProtectionConfig                    flasher_build/obj/stm32f4xx_fmc.o
                                                  flasher_build/obj/sdram.o
FMC_SetAutoRefresh_Number                         flasher_build/obj/stm32f4xx_fmc.o
FMC_SetRefreshCount                               flasher_build/obj/stm32f4xx_fmc.o
                                                  flasher_build/obj/sdram.o
HAL_DBGMCU_DisableDBGSleepMode                    flasher_build/obj/stm32f4xx_hal.o
HAL_DBGMCU_DisableDBGStandbyMode                  flasher_build/obj/stm32f4xx_hal.o
HAL_DBGMCU_DisableDBGStopMode                     flasher_build/obj/stm32f4xx_hal.o
HAL_DBGMCU_EnableDBGSleepMode                     flasher_build/obj/stm32f4xx_hal.o
HAL_DBGMCU_EnableDBGStandbyMode                   flasher_build/obj/stm32f4xx_hal.o
HAL_DBGMCU_EnableDBGStopMode                      flasher_build/obj/stm32f4xx_hal.o
HAL_DeInit                                        flasher_build/obj/stm32f4xx_hal.o
HAL_Delay                                         flasher_build/obj/stm32f4xx_hal.o
HAL_DisableCompensationCell                       flasher_build/obj/stm32f4xx_hal.o
HAL_DisableMemorySwappingBank                     flasher_build/obj/stm32f4xx_hal.o
HAL_EnableCompensationCell                        flasher_build/obj/stm32f4xx_hal.o
HAL_EnableMemorySwappingBank                      flasher_build/obj/stm32f4xx_hal.o
HAL_GetDEVID                                      flasher_build/obj/stm32f4xx_hal.o
HAL_GetHalVersion                                 flasher_build/obj/stm32f4xx_hal.o
HAL_GetREVID                                      flasher_build/obj/stm32f4xx_hal.o
HAL_GetTick                                       flasher_build/obj/stm32f4xx_hal.o
HAL_IncTick                                       flasher_build/obj/stm32f4xx_hal.o
HAL_Init                                          flasher_build/obj/stm32f4xx_hal.o
HAL_InitTick                                      flasher_build/obj/stm32f4xx_hal.o
HAL_MspDeInit                                     flasher_build/obj/stm32f4xx_hal.o
HAL_MspInit                                       flasher_build/obj/stm32f4xx_hal.o
HAL_NVIC_SetPriority                              flasher_build/obj/stm32f4xx_hal.o
HAL_NVIC_SetPriorityGrouping                      flasher_build/obj/stm32f4xx_hal.o
HAL_RCC_GetHCLKFreq                               flasher_build/obj/stm32f4xx_hal.o
HAL_ResumeTick                                    flasher_build/obj/stm32f4xx_hal.o
HAL_SYSTICK_Config                                flasher_build/obj/stm32f4xx_hal.o
HAL_SuspendTick                                   flasher_build/obj/stm32f4xx_hal.o
HardFaultVector                                   flasher_build/obj/vectors.o
LCD_clearDisplay                                  flasher_build/obj/axoloti_control.o
LCD_clearPixel                                    flasher_build/obj/axoloti_control.o
LCD_drawChar                                      flasher_build/obj/axoloti_control.o
LCD_drawCharInv                                   flasher_build/obj/axoloti_control.o
LCD_drawIBAR                                      flasher_build/obj/axoloti_control.o
LCD_drawIBARadd                                   flasher_build/obj/axoloti_control.o
LCD_drawNumber3D                                  flasher_build/obj/axoloti_control.o
                                                  flasher_build/obj/main.o
LCD_drawNumber3DInv                               flasher_build/obj/axoloti_control.o
LCD_drawNumber5D                                  flasher_build/obj/axoloti_control.o
LCD_drawNumber5DInv                               flasher_build/obj/axoloti_control.o
LCD_drawPixel                                     flasher_build/obj/axoloti_control.o
LCD_drawString                                    flasher_build/obj/axoloti_control.o
LCD_drawStringInv                                 flasher_build/obj/axoloti_control.o
LCD_drawStringInvN                                flasher_build/obj/axoloti_control.o
LCD_drawStringN                                   flasher_build/obj/axoloti_control.o
                                                  flasher_build/obj/main.o
LCD_getPixel                                      flasher_build/obj/axoloti_control.o
LCD_setPixel                                      flasher_build/obj/axoloti_control.o
LCD_updateBoundingBox                             flasher_build/obj/axoloti_control.o
MemManageVector                                   flasher_build/obj/vectors.o
Mutex_DMAStream_1_7                               flasher_build/obj/axoloti_board.o
                                                  flasher_build/obj/axoloti_control.o
NMIVector                                         flasher_build/obj/vectors.o
PWMD1                                             flasher_build/obj/pwm_lld.o
PWMD3                                             flasher_build/obj/pwm_lld.o
PWMD4                                             flasher_build/obj/pwm_lld.o
PWMD5                                             flasher_build/obj/pwm_lld.o
PWMD8                                             flasher_build/obj/pwm_lld.o
PendSVVector                                      flasher_build/obj/vectors.o
ResetHandler                                      flasher_build/obj/crt0.o
                                                  flasher_build/obj/vectors.o
SD1                                               flasher_build/obj/serial_lld.o
SD2                                               flasher_build/obj/serial_lld.o
                                                  flasher_build/obj/main.o
SD3                                               flasher_build/obj/serial_lld.o
SD6                                               flasher_build/obj/serial_lld.o
SDRAM_Init                                        flasher_build/obj/sdram.o
SDRAM_InitSequence                                flasher_build/obj/sdram.o
SDRAM_ReadBuffer                                  flasher_build/obj/sdram.o
                                                  flasher_build/obj/main.o
SDRAM_WriteBuffer                                 flasher_build/obj/sdram.o
SPID1                                             flasher_build/obj/spi_lld.o
SPID3                                             flasher_build/obj/spi_lld.o
                                                  flasher_build/obj/axoloti_control.o
SVCallVector                                      flasher_build/obj/chcore_v7m.o
                                                  flasher_build/obj/vectors.o
SysTickVector                                     flasher_build/obj/chcore_v7m.o
                                                  flasher_build/obj/vectors.o
UsageFaultVector                                  flasher_build/obj/vectors.o
Vector100                                         flasher_build/obj/vectors.o
Vector104                                         flasher_build/obj/vectors.o
Vector108                                         flasher_build/obj/pwm_lld.o
                                                  flasher_build/obj/vectors.o
Vector10C                                         flasher_build/obj/vectors.o
Vector110                                         flasher_build/obj/vectors.o
Vector114                                         flasher_build/obj/vectors.o
Vector118                                         flasher_build/obj/vectors.o
Vector11C                                         flasher_build/obj/vectors.o
Vector120                                         flasher_build/obj/stm32_dma.o
                                                  flasher_build/obj/vectors.o
Vector124                                         flasher_build/obj/stm32_dma.o
                                                  flasher_build/obj/vectors.o
Vector128                                         flasher_build/obj/stm32_dma.o
                                                  flasher_build/obj/vectors.o
Vector12C                                         flasher_build/obj/stm32_dma.o
                                                  flasher_build/obj/vectors.o
Vector130                                         flasher_build/obj/stm32_dma.o
                                                  flasher_build/obj/vectors.o
Vector134                                         flasher_build/obj/vectors.o
Vector138                                         flasher_build/obj/vectors.o
Vector13C                                         flasher_build/obj/vectors.o
Vector140                                         flasher_build/obj/vectors.o
Vector144                                         flasher_build/obj/vectors.o
Vector148                                         flasher_build/obj/vectors.o
Vector14C                                         flasher_build/obj/vectors.o
Vector150                                         flasher_build/obj/stm32_dma.o
                                                  flasher_build/obj/vectors.o
Vector154                                         flasher_build/obj/stm32_dma.o
                                                  flasher_build/obj/vectors.o
Vector158                                         flasher_build/obj/stm32_dma.o
                                                  flasher_build/obj/vectors.o
Vector15C                                         flasher_build/obj/serial_lld.o
                                                  flasher_build/obj/vectors.o
Vector160                                         flasher_build/obj/vectors.o
Vector164                                         flasher_build/obj/vectors.o
Vector168                                         flasher_build/obj/vectors.o
Vector16C                                         flasher_build/obj/vectors.o
Vector170                                         flasher_build/obj/vectors.o
Vector174                                         flasher_build/obj/board.o
                                                  flasher_build/obj/vectors.o
Vector178                                         flasher_build/obj/vectors.o
Vector17C                                         flasher_build/obj/vectors.o
Vector180                                         flasher_build/obj/vectors.o
Vector184                                         flasher_build/obj/vectors.o
Vector188                                         flasher_build/obj/vectors.o
Vector18C                                         flasher_build/obj/vectors.o
Vector190                                         flasher_build/obj/vectors.o
Vector194                                         flasher_build/obj/vectors.o
Vector198                                         flasher_build/obj/vectors.o
Vector19C                                         flasher_build/obj/vectors.o
Vector1A0                                         flasher_build/obj/vectors.o
Vector1A4                                         flasher_build/obj/vectors.o
Vector1A8                                         flasher_build/obj/vectors.o
Vector1C                                          flasher_build/obj/vectors.o
Vector20                                          flasher_build/obj/vectors.o
Vector24                                          flasher_build/obj/vectors.o
Vector28                                          flasher_build/obj/vectors.o
Vector34                                          flasher_build/obj/vectors.o
Vector40                                          flasher_build/obj/vectors.o
Vector44                                          flasher_build/obj/vectors.o
Vector48                                          flasher_build/obj/vectors.o
Vector4C                                          flasher_build/obj/vectors.o
Vector50                                          flasher_build/obj/vectors.o
Vector54                                          flasher_build/obj/vectors.o
Vector58                                          flasher_build/obj/vectors.o
Vector5C                                          flasher_build/obj/vectors.o
Vector60                                          flasher_build/obj/vectors.o
Vector64                                          flasher_build/obj/vectors.o
Vector68                                          flasher_build/obj/vectors.o
Vector6C                                          flasher_build/obj/stm32_dma.o
                                                  flasher_build/obj/vectors.o
Vector70                                          flasher_build/obj/stm32_dma.o
                                                  flasher_build/obj/vectors.o
Vector74                                          flasher_build/obj/stm32_dma.o
                                                  flasher_build/obj/vectors.o
Vector78                                          flasher_build/obj/stm32_dma.o
                                                  flasher_build/obj/vectors.o
Vector7C                                          flasher_build/obj/stm32_dma.o
                                                  flasher_build/obj/vectors.o
Vector80                                          flasher_build/obj/stm32_dma.o
                                                  flasher_build/obj/vectors.o
Vector84                                          flasher_build/obj/stm32_dma.o
                                                  flasher_build/obj/vectors.o
Vector88                                          flasher_build/obj/adc_lld.o
                                                  flasher_build/obj/vectors.o
Vector8C                                          flasher_build/obj/vectors.o
Vector90                                          flasher_build/obj/vectors.o
Vector94                                          flasher_build/obj/vectors.o
Vector98                                          flasher_build/obj/vectors.o
Vector9C                                          flasher_build/obj/vectors.o
VectorA0                                          flasher_build/obj/vectors.o
VectorA4                                          flasher_build/obj/pwm_lld.o
                                                  flasher_build/obj/vectors.o
VectorA8                                          flasher_build/obj/vectors.o
VectorAC                                          flasher_build/obj/pwm_lld.o
                                                  flasher_build/obj/vectors.o
VectorB0                                          flasher_build/obj/vectors.o
VectorB4                                          flasher_build/obj/pwm_lld.o
                                                  flasher_build/obj/vectors.o
VectorB8                                          flasher_build/obj/pwm_lld.o
                                                  flasher_build/obj/vectors.o
VectorBC                                          flasher_build/obj/vectors.o
VectorC0                                          flasher_build/obj/vectors.o
VectorC4                                          flasher_build/obj/vectors.o
VectorC8                                          flasher_build/obj/vectors.o
VectorCC                                          flasher_build/obj/vectors.o
VectorD0                                          flasher_build/obj/vectors.o
VectorD4                                          flasher_build/obj/serial_lld.o
                                                  flasher_build/obj/vectors.o
VectorD8                                          flasher_build/obj/serial_lld.o
                                                  flasher_build/obj/vectors.o
VectorDC                                          flasher_build/obj/serial_lld.o
                                                  flasher_build/obj/vectors.o
VectorE0                                          flasher_build/obj/vectors.o
VectorE4                                          flasher_build/obj/vectors.o
VectorE8                                          flasher_build/obj/vectors.o
VectorEC                                          flasher_build/obj/vectors.o
VectorF0                                          flasher_build/obj/pwm_lld.o
                                                  flasher_build/obj/vectors.o
VectorF4                                          flasher_build/obj/vectors.o
VectorF8                                          flasher_build/obj/pwm_lld.o
                                                  flasher_build/obj/vectors.o
VectorFC                                          flasher_build/obj/stm32_dma.o
                                                  flasher_build/obj/vectors.o
__HAL_FLASH_DATA_CACHE_ENABLE                     flasher_build/obj/stm32f4xx_hal.o
__HAL_FLASH_INSTRUCTION_CACHE_ENABLE              flasher_build/obj/stm32f4xx_hal.o
__HAL_FLASH_PREFETCH_BUFFER_ENABLE                flasher_build/obj/stm32f4xx_hal.o
__ctype_ptr__                                     /Applications/axoloti_runtime/platform_osx/bin/../lib/gcc/arm-none-eabi/4.9.3/../../../../arm-none-eabi/lib/armv7e-m/fpu/libg.a(lib_a-ctype_.o)
                                                  /Applications/axoloti_runtime/platform_osx/bin/../lib/gcc/arm-none-eabi/4.9.3/../../../../arm-none-eabi/lib/armv7e-m/fpu/libg.a(lib_a-strcasecmp.o)
__early_init                                      flasher_build/obj/board.o
                                                  flasher_build/obj/crt0.o
__fini_array_end                                  flasher_build/obj/crt0.o
__fini_array_start                                flasher_build/obj/crt0.o
__init_array_end                                  flasher_build/obj/crt0.o
__init_array_start                                flasher_build/obj/crt0.o
__late_init                                       flasher_build/obj/crt0.o
__main_stack_base__                               flasher_build/obj/crt0.o
__main_stack_end__                                flasher_build/obj/vectors.o
                                                  flasher_build/obj/crt0.o
__process_stack_base__                            flasher_build/obj/crt0.o
__process_stack_end__                             flasher_build/obj/crt0.o
_bss_end                                          flasher_build/obj/crt0.o
_bss_start                                        flasher_build/obj/crt0.o
_ctype_                                           /Applications/axoloti_runtime/platform_osx/bin/../lib/gcc/arm-none-eabi/4.9.3/../../../../arm-none-eabi/lib/armv7e-m/fpu/libg.a(lib_a-ctype_.o)
_data                                             flasher_build/obj/crt0.o
_default_exit                                     flasher_build/obj/crt0.o
_edata                                            flasher_build/obj/crt0.o
_idle_thread                                      flasher_build/obj/chsys.o
_idle_thread_wa                                   flasher_build/obj/chsys.o
_pal_lld_init                                     flasher_build/obj/pal_lld.o
                                                  flasher_build/obj/hal.o
_pal_lld_setgroupmode                             flasher_build/obj/pal_lld.o
                                                  flasher_build/obj/main.o
                                                  flasher_build/obj/axoloti_board.o
                                                  flasher_build/obj/axoloti_control.o
                                                  flasher_build/obj/pal.o
_port_init                                        flasher_build/obj/chcore_v7m.o
                                                  flasher_build/obj/chsys.o
_port_irq_epilogue                                flasher_build/obj/chcore_v7m.o
                                                  flasher_build/obj/serial_lld.o
                                                  flasher_build/obj/pwm_lld.o
                                                  flasher_build/obj/adc_lld.o
                                                  flasher_build/obj/stm32_dma.o
_port_switch                                      flasher_build/obj/chcore_v7m.o
                                                  flasher_build/obj/chschd.o
_port_switch_from_isr                             flasher_build/obj/chcore_v7m.o
_port_thread_start                                flasher_build/obj/chcore_v7m.o
                                                  flasher_build/obj/chthreads.o
_scheduler_init                                   flasher_build/obj/chschd.o
                                                  flasher_build/obj/chsys.o
_stm32_dma_streams                                flasher_build/obj/stm32_dma.o
                                                  flasher_build/obj/spi_lld.o
                                                  flasher_build/obj/adc_lld.o
_textdata                                         flasher_build/obj/crt0.o
_thread_init                                      flasher_build/obj/chthreads.o
                                                  flasher_build/obj/chsys.o
_unhandled_exception                              flasher_build/obj/vectors.o
_vectors                                          flasher_build/obj/vectors.o
                                                  flasher_build/obj/board.o
_vt_init                                          flasher_build/obj/chvt.o
                                                  flasher_build/obj/chsys.o
adcAcquireBus                                     flasher_build/obj/adc.o
adcConvert                                        flasher_build/obj/adc.o
adcInit                                           flasher_build/obj/adc.o
                                                  flasher_build/obj/hal.o
adcObjectInit                                     flasher_build/obj/adc.o
                                                  flasher_build/obj/adc_lld.o
adcReleaseBus                                     flasher_build/obj/adc.o
adcSTM32DisableTSVREFE                            flasher_build/obj/adc_lld.o
adcSTM32DisableVBATE                              flasher_build/obj/adc_lld.o
adcSTM32EnableTSVREFE                             flasher_build/obj/adc_lld.o
                                                  flasher_build/obj/axoloti_board.o
adcSTM32EnableVBATE                               flasher_build/obj/adc_lld.o
adcStart                                          flasher_build/obj/adc.o
                                                  flasher_build/obj/axoloti_board.o
adcStartConversion                                flasher_build/obj/adc.o